06-14 14:51:27.623     0     0 I CAM_WARN: CAM-CORE: cam_context_handle_flush_dev: 547 No flush device in dev 2687259, state 4
06-14 14:51:27.625     0     0 I CAM_INFO: CAM-SENSOR: cam_sensor_driver_cmd: 1391 21:51:27.690 CAM_STOP_DEV Success for imx471 sensor_id:0x471,sensor_slave_addr:0x34
06-14 14:51:27.626     0     0 I CAM_INFO: CAM-ISP: cam_ife_mgr_release_hw: 11425 21:51:27.690 Release HW success ctx id: 8
06-14 14:51:27.628     0     0 I CAM_INFO: CAM-SENSOR: cam_sensor_driver_cmd: 1391 21:51:27.693 CAM_STOP_DEV Success for imx471 sensor_id:0x471,sensor_slave_addr:0x34
06-14 14:51:27.629     0     0 I CAM_INFO: CAM-ISP: cam_ife_mgr_release_hw: 11425 21:51:27.693 Release HW success ctx id: 9
06-14 14:51:27.632     0     0 I CAM_INFO: CAM-SENSOR: cam_sensor_driver_cmd: 1270 CAM_RELEASE_DEV Success for imx471 sensor_id:0x471, slave_addr:0x34
06-14 14:51:27.650     0     0 I CAM_INFO: CAM-SENSOR: cam_sensor_driver_cmd: 1270 CAM_RELEASE_DEV Success for imx471 sensor_id:0x471, slave_addr:0x34
06-14 14:51:30.355     0     0 W healthd : battery l=94 v=4056 t=36.0 h=2 st=3 c=-2057790 fc=4411000 cc=102 chg=
06-14 14:51:30.705     0     0 I msm_cvp : warn: DBLP Set: status 0 0
06-14 14:51:30.706     0     0 I msm_cvp : pwr: cvp (eva) power collapsed
06-14 14:51:31.583     0     0 I msm_cvp : pwr: cvp (eva) powered on
06-14 14:51:31.709     0     0 I msm_cvp : warn: Failed flush DSP frame retried 62
06-14 14:51:31.710     0     0 I synx    : info: synx_client_destroy: 1352: [sess :25] session removed cvp-kernel-client
06-14 14:51:31.710     0     0 I msm_cvp : sess: Closed cvp instance: 0000000000000000 session_id = 2147418135
06-14 14:51:31.710     0     0 I         : Info: adsprpc (8222): 577: 577: cvp-dsp-thread: fastrpc_driver_unregister: Un-registering fastrpc driver qcom,fastcv0 with handle 1257
06-14 14:51:32.392     0     0 I CAM_INFO: CAM-SENSOR: cam_sensor_driver_cmd: 1211 CAM_ACQUIRE_DEV Success for imx471 id:0x471,slave-addr:0x34 crm:[0]
06-14 14:51:32.397    21    21 I CAM_INFO: CAM-SMMU: cam_smmu_map_user_iova: 3257 fd=864 already in list [21:51:32:461] cb=ife idx=0 handle=18388 len=573440,give same addr back
06-14 14:51:32.397    21    21 I CAM_INFO: CAM-SMMU: cam_smmu_map_user_iova: 3257 fd=865 already in list [21:51:32:461] cb=ife idx=0 handle=18388 len=471040,give same addr back
06-14 14:51:32.397    21    21 I CAM_INFO: CAM-SMMU: cam_smmu_map_user_iova: 3257 fd=866 already in list [21:51:32:462] cb=ife idx=0 handle=18388 len=495616,give same addr back
06-14 14:51:32.410     0     0 I CAM_INFO: CAM-SENSOR: cam_sensor_driver_cmd: 1211 CAM_ACQUIRE_DEV Success for imx471 id:0x471,slave-addr:0x34 crm:[0]
06-14 14:51:32.415    21    21 I CAM_INFO: CAM-SMMU: cam_smmu_map_user_iova: 3257 fd=933 already in list [21:51:32:479] cb=ife idx=0 handle=18388 len=573440,give same addr back
06-14 14:51:32.415    21    21 I CAM_INFO: CAM-SMMU: cam_smmu_map_user_iova: 3257 fd=934 already in list [21:51:32:479] cb=ife idx=0 handle=18388 len=471040,give same addr back
06-14 14:51:32.415    21    21 I CAM_INFO: CAM-SMMU: cam_smmu_map_user_iova: 3257 fd=936 already in list [21:51:32:479] cb=ife idx=0 handle=18388 len=495616,give same addr back
06-14 14:51:32.421     0     0 I CAM_INFO: CAM-CRM: cam_req_mgr_link_v3: 4951 link reserved 0000000000000000 0 trigger_type:1 num_devs:2 sess_hdl:14090772 no_crm:4
06-14 14:51:32.421     0     0 I CAM_INFO: CAM-ISP: cam_ife_hw_mgr_print_acquire_info: 2027 21:51:32.486 Acquired Single IFE[1] with [9 pix] [0 pd] [0 rdi] ports for ctx:10 per_port_enabled :0 sensor:-559038737 ul: 0
06-14 14:51:32.421     0     0 I CAM_INFO: CAM-ISP: __cam_isp_ctx_acquire_hw_v2: 9792 NO CRM session,top state machine assigned for no crm ctx 10
06-14 14:51:32.425     0     0 I CAM_INFO: CAM-ISP: __cam_isp_ctx_start_dev_in_ready: 10826 Start IFE device ctx 10 with irq state machine [Activated State Machine IRQ] in initial SubState [SOF] UL_path 0
06-14 14:51:32.425     0     0 I CAM_INFO: CAM-SENSOR: cam_sensor_driver_cmd: 1352 21:51:32.490 CAM_START_DEV[5] Success for imx471 sensor_id:0x471,sensor_slave_addr:0x34
06-14 14:51:32.425     0     0 I CAM_INFO: CAM-CRM: cam_req_mgr_link_v3: 4951 link reserved 0000000000000000 0 trigger_type:1 num_devs:2 sess_hdl:14090772 no_crm:4
06-14 14:51:32.426     0     0 I CAM_INFO: CAM-ISP: cam_ife_hw_mgr_print_acquire_info: 2027 21:51:32.490 Acquired Single IFE[0] with [9 pix] [0 pd] [0 rdi] ports for ctx:11 per_port_enabled :0 sensor:-559038737 ul: 0
06-14 14:51:32.426     0     0 I CAM_INFO: CAM-ISP: __cam_isp_ctx_acquire_hw_v2: 9792 NO CRM session,top state machine assigned for no crm ctx 11
06-14 14:51:32.430     0     0 I CAM_INFO: CAM-ISP: __cam_isp_ctx_start_dev_in_ready: 10826 Start IFE device ctx 11 with irq state machine [Activated State Machine IRQ] in initial SubState [SOF] UL_path 0
06-14 14:51:32.430     0     0 I CAM_INFO: CAM-SENSOR: cam_sensor_driver_cmd: 1352 21:51:32.494 CAM_START_DEV[4] Success for imx471 sensor_id:0x471,sensor_slave_addr:0x34
06-14 14:51:33.231     0     0 I         : Info: adsprpc (8241): 577: 577: cvp-dsp-thread: fastrpc_driver_register: fastrpc driver qcom,fastcv0 registered with handle 1257
06-14 14:51:33.231     0     0 I msm_cvp : sess: Opening cvp instance: 0000000000000000 pid = 577 tgid = 577
06-14 14:51:33.232     0     0 I synx    : info: synx_initialize: 2303: [sess :26] session created cvp-kernel-client
06-14 14:51:35.912     0     0 I CAM_INFO: CAM-ISP: __cam_isp_ctx_flush_req_in_top_state: 6201 Last request id to flush is 172, ctx_id:10
06-14 14:51:35.912     0     0 I CAM_INFO: CAM-ISP: __cam_isp_ctx_flush_req_in_top_state: 6223 Stop HW complete. Reset HW next.
06-14 14:51:35.912     0     0 I CAM_INFO: CAM-ISP: __cam_isp_ctx_flush_req_in_top_state: 6201 Last request id to flush is 172, ctx_id:11
06-14 14:51:35.913     0     0 I CAM_INFO: CAM-ISP: __cam_isp_ctx_flush_req_in_top_state: 6223 Stop HW complete. Reset HW next.
06-14 14:51:35.913     0     0 I CAM_WARN: CAM-CORE: cam_context_handle_flush_dev: 547 No flush device in dev 4063511, state 4
06-14 14:51:35.913     0     0 I CAM_WARN: CAM-CORE: cam_context_handle_flush_dev: 547 No flush device in dev 9044251, state 4
06-14 14:51:35.944     0     0 I CAM_WARN: CAM-CORE: cam_context_handle_flush_dev: 547 No flush device in dev 4063511, state 4
06-14 14:51:35.944     0     0 I CAM_WARN: CAM-CORE: cam_context_handle_flush_dev: 547 No flush device in dev 9044251, state 4
06-14 14:51:35.944     0     0 I CAM_WARN: CAM-CORE: cam_context_handle_flush_dev: 547 No flush device in dev 4063511, state 4
06-14 14:51:35.944     0     0 I CAM_WARN: CAM-CORE: cam_context_handle_flush_dev: 547 No flush device in dev 9044251, state 4
06-14 14:51:35.947     0     0 I CAM_INFO: CAM-SENSOR: cam_sensor_driver_cmd: 1391 21:51:36.11 CAM_STOP_DEV Success for imx471 sensor_id:0x471,sensor_slave_addr:0x34
06-14 14:51:35.948     0     0 I CAM_INFO: CAM-ISP: cam_ife_mgr_release_hw: 11425 21:51:36.12 Release HW success ctx id: 10
06-14 14:51:35.950     0     0 I CAM_INFO: CAM-SENSOR: cam_sensor_driver_cmd: 1391 21:51:36.14 CAM_STOP_DEV Success for imx471 sensor_id:0x471,sensor_slave_addr:0x34
06-14 14:51:35.950     0     0 I CAM_INFO: CAM-ISP: cam_ife_mgr_release_hw: 11425 21:51:36.14 Release HW success ctx id: 11
06-14 14:51:35.953     0     0 I CAM_INFO: CAM-SENSOR: cam_sensor_driver_cmd: 1270 CAM_RELEASE_DEV Success for imx471 sensor_id:0x471, slave_addr:0x34
06-14 14:51:35.972     0     0 I CAM_INFO: CAM-SENSOR: cam_sensor_driver_cmd: 1270 CAM_RELEASE_DEV Success for imx471 sensor_id:0x471, slave_addr:0x34
06-14 14:51:36.660     0     0 I CAM_INFO: CAM-SENSOR: cam_sensor_driver_cmd: 1211 CAM_ACQUIRE_DEV Success for imx471 id:0x471,slave-addr:0x34 crm:[0]
06-14 14:51:36.665    21    21 I CAM_INFO: CAM-SMMU: cam_smmu_map_user_iova: 3257 fd=864 already in list [21:51:36:729] cb=ife idx=0 handle=18388 len=573440,give same addr back
06-14 14:51:36.665    21    21 I CAM_INFO: CAM-SMMU: cam_smmu_map_user_iova: 3257 fd=865 already in list [21:51:36:729] cb=ife idx=0 handle=18388 len=471040,give same addr back
06-14 14:51:36.665    21    21 I CAM_INFO: CAM-SMMU: cam_smmu_map_user_iova: 3257 fd=866 already in list [21:51:36:729] cb=ife idx=0 handle=18388 len=495616,give same addr back
06-14 14:51:36.680     0     0 I CAM_INFO: CAM-SENSOR: cam_sensor_driver_cmd: 1211 CAM_ACQUIRE_DEV Success for imx471 id:0x471,slave-addr:0x34 crm:[0]
06-14 14:51:36.687    21    21 I CAM_INFO: CAM-SMMU: cam_smmu_map_user_iova: 3257 fd=933 already in list [21:51:36:751] cb=ife idx=0 handle=18388 len=573440,give same addr back
06-14 14:51:36.687    21    21 I CAM_INFO: CAM-SMMU: cam_smmu_map_user_iova: 3257 fd=934 already in list [21:51:36:752] cb=ife idx=0 handle=18388 len=471040,give same addr back
06-14 14:51:36.688    21    21 I CAM_INFO: CAM-SMMU: cam_smmu_map_user_iova: 3257 fd=936 already in list [21:51:36:752] cb=ife idx=0 handle=18388 len=495616,give same addr back
06-14 14:51:36.694     0     0 I CAM_INFO: CAM-CRM: cam_req_mgr_link_v3: 4951 link reserved 0000000000000000 0 trigger_type:1 num_devs:2 sess_hdl:12911124 no_crm:4
06-14 14:51:36.694     0     0 I CAM_INFO: CAM-ISP: cam_ife_hw_mgr_print_acquire_info: 2027 21:51:36.759 Acquired Single IFE[1] with [9 pix] [0 pd] [0 rdi] ports for ctx:4 per_port_enabled :0 sensor:-559038737 ul: 0
06-14 14:51:36.694     0     0 I CAM_INFO: CAM-ISP: __cam_isp_ctx_acquire_hw_v2: 9792 NO CRM session,top state machine assigned for no crm ctx 4
06-14 14:51:36.699     0     0 I CAM_INFO: CAM-ISP: __cam_isp_ctx_start_dev_in_ready: 10826 Start IFE device ctx 4 with irq state machine [Activated State Machine IRQ] in initial SubState [SOF] UL_path 0
06-14 14:51:36.700     0     0 I CAM_INFO: CAM-SENSOR: cam_sensor_driver_cmd: 1352 21:51:36.765 CAM_START_DEV[5] Success for imx471 sensor_id:0x471,sensor_slave_addr:0x34
06-14 14:51:36.700     0     0 I CAM_INFO: CAM-CRM: cam_req_mgr_link_v3: 4951 link reserved 0000000000000000 0 trigger_type:1 num_devs:2 sess_hdl:12911124 no_crm:4
06-14 14:51:36.701     0     0 I CAM_INFO: CAM-ISP: cam_ife_hw_mgr_print_acquire_info: 2027 21:51:36.765 Acquired Single IFE[0] with [9 pix] [0 pd] [0 rdi] ports for ctx:5 per_port_enabled :0 sensor:-559038737 ul: 0
06-14 14:51:36.701     0     0 I CAM_INFO: CAM-ISP: __cam_isp_ctx_acquire_hw_v2: 9792 NO CRM session,top state machine assigned for no crm ctx 5
06-14 14:51:36.706     0     0 I CAM_INFO: CAM-ISP: __cam_isp_ctx_start_dev_in_ready: 10826 Start IFE device ctx 5 with irq state machine [Activated State Machine IRQ] in initial SubState [SOF] UL_path 0
06-14 14:51:36.706     0     0 I CAM_INFO: CAM-SENSOR: cam_sensor_driver_cmd: 1352 21:51:36.770 CAM_START_DEV[4] Success for imx471 sensor_id:0x471,sensor_slave_addr:0x34
06-14 14:51:38.233     0     0 I CAM_INFO: CAM-ISP: __cam_isp_ctx_flush_req_in_top_state: 6201 Last request id to flush is 74, ctx_id:4
06-14 14:51:38.233     0     0 I CAM_INFO: CAM-ISP: __cam_isp_ctx_flush_req_in_top_state: 6223 Stop HW complete. Reset HW next.
06-14 14:51:38.233     0     0 I CAM_INFO: CAM-ISP: __cam_isp_ctx_flush_req_in_top_state: 6201 Last request id to flush is 74, ctx_id:5
06-14 14:51:38.234     0     0 I CAM_INFO: CAM-ISP: __cam_isp_ctx_flush_req_in_top_state: 6223 Stop HW complete. Reset HW next.
06-14 14:51:38.234     0     0 I CAM_WARN: CAM-CORE: cam_context_handle_flush_dev: 547 No flush device in dev 12714263, state 4
06-14 14:51:38.234     0     0 I CAM_WARN: CAM-CORE: cam_context_handle_flush_dev: 547 No flush device in dev 3801371, state 4
06-14 14:51:38.264     0     0 I CAM_WARN: CAM-CORE: cam_context_handle_flush_dev: 547 No flush device in dev 12714263, state 4
06-14 14:51:38.264     0     0 I CAM_WARN: CAM-CORE: cam_context_handle_flush_dev: 547 No flush device in dev 3801371, state 4
06-14 14:51:38.264     0     0 I CAM_WARN: CAM-CORE: cam_context_handle_flush_dev: 547 No flush device in dev 12714263, state 4
06-14 14:51:38.264     0     0 I CAM_WARN: CAM-CORE: cam_context_handle_flush_dev: 547 No flush device in dev 3801371, state 4
06-14 14:51:38.266     0     0 I CAM_INFO: CAM-SENSOR: cam_sensor_driver_cmd: 1391 21:51:38.330 CAM_STOP_DEV Success for imx471 sensor_id:0x471,sensor_slave_addr:0x34
06-14 14:51:38.267     0     0 I CAM_INFO: CAM-ISP: cam_ife_mgr_release_hw: 11425 21:51:38.331 Release HW success ctx id: 4
06-14 14:51:38.269     0     0 I CAM_INFO: CAM-SENSOR: cam_sensor_driver_cmd: 1391 21:51:38.333 CAM_STOP_DEV Success for imx471 sensor_id:0x471,sensor_slave_addr:0x34
06-14 14:51:38.269     0     0 I CAM_INFO: CAM-ISP: cam_ife_mgr_release_hw: 11425 21:51:38.334 Release HW success ctx id: 5
06-14 14:51:38.272     0     0 I CAM_INFO: CAM-SENSOR: cam_sensor_driver_cmd: 1270 CAM_RELEASE_DEV Success for imx471 sensor_id:0x471, slave_addr:0x34
06-14 14:51:38.291     0     0 I CAM_INFO: CAM-SENSOR: cam_sensor_driver_cmd: 1270 CAM_RELEASE_DEV Success for imx471 sensor_id:0x471, slave_addr:0x34
06-14 14:51:38.676     0     0 I CAM_INFO: CAM-SENSOR: cam_sensor_driver_cmd: 1211 CAM_ACQUIRE_DEV Success for imx471 id:0x471,slave-addr:0x34 crm:[0]
06-14 14:51:38.684    21    21 I CAM_INFO: CAM-SMMU: cam_smmu_map_user_iova: 3257 fd=864 already in list [21:51:38:748] cb=ife idx=0 handle=18388 len=573440,give same addr back
06-14 14:51:38.686    21    21 I CAM_INFO: CAM-SMMU: cam_smmu_map_user_iova: 3257 fd=865 already in list [21:51:38:751] cb=ife idx=0 handle=18388 len=471040,give same addr back
06-14 14:51:38.687    21    21 I CAM_INFO: CAM-SMMU: cam_smmu_map_user_iova: 3257 fd=866 already in list [21:51:38:751] cb=ife idx=0 handle=18388 len=495616,give same addr back
06-14 14:51:38.700     0     0 I CAM_INFO: CAM-SENSOR: cam_sensor_driver_cmd: 1211 CAM_ACQUIRE_DEV Success for imx471 id:0x471,slave-addr:0x34 crm:[0]
06-14 14:51:38.706    21    21 I CAM_INFO: CAM-SMMU: cam_smmu_map_user_iova: 3257 fd=933 already in list [21:51:38:771] cb=ife idx=0 handle=18388 len=573440,give same addr back
06-14 14:51:38.707    21    21 I CAM_INFO: CAM-SMMU: cam_smmu_map_user_iova: 3257 fd=934 already in list [21:51:38:771] cb=ife idx=0 handle=18388 len=471040,give same addr back
06-14 14:51:38.707    21    21 I CAM_INFO: CAM-SMMU: cam_smmu_map_user_iova: 3257 fd=936 already in list [21:51:38:771] cb=ife idx=0 handle=18388 len=495616,give same addr back
06-14 14:51:38.712     0     0 I CAM_INFO: CAM-CRM: cam_req_mgr_link_v3: 4951 link reserved 0000000000000000 0 trigger_type:1 num_devs:2 sess_hdl:13369876 no_crm:4
06-14 14:51:38.713     0     0 I CAM_INFO: CAM-ISP: cam_ife_hw_mgr_print_acquire_info: 2027 21:51:38.777 Acquired Single IFE[1] with [9 pix] [0 pd] [0 rdi] ports for ctx:14 per_port_enabled :0 sensor:-559038737 ul: 0
06-14 14:51:38.713     0     0 I CAM_INFO: CAM-ISP: __cam_isp_ctx_acquire_hw_v2: 9792 NO CRM session,top state machine assigned for no crm ctx 14
06-14 14:51:38.716     0     0 I CAM_INFO: CAM-ISP: __cam_isp_ctx_start_dev_in_ready: 10826 Start IFE device ctx 14 with irq state machine [Activated State Machine IRQ] in initial SubState [SOF] UL_path 0
06-14 14:51:38.717     0     0 I CAM_INFO: CAM-SENSOR: cam_sensor_driver_cmd: 1352 21:51:38.781 CAM_START_DEV[5] Success for imx471 sensor_id:0x471,sensor_slave_addr:0x34
06-14 14:51:38.717     0     0 I CAM_INFO: CAM-CRM: cam_req_mgr_link_v3: 4951 link reserved 0000000000000000 0 trigger_type:1 num_devs:2 sess_hdl:13369876 no_crm:4
06-14 14:51:38.717     0     0 I CAM_INFO: CAM-ISP: cam_ife_hw_mgr_print_acquire_info: 2027 21:51:38.782 Acquired Single IFE[0] with [9 pix] [0 pd] [0 rdi] ports for ctx:15 per_port_enabled :0 sensor:-559038737 ul: 0
06-14 14:51:38.717     0     0 I CAM_INFO: CAM-ISP: __cam_isp_ctx_acquire_hw_v2: 9792 NO CRM session,top state machine assigned for no crm ctx 15
06-14 14:51:38.721     0     0 I CAM_INFO: CAM-ISP: __cam_isp_ctx_start_dev_in_ready: 10826 Start IFE device ctx 15 with irq state machine [Activated State Machine IRQ] in initial SubState [SOF] UL_path 0
06-14 14:51:38.722     0     0 I CAM_INFO: CAM-SENSOR: cam_sensor_driver_cmd: 1352 21:51:38.786 CAM_START_DEV[4] Success for imx471 sensor_id:0x471,sensor_slave_addr:0x34
06-14 14:51:40.365     0     0 W healthd : battery l=94 v=4046 t=36.0 h=2 st=3 c=-2151908 fc=4411000 cc=102 chg=
06-14 14:51:41.035     0     0 I CAM_INFO: CAM-ISP: __cam_isp_ctx_flush_req_in_top_state: 6201 Last request id to flush is 114, ctx_id:14
06-14 14:51:41.035     0     0 I CAM_INFO: CAM-ISP: __cam_isp_ctx_flush_req_in_top_state: 6223 Stop HW complete. Reset HW next.
06-14 14:51:41.036     0     0 I CAM_INFO: CAM-ISP: __cam_isp_ctx_flush_req_in_top_state: 6201 Last request id to flush is 114, ctx_id:15
06-14 14:51:41.036     0     0 I CAM_INFO: CAM-ISP: __cam_isp_ctx_flush_req_in_top_state: 6223 Stop HW complete. Reset HW next.
06-14 14:51:41.036     0     0 I CAM_WARN: CAM-CORE: cam_context_handle_flush_dev: 547 No flush device in dev 13041943, state 4
06-14 14:51:41.036     0     0 I CAM_WARN: CAM-CORE: cam_context_handle_flush_dev: 547 No flush device in dev 4063515, state 4
06-14 14:51:41.066     0     0 I CAM_WARN: CAM-CORE: cam_context_handle_flush_dev: 547 No flush device in dev 13041943, state 4
06-14 14:51:41.066     0     0 I CAM_WARN: CAM-CORE: cam_context_handle_flush_dev: 547 No flush device in dev 4063515, state 4
06-14 14:51:41.066     0     0 I CAM_WARN: CAM-CORE: cam_context_handle_flush_dev: 547 No flush device in dev 13041943, state 4
06-14 14:51:41.066     0     0 I CAM_WARN: CAM-CORE: cam_context_handle_flush_dev: 547 No flush device in dev 4063515, state 4
06-14 14:51:41.068     0     0 I CAM_INFO: CAM-SENSOR: cam_sensor_driver_cmd: 1391 21:51:41.132 CAM_STOP_DEV Success for imx471 sensor_id:0x471,sensor_slave_addr:0x34
06-14 14:51:41.068     0     0 I CAM_INFO: CAM-ISP: cam_ife_mgr_release_hw: 11425 21:51:41.133 Release HW success ctx id: 14
06-14 14:51:41.070     0     0 I CAM_INFO: CAM-SENSOR: cam_sensor_driver_cmd: 1391 21:51:41.134 CAM_STOP_DEV Success for imx471 sensor_id:0x471,sensor_slave_addr:0x34
06-14 14:51:41.070     0     0 I CAM_INFO: CAM-ISP: cam_ife_mgr_release_hw: 11425 21:51:41.134 Release HW success ctx id: 15
06-14 14:51:41.074     0     0 I CAM_INFO: CAM-SENSOR: cam_sensor_driver_cmd: 1270 CAM_RELEASE_DEV Success for imx471 sensor_id:0x471, slave_addr:0x34
06-14 14:51:41.091     0     0 I CAM_INFO: CAM-SENSOR: cam_sensor_driver_cmd: 1270 CAM_RELEASE_DEV Success for imx471 sensor_id:0x471, slave_addr:0x34
06-14 14:51:42.861     0     0 I msm_cvp : warn: DBLP Set: status 0 0
06-14 14:51:42.862     0     0 I msm_cvp : pwr: cvp (eva) power collapsed
06-14 14:51:44.582     0     0 I CAM_INFO: CAM-SENSOR: cam_sensor_driver_cmd: 1211 CAM_ACQUIRE_DEV Success for imx471 id:0x471,slave-addr:0x34 crm:[0]
06-14 14:51:44.587    21    21 I CAM_INFO: CAM-SMMU: cam_smmu_map_user_iova: 3257 fd=864 already in list [21:51:44:651] cb=ife idx=0 handle=18388 len=573440,give same addr back
06-14 14:51:44.587    21    21 I CAM_INFO: CAM-SMMU: cam_smmu_map_user_iova: 3257 fd=865 already in list [21:51:44:651] cb=ife idx=0 handle=18388 len=471040,give same addr back
06-14 14:51:44.588    21    21 I CAM_INFO: CAM-SMMU: cam_smmu_map_user_iova: 3257 fd=866 already in list [21:51:44:652] cb=ife idx=0 handle=18388 len=495616,give same addr back
06-14 14:51:44.604     0     0 I CAM_INFO: CAM-SENSOR: cam_sensor_driver_cmd: 1211 CAM_ACQUIRE_DEV Success for imx471 id:0x471,slave-addr:0x34 crm:[0]
06-14 14:51:44.612    21    21 I CAM_INFO: CAM-SMMU: cam_smmu_map_user_iova: 3257 fd=933 already in list [21:51:44:676] cb=ife idx=0 handle=18388 len=573440,give same addr back
06-14 14:51:44.612    21    21 I CAM_INFO: CAM-SMMU: cam_smmu_map_user_iova: 3257 fd=934 already in list [21:51:44:676] cb=ife idx=0 handle=18388 len=471040,give same addr back
06-14 14:51:44.612    21    21 I CAM_INFO: CAM-SMMU: cam_smmu_map_user_iova: 3257 fd=936 already in list [21:51:44:676] cb=ife idx=0 handle=18388 len=495616,give same addr back
06-14 14:51:44.623     0     0 I CAM_INFO: CAM-CRM: cam_req_mgr_link_v3: 4951 link reserved 0000000000000000 0 trigger_type:1 num_devs:2 sess_hdl:4588052 no_crm:4
06-14 14:51:44.623     0     0 I CAM_INFO: CAM-ISP: cam_ife_hw_mgr_print_acquire_info: 2027 21:51:44.688 Acquired Single IFE[1] with [9 pix] [0 pd] [0 rdi] ports for ctx:0 per_port_enabled :0 sensor:-559038737 ul: 0
06-14 14:51:44.623     0     0 I CAM_INFO: CAM-ISP: __cam_isp_ctx_acquire_hw_v2: 9792 NO CRM session,top state machine assigned for no crm ctx 0
06-14 14:51:44.628     0     0 I CAM_INFO: CAM-ISP: __cam_isp_ctx_start_dev_in_ready: 10826 Start IFE device ctx 0 with irq state machine [Activated State Machine IRQ] in initial SubState [SOF] UL_path 0
06-14 14:51:44.628     0     0 I CAM_INFO: CAM-SENSOR: cam_sensor_driver_cmd: 1352 21:51:44.692 CAM_START_DEV[5] Success for imx471 sensor_id:0x471,sensor_slave_addr:0x34
06-14 14:51:44.628     0     0 I CAM_INFO: CAM-CRM: cam_req_mgr_link_v3: 4951 link reserved 0000000000000000 0 trigger_type:1 num_devs:2 sess_hdl:4588052 no_crm:4
06-14 14:51:44.629     0     0 I CAM_INFO: CAM-ISP: cam_ife_hw_mgr_print_acquire_info: 2027 21:51:44.693 Acquired Single IFE[0] with [9 pix] [0 pd] [0 rdi] ports for ctx:1 per_port_enabled :0 sensor:-559038737 ul: 0
06-14 14:51:44.629     0     0 I CAM_INFO: CAM-ISP: __cam_isp_ctx_acquire_hw_v2: 9792 NO CRM session,top state machine assigned for no crm ctx 1
06-14 14:51:44.633     0     0 I CAM_INFO: CAM-ISP: __cam_isp_ctx_start_dev_in_ready: 10826 Start IFE device ctx 1 with irq state machine [Activated State Machine IRQ] in initial SubState [SOF] UL_path 0
06-14 14:51:44.634     0     0 I CAM_INFO: CAM-SENSOR: cam_sensor_driver_cmd: 1352 21:51:44.698 CAM_START_DEV[4] Success for imx471 sensor_id:0x471,sensor_slave_addr:0x34
06-14 14:51:44.724     0     0 I msm_cvp : pwr: cvp (eva) powered on
06-14 14:51:46.756     0     0 I CAM_INFO: CAM-ISP: __cam_isp_ctx_flush_req_in_top_state: 6201 Last request id to flush is 104, ctx_id:0
06-14 14:51:46.756     0     0 I CAM_INFO: CAM-ISP: __cam_isp_ctx_flush_req_in_top_state: 6223 Stop HW complete. Reset HW next.
06-14 14:51:46.756     0     0 I CAM_INFO: CAM-ISP: __cam_isp_ctx_flush_req_in_top_state: 6201 Last request id to flush is 104, ctx_id:1
06-14 14:51:46.756     0     0 I CAM_INFO: CAM-ISP: __cam_isp_ctx_flush_req_in_top_state: 6223 Stop HW complete. Reset HW next.
06-14 14:51:46.757     0     0 I CAM_WARN: CAM-CORE: cam_context_handle_flush_dev: 547 No flush device in dev 9437463, state 4
06-14 14:51:46.757     0     0 I CAM_WARN: CAM-CORE: cam_context_handle_flush_dev: 547 No flush device in dev 11731227, state 4
06-14 14:51:46.786     0     0 I CAM_WARN: CAM-CORE: cam_context_handle_flush_dev: 547 No flush device in dev 9437463, state 4
06-14 14:51:46.786     0     0 I CAM_WARN: CAM-CORE: cam_context_handle_flush_dev: 547 No flush device in dev 11731227, state 4
06-14 14:51:46.786     0     0 I CAM_WARN: CAM-CORE: cam_context_handle_flush_dev: 547 No flush device in dev 9437463, state 4
06-14 14:51:46.786     0     0 I CAM_WARN: CAM-CORE: cam_context_handle_flush_dev: 547 No flush device in dev 11731227, state 4
06-14 14:51:46.788     0     0 I CAM_INFO: CAM-SENSOR: cam_sensor_driver_cmd: 1391 21:51:46.852 CAM_STOP_DEV Success for imx471 sensor_id:0x471,sensor_slave_addr:0x34
06-14 14:51:46.788     0     0 I CAM_INFO: CAM-ISP: cam_ife_mgr_release_hw: 11425 21:51:46.853 Release HW success ctx id: 0
06-14 14:51:46.790     0     0 I CAM_INFO: CAM-SENSOR: cam_sensor_driver_cmd: 1391 21:51:46.855 CAM_STOP_DEV Success for imx471 sensor_id:0x471,sensor_slave_addr:0x34
06-14 14:51:46.791     0     0 I CAM_INFO: CAM-ISP: cam_ife_mgr_release_hw: 11425 21:51:46.855 Release HW success ctx id: 1
06-14 14:51:46.794     0     0 I CAM_INFO: CAM-SENSOR: cam_sensor_driver_cmd: 1270 CAM_RELEASE_DEV Success for imx471 sensor_id:0x471, slave_addr:0x34
06-14 14:51:46.813     0     0 I CAM_INFO: CAM-SENSOR: cam_sensor_driver_cmd: 1270 CAM_RELEASE_DEV Success for imx471 sensor_id:0x471, slave_addr:0x34
06-14 14:51:47.985     0     0 I msm_cvp : warn: DBLP Set: status 0 0
06-14 14:51:47.986     0     0 I msm_cvp : pwr: cvp (eva) power collapsed
06-14 14:51:48.780     0     0 I CAM_INFO: CAM-SENSOR: cam_sensor_driver_cmd: 1211 CAM_ACQUIRE_DEV Success for imx471 id:0x471,slave-addr:0x34 crm:[0]
06-14 14:51:48.788    21    21 I CAM_INFO: CAM-SMMU: cam_smmu_map_user_iova: 3257 fd=864 already in list [21:51:48:852] cb=ife idx=0 handle=18388 len=573440,give same addr back
06-14 14:51:48.788    21    21 I CAM_INFO: CAM-SMMU: cam_smmu_map_user_iova: 3257 fd=865 already in list [21:51:48:852] cb=ife idx=0 handle=18388 len=471040,give same addr back
06-14 14:51:48.788    21    21 I CAM_INFO: CAM-SMMU: cam_smmu_map_user_iova: 3257 fd=866 already in list [21:51:48:852] cb=ife idx=0 handle=18388 len=495616,give same addr back
06-14 14:51:48.801     0     0 I CAM_INFO: CAM-SENSOR: cam_sensor_driver_cmd: 1211 CAM_ACQUIRE_DEV Success for imx471 id:0x471,slave-addr:0x34 crm:[0]
06-14 14:51:48.807    21    21 I CAM_INFO: CAM-SMMU: cam_smmu_map_user_iova: 3257 fd=933 already in list [21:51:48:871] cb=ife idx=0 handle=18388 len=573440,give same addr back
06-14 14:51:48.807    21    21 I CAM_INFO: CAM-SMMU: cam_smmu_map_user_iova: 3257 fd=934 already in list [21:51:48:872] cb=ife idx=0 handle=18388 len=471040,give same addr back
06-14 14:51:48.808    21    21 I CAM_INFO: CAM-SMMU: cam_smmu_map_user_iova: 3257 fd=936 already in list [21:51:48:872] cb=ife idx=0 handle=18388 len=495616,give same addr back
06-14 14:51:48.814     0     0 I CAM_INFO: CAM-CRM: cam_req_mgr_link_v3: 4951 link reserved 0000000000000000 0 trigger_type:1 num_devs:2 sess_hdl:10486292 no_crm:4
06-14 14:51:48.815     0     0 I CAM_INFO: CAM-ISP: cam_ife_hw_mgr_print_acquire_info: 2027 21:51:48.879 Acquired Single IFE[1] with [9 pix] [0 pd] [0 rdi] ports for ctx:6 per_port_enabled :0 sensor:-559038737 ul: 0
06-14 14:51:48.815     0     0 I CAM_INFO: CAM-ISP: __cam_isp_ctx_acquire_hw_v2: 9792 NO CRM session,top state machine assigned for no crm ctx 6
06-14 14:51:48.819     0     0 I CAM_INFO: CAM-ISP: __cam_isp_ctx_start_dev_in_ready: 10826 Start IFE device ctx 6 with irq state machine [Activated State Machine IRQ] in initial SubState [SOF] UL_path 0
06-14 14:51:48.819     0     0 I CAM_INFO: CAM-SENSOR: cam_sensor_driver_cmd: 1352 21:51:48.883 CAM_START_DEV[5] Success for imx471 sensor_id:0x471,sensor_slave_addr:0x34
06-14 14:51:48.819     0     0 I CAM_INFO: CAM-CRM: cam_req_mgr_link_v3: 4951 link reserved 0000000000000000 0 trigger_type:1 num_devs:2 sess_hdl:10486292 no_crm:4
06-14 14:51:48.820     0     0 I CAM_INFO: CAM-ISP: cam_ife_hw_mgr_print_acquire_info: 2027 21:51:48.884 Acquired Single IFE[0] with [9 pix] [0 pd] [0 rdi] ports for ctx:7 per_port_enabled :0 sensor:-559038737 ul: 0
06-14 14:51:48.820     0     0 I CAM_INFO: CAM-ISP: __cam_isp_ctx_acquire_hw_v2: 9792 NO CRM session,top state machine assigned for no crm ctx 7
06-14 14:51:48.824     0     0 I CAM_INFO: CAM-ISP: __cam_isp_ctx_start_dev_in_ready: 10826 Start IFE device ctx 7 with irq state machine [Activated State Machine IRQ] in initial SubState [SOF] UL_path 0
06-14 14:51:48.825     0     0 I CAM_INFO: CAM-SENSOR: cam_sensor_driver_cmd: 1352 21:51:48.889 CAM_START_DEV[4] Success for imx471 sensor_id:0x471,sensor_slave_addr:0x34
06-14 14:51:48.924     0     0 I msm_cvp : pwr: cvp (eva) powered on
06-14 14:51:49.140     0     0 E syncboss_spi spi0.0: bad magic from MCU (value: 0xcacacaca, data_ready_irq: 1, wake_timer: 0, send_timer: 0, msg_to_send: 0)
06-14 14:51:50.375     0     0 W healthd : battery l=94 v=4033 t=36.0 h=2 st=3 c=-2293635 fc=4411000 cc=102 chg=
06-14 14:51:54.688     0     0 W healthd : battery l=94 v=4043 t=36.0 h=2 st=3 c=-2159965 fc=4411000 cc=102 chg=
06-14 14:51:54.754     0     0 I CAM_INFO: CAM-ISP: __cam_isp_ctx_flush_req_in_top_state: 6201 Last request id to flush is 295, ctx_id:6
06-14 14:51:54.754     0     0 I CAM_INFO: CAM-ISP: __cam_isp_ctx_flush_req_in_top_state: 6223 Stop HW complete. Reset HW next.
06-14 14:51:54.754     0     0 I CAM_INFO: CAM-ISP: __cam_isp_ctx_flush_req_in_top_state: 6201 Last request id to flush is 295, ctx_id:7
06-14 14:51:54.755     0     0 I CAM_INFO: CAM-ISP: __cam_isp_ctx_flush_req_in_top_state: 6223 Stop HW complete. Reset HW next.
06-14 14:51:54.755     0     0 I CAM_WARN: CAM-CORE: cam_context_handle_flush_dev: 547 No flush device in dev 12517655, state 4
06-14 14:51:54.755     0     0 I CAM_WARN: CAM-CORE: cam_context_handle_flush_dev: 547 No flush device in dev 13238555, state 4
06-14 14:51:54.783     0     0 I CAM_WARN: CAM-CORE: cam_context_handle_flush_dev: 547 No flush device in dev 12517655, state 4
06-14 14:51:54.783     0     0 I CAM_WARN: CAM-CORE: cam_context_handle_flush_dev: 547 No flush device in dev 13238555, state 4
06-14 14:51:54.783     0     0 I CAM_WARN: CAM-CORE: cam_context_handle_flush_dev: 547 No flush device in dev 12517655, state 4
06-14 14:51:54.783     0     0 I CAM_WARN: CAM-CORE: cam_context_handle_flush_dev: 547 No flush device in dev 13238555, state 4
06-14 14:51:54.785     0     0 I CAM_INFO: CAM-SENSOR: cam_sensor_driver_cmd: 1391 21:51:54.850 CAM_STOP_DEV Success for imx471 sensor_id:0x471,sensor_slave_addr:0x34
06-14 14:51:54.786     0     0 I CAM_INFO: CAM-ISP: cam_ife_mgr_release_hw: 11425 21:51:54.850 Release HW success ctx id: 6
06-14 14:51:54.788     0     0 I CAM_INFO: CAM-SENSOR: cam_sensor_driver_cmd: 1391 21:51:54.852 CAM_STOP_DEV Success for imx471 sensor_id:0x471,sensor_slave_addr:0x34
06-14 14:51:54.788     0     0 I CAM_INFO: CAM-ISP: cam_ife_mgr_release_hw: 11425 21:51:54.852 Release HW success ctx id: 7
06-14 14:51:54.792     0     0 I CAM_INFO: CAM-SENSOR: cam_sensor_driver_cmd: 1270 CAM_RELEASE_DEV Success for imx471 sensor_id:0x471, slave_addr:0x34
06-14 14:51:54.811     0     0 I CAM_INFO: CAM-SENSOR: cam_sensor_driver_cmd: 1270 CAM_RELEASE_DEV Success for imx471 sensor_id:0x471, slave_addr:0x34
06-14 14:51:58.022     0     0 I CAM_INFO: CAM-SENSOR: cam_sensor_driver_cmd: 1211 CAM_ACQUIRE_DEV Success for imx471 id:0x471,slave-addr:0x34 crm:[0]
06-14 14:51:58.029    21    21 I CAM_INFO: CAM-SMMU: cam_smmu_map_user_iova: 3257 fd=864 already in list [21:51:58:93] cb=ife idx=0 handle=18388 len=573440,give same addr back
06-14 14:51:58.029    21    21 I CAM_INFO: CAM-SMMU: cam_smmu_map_user_iova: 3257 fd=865 already in list [21:51:58:94] cb=ife idx=0 handle=18388 len=471040,give same addr back
06-14 14:51:58.029    21    21 I CAM_INFO: CAM-SMMU: cam_smmu_map_user_iova: 3257 fd=866 already in list [21:51:58:94] cb=ife idx=0 handle=18388 len=495616,give same addr back
06-14 14:51:58.055     0     0 I CAM_INFO: CAM-SENSOR: cam_sensor_driver_cmd: 1211 CAM_ACQUIRE_DEV Success for imx471 id:0x471,slave-addr:0x34 crm:[0]
06-14 14:51:58.072    21    21 I CAM_INFO: CAM-SMMU: cam_smmu_map_user_iova: 3257 fd=933 already in list [21:51:58:136] cb=ife idx=0 handle=18388 len=573440,give same addr back
06-14 14:51:58.072    21    21 I CAM_INFO: CAM-SMMU: cam_smmu_map_user_iova: 3257 fd=934 already in list [21:51:58:136] cb=ife idx=0 handle=18388 len=471040,give same addr back
06-14 14:51:58.072    21    21 I CAM_INFO: CAM-SMMU: cam_smmu_map_user_iova: 3257 fd=936 already in list [21:51:58:137] cb=ife idx=0 handle=18388 len=495616,give same addr back
06-14 14:51:58.079     0     0 I CAM_INFO: CAM-CRM: cam_req_mgr_link_v3: 4951 link reserved 0000000000000000 0 trigger_type:1 num_devs:2 sess_hdl:10486292 no_crm:4
06-14 14:51:58.079     0     0 I CAM_INFO: CAM-ISP: cam_ife_hw_mgr_print_acquire_info: 2027 21:51:58.143 Acquired Single IFE[1] with [9 pix] [0 pd] [0 rdi] ports for ctx:8 per_port_enabled :0 sensor:-559038737 ul: 0
06-14 14:51:58.079     0     0 I CAM_INFO: CAM-ISP: __cam_isp_ctx_acquire_hw_v2: 9792 NO CRM session,top state machine assigned for no crm ctx 8
06-14 14:51:58.088     0     0 I CAM_INFO: CAM-ISP: __cam_isp_ctx_start_dev_in_ready: 10826 Start IFE device ctx 8 with irq state machine [Activated State Machine IRQ] in initial SubState [SOF] UL_path 0
06-14 14:51:58.090     0     0 I CAM_INFO: CAM-SENSOR: cam_sensor_driver_cmd: 1352 21:51:58.154 CAM_START_DEV[5] Success for imx471 sensor_id:0x471,sensor_slave_addr:0x34
06-14 14:51:58.090     0     0 I CAM_INFO: CAM-CRM: cam_req_mgr_link_v3: 4951 link reserved 0000000000000000 0 trigger_type:1 num_devs:2 sess_hdl:10486292 no_crm:4
06-14 14:51:58.091     0     0 I CAM_INFO: CAM-ISP: cam_ife_hw_mgr_print_acquire_info: 2027 21:51:58.155 Acquired Single IFE[0] with [9 pix] [0 pd] [0 rdi] ports for ctx:9 per_port_enabled :0 sensor:-559038737 ul: 0
06-14 14:51:58.091     0     0 I CAM_INFO: CAM-ISP: __cam_isp_ctx_acquire_hw_v2: 9792 NO CRM session,top state machine assigned for no crm ctx 9
06-14 14:51:58.097     0     0 I CAM_INFO: CAM-ISP: __cam_isp_ctx_start_dev_in_ready: 10826 Start IFE device ctx 9 with irq state machine [Activated State Machine IRQ] in initial SubState [SOF] UL_path 0
06-14 14:51:58.098     0     0 I CAM_INFO: CAM-SENSOR: cam_sensor_driver_cmd: 1352 21:51:58.162 CAM_START_DEV[4] Success for imx471 sensor_id:0x471,sensor_slave_addr:0x34
06-14 14:51:59.936     0     0 I CAM_INFO: CAM-ISP: __cam_isp_ctx_flush_req_in_top_state: 6201 Last request id to flush is 90, ctx_id:8
06-14 14:51:59.936     0     0 I CAM_INFO: CAM-ISP: __cam_isp_ctx_flush_req_in_top_state: 6223 Stop HW complete. Reset HW next.
06-14 14:51:59.936     0     0 I CAM_INFO: CAM-ISP: __cam_isp_ctx_flush_req_in_top_state: 6201 Last request id to flush is 90, ctx_id:9
06-14 14:51:59.937     0     0 I CAM_INFO: CAM-ISP: __cam_isp_ctx_flush_req_in_top_state: 6223 Stop HW complete. Reset HW next.
06-14 14:51:59.937     0     0 I CAM_WARN: CAM-CORE: cam_context_handle_flush_dev: 547 No flush device in dev 13369623, state 4
06-14 14:51:59.937     0     0 I CAM_WARN: CAM-CORE: cam_context_handle_flush_dev: 547 No flush device in dev 12321051, state 4
06-14 14:51:59.968     0     0 I CAM_WARN: CAM-CORE: cam_context_handle_flush_dev: 547 No flush device in dev 13369623, state 4
06-14 14:51:59.968     0     0 I CAM_WARN: CAM-CORE: cam_context_handle_flush_dev: 547 No flush device in dev 12321051, state 4
06-14 14:51:59.968     0     0 I CAM_WARN: CAM-CORE: cam_context_handle_flush_dev: 547 No flush device in dev 13369623, state 4
06-14 14:51:59.968     0     0 I CAM_WARN: CAM-CORE: cam_context_handle_flush_dev: 547 No flush device in dev 12321051, state 4
06-14 14:51:59.970     0     0 I CAM_INFO: CAM-SENSOR: cam_sensor_driver_cmd: 1391 21:52:0.35 CAM_STOP_DEV Success for imx471 sensor_id:0x471,sensor_slave_addr:0x34
06-14 14:51:59.971     0     0 I CAM_INFO: CAM-ISP: cam_ife_mgr_release_hw: 11425 21:52:0.35 Release HW success ctx id: 8
06-14 14:51:59.973     0     0 I CAM_INFO: CAM-SENSOR: cam_sensor_driver_cmd: 1391 21:52:0.37 CAM_STOP_DEV Success for imx471 sensor_id:0x471,sensor_slave_addr:0x34
06-14 14:51:59.974     0     0 I CAM_INFO: CAM-ISP: cam_ife_mgr_release_hw: 11425 21:52:0.38 Release HW success ctx id: 9
06-14 14:51:59.978     0     0 I CAM_INFO: CAM-SENSOR: cam_sensor_driver_cmd: 1270 CAM_RELEASE_DEV Success for imx471 sensor_id:0x471, slave_addr:0x34
06-14 14:51:59.998     0     0 I CAM_INFO: CAM-SENSOR: cam_sensor_driver_cmd: 1270 CAM_RELEASE_DEV Success for imx471 sensor_id:0x471, slave_addr:0x34
06-14 14:52:00.386     0     0 W healthd : battery l=94 v=4072 t=36.0 h=2 st=3 c=-1782758 fc=4411000 cc=102 chg=
06-14 14:52:01.847     0     0 I msm_cvp : warn: DBLP Set: status 0 0
06-14 14:52:01.849     0     0 I msm_cvp : pwr: cvp (eva) power collapsed
06-14 14:52:03.918     0     0 I msm_cvp : pwr: cvp (eva) powered on
06-14 14:52:04.049     0     0 I msm_cvp : warn: Failed flush DSP frame retried 62
06-14 14:52:04.050     0     0 I synx    : info: synx_client_destroy: 1352: [sess :26] session removed cvp-kernel-client
06-14 14:52:04.050     0     0 I msm_cvp : sess: Closed cvp instance: 0000000000000000 session_id = 2147418136
06-14 14:52:04.050     0     0 I         : Info: adsprpc (8222): 577: 577: cvp-dsp-thread: fastrpc_driver_unregister: Un-registering fastrpc driver qcom,fastcv0 with handle 1257
06-14 14:52:05.310     0     0 I CAM_INFO: CAM-SENSOR: cam_sensor_driver_cmd: 1211 CAM_ACQUIRE_DEV Success for imx471 id:0x471,slave-addr:0x34 crm:[0]
06-14 14:52:05.318    21    21 I CAM_INFO: CAM-SMMU: cam_smmu_map_user_iova: 3257 fd=864 already in list [21:52:5:382] cb=ife idx=0 handle=18388 len=573440,give same addr back
06-14 14:52:05.318    21    21 I CAM_INFO: CAM-SMMU: cam_smmu_map_user_iova: 3257 fd=865 already in list [21:52:5:382] cb=ife idx=0 handle=18388 len=471040,give same addr back
06-14 14:52:05.318    21    21 I CAM_INFO: CAM-SMMU: cam_smmu_map_user_iova: 3257 fd=866 already in list [21:52:5:382] cb=ife idx=0 handle=18388 len=495616,give same addr back
06-14 14:52:05.344     0     0 I CAM_INFO: CAM-SENSOR: cam_sensor_driver_cmd: 1211 CAM_ACQUIRE_DEV Success for imx471 id:0x471,slave-addr:0x34 crm:[0]
06-14 14:52:05.350    21    21 I CAM_INFO: CAM-SMMU: cam_smmu_map_user_iova: 3257 fd=933 already in list [21:52:5:414] cb=ife idx=0 handle=18388 len=573440,give same addr back
06-14 14:52:05.350    21    21 I CAM_INFO: CAM-SMMU: cam_smmu_map_user_iova: 3257 fd=934 already in list [21:52:5:414] cb=ife idx=0 handle=18388 len=471040,give same addr back
06-14 14:52:05.350    21    21 I CAM_INFO: CAM-SMMU: cam_smmu_map_user_iova: 3257 fd=936 already in list [21:52:5:414] cb=ife idx=0 handle=18388 len=495616,give same addr back
06-14 14:52:05.355     0     0 I CAM_INFO: CAM-CRM: cam_req_mgr_link_v3: 4951 link reserved 0000000000000000 0 trigger_type:1 num_devs:2 sess_hdl:12452372 no_crm:4
06-14 14:52:05.356     0     0 I CAM_INFO: CAM-ISP: cam_ife_hw_mgr_print_acquire_info: 2027 21:52:5.420 Acquired Single IFE[1] with [9 pix] [0 pd] [0 rdi] ports for ctx:10 per_port_enabled :0 sensor:-559038737 ul: 0
06-14 14:52:05.356     0     0 I CAM_INFO: CAM-ISP: __cam_isp_ctx_acquire_hw_v2: 9792 NO CRM session,top state machine assigned for no crm ctx 10
06-14 14:52:05.360     0     0 I CAM_INFO: CAM-ISP: __cam_isp_ctx_start_dev_in_ready: 10826 Start IFE device ctx 10 with irq state machine [Activated State Machine IRQ] in initial SubState [SOF] UL_path 0
06-14 14:52:05.360     0     0 I CAM_INFO: CAM-SENSOR: cam_sensor_driver_cmd: 1352 21:52:5.424 CAM_START_DEV[5] Success for imx471 sensor_id:0x471,sensor_slave_addr:0x34
06-14 14:52:05.360     0     0 I CAM_INFO: CAM-CRM: cam_req_mgr_link_v3: 4951 link reserved 0000000000000000 0 trigger_type:1 num_devs:2 sess_hdl:12452372 no_crm:4
06-14 14:52:05.360     0     0 I CAM_INFO: CAM-ISP: cam_ife_hw_mgr_print_acquire_info: 2027 21:52:5.425 Acquired Single IFE[0] with [9 pix] [0 pd] [0 rdi] ports for ctx:11 per_port_enabled :0 sensor:-559038737 ul: 0
06-14 14:52:05.360     0     0 I CAM_INFO: CAM-ISP: __cam_isp_ctx_acquire_hw_v2: 9792 NO CRM session,top state machine assigned for no crm ctx 11
06-14 14:52:05.365     0     0 I CAM_INFO: CAM-ISP: __cam_isp_ctx_start_dev_in_ready: 10826 Start IFE device ctx 11 with irq state machine [Activated State Machine IRQ] in initial SubState [SOF] UL_path 0
06-14 14:52:05.367     0     0 I CAM_INFO: CAM-SENSOR: cam_sensor_driver_cmd: 1352 21:52:5.431 CAM_START_DEV[4] Success for imx471 sensor_id:0x471,sensor_slave_addr:0x34
06-14 14:52:05.458     0     0 I         : Info: adsprpc (8241): 577: 577: cvp-dsp-thread: fastrpc_driver_register: fastrpc driver qcom,fastcv0 registered with handle 1257
06-14 14:52:05.458     0     0 I msm_cvp : sess: Opening cvp instance: 0000000000000000 pid = 577 tgid = 577
06-14 14:52:05.460     0     0 I synx    : info: synx_initialize: 2303: [sess :27] session created cvp-kernel-client
06-14 14:52:10.396     0     0 W healthd : battery l=94 v=4030 t=36.0 h=2 st=3 c=-2287043 fc=4411000 cc=102 chg=
06-14 14:52:15.996     0     0 I CAM_INFO: CAM-ISP: __cam_isp_ctx_flush_req_in_top_state: 6201 Last request id to flush is 529, ctx_id:10
06-14 14:52:15.996     0     0 I CAM_INFO: CAM-ISP: __cam_isp_ctx_flush_req_in_top_state: 6223 Stop HW complete. Reset HW next.
06-14 14:52:15.996     0     0 I CAM_INFO: CAM-ISP: __cam_isp_ctx_flush_req_in_top_state: 6201 Last request id to flush is 529, ctx_id:11
06-14 14:52:15.996     0     0 I CAM_INFO: CAM-ISP: __cam_isp_ctx_flush_req_in_top_state: 6223 Stop HW complete. Reset HW next.
06-14 14:52:15.996     0     0 I CAM_WARN: CAM-CORE: cam_context_handle_flush_dev: 547 No flush device in dev 4260119, state 4
06-14 14:52:15.996     0     0 I CAM_WARN: CAM-CORE: cam_context_handle_flush_dev: 547 No flush device in dev 15204635, state 4
06-14 14:52:16.026     0     0 I CAM_WARN: CAM-CORE: cam_context_handle_flush_dev: 547 No flush device in dev 4260119, state 4
06-14 14:52:16.026     0     0 I CAM_WARN: CAM-CORE: cam_context_handle_flush_dev: 547 No flush device in dev 15204635, state 4
06-14 14:52:16.026     0     0 I CAM_WARN: CAM-CORE: cam_context_handle_flush_dev: 547 No flush device in dev 4260119, state 4
06-14 14:52:16.026     0     0 I CAM_WARN: CAM-CORE: cam_context_handle_flush_dev: 547 No flush device in dev 15204635, state 4
06-14 14:52:16.028     0     0 I CAM_INFO: CAM-SENSOR: cam_sensor_driver_cmd: 1391 21:52:16.92 CAM_STOP_DEV Success for imx471 sensor_id:0x471,sensor_slave_addr:0x34
06-14 14:52:16.028     0     0 I CAM_INFO: CAM-ISP: cam_ife_mgr_release_hw: 11425 21:52:16.93 Release HW success ctx id: 10
06-14 14:52:16.030     0     0 I CAM_INFO: CAM-SENSOR: cam_sensor_driver_cmd: 1391 21:52:16.94 CAM_STOP_DEV Success for imx471 sensor_id:0x471,sensor_slave_addr:0x34
06-14 14:52:16.031     0     0 I CAM_INFO: CAM-ISP: cam_ife_mgr_release_hw: 11425 21:52:16.95 Release HW success ctx id: 11
06-14 14:52:16.035     0     0 I CAM_INFO: CAM-SENSOR: cam_sensor_driver_cmd: 1270 CAM_RELEASE_DEV Success for imx471 sensor_id:0x471, slave_addr:0x34
06-14 14:52:16.053     0     0 I CAM_INFO: CAM-SENSOR: cam_sensor_driver_cmd: 1270 CAM_RELEASE_DEV Success for imx471 sensor_id:0x471, slave_addr:0x34
06-14 14:52:17.566     0     0 I CAM_INFO: CAM-SENSOR: cam_sensor_driver_cmd: 1211 CAM_ACQUIRE_DEV Success for imx471 id:0x471,slave-addr:0x34 crm:[0]
06-14 14:52:17.573    21    21 I CAM_INFO: CAM-SMMU: cam_smmu_map_user_iova: 3257 fd=864 already in list [21:52:17:637] cb=ife idx=0 handle=18388 len=573440,give same addr back
06-14 14:52:17.574    21    21 I CAM_INFO: CAM-SMMU: cam_smmu_map_user_iova: 3257 fd=865 already in list [21:52:17:639] cb=ife idx=0 handle=18388 len=471040,give same addr back
06-14 14:52:17.576    21    21 I CAM_INFO: CAM-SMMU: cam_smmu_map_user_iova: 3257 fd=866 already in list [21:52:17:640] cb=ife idx=0 handle=18388 len=495616,give same addr back
06-14 14:52:17.589     0     0 I CAM_INFO: CAM-SENSOR: cam_sensor_driver_cmd: 1211 CAM_ACQUIRE_DEV Success for imx471 id:0x471,slave-addr:0x34 crm:[0]
06-14 14:52:17.595    21    21 I CAM_INFO: CAM-SMMU: cam_smmu_map_user_iova: 3257 fd=933 already in list [21:52:17:659] cb=ife idx=0 handle=18388 len=573440,give same addr back
06-14 14:52:17.595    21    21 I CAM_INFO: CAM-SMMU: cam_smmu_map_user_iova: 3257 fd=934 already in list [21:52:17:659] cb=ife idx=0 handle=18388 len=471040,give same addr back
06-14 14:52:17.595    21    21 I CAM_INFO: CAM-SMMU: cam_smmu_map_user_iova: 3257 fd=936 already in list [21:52:17:659] cb=ife idx=0 handle=18388 len=495616,give same addr back
06-14 14:52:17.600     0     0 I CAM_INFO: CAM-CRM: cam_req_mgr_link_v3: 4951 link reserved 0000000000000000 0 trigger_type:1 num_devs:2 sess_hdl:9634324 no_crm:4
06-14 14:52:17.601     0     0 I CAM_INFO: CAM-ISP: cam_ife_hw_mgr_print_acquire_info: 2027 21:52:17.665 Acquired Single IFE[1] with [9 pix] [0 pd] [0 rdi] ports for ctx:4 per_port_enabled :0 sensor:-559038737 ul: 0
06-14 14:52:17.601     0     0 I CAM_INFO: CAM-ISP: __cam_isp_ctx_acquire_hw_v2: 9792 NO CRM session,top state machine assigned for no crm ctx 4
06-14 14:52:17.606     0     0 I CAM_INFO: CAM-ISP: __cam_isp_ctx_start_dev_in_ready: 10826 Start IFE device ctx 4 with irq state machine [Activated State Machine IRQ] in initial SubState [SOF] UL_path 0
06-14 14:52:17.606     0     0 I CAM_INFO: CAM-SENSOR: cam_sensor_driver_cmd: 1352 21:52:17.671 CAM_START_DEV[5] Success for imx471 sensor_id:0x471,sensor_slave_addr:0x34
06-14 14:52:17.606     0     0 I CAM_INFO: CAM-CRM: cam_req_mgr_link_v3: 4951 link reserved 0000000000000000 0 trigger_type:1 num_devs:2 sess_hdl:9634324 no_crm:4
06-14 14:52:17.607     0     0 I CAM_INFO: CAM-ISP: cam_ife_hw_mgr_print_acquire_info: 2027 21:52:17.671 Acquired Single IFE[0] with [9 pix] [0 pd] [0 rdi] ports for ctx:5 per_port_enabled :0 sensor:-559038737 ul: 0
06-14 14:52:17.607     0     0 I CAM_INFO: CAM-ISP: __cam_isp_ctx_acquire_hw_v2: 9792 NO CRM session,top state machine assigned for no crm ctx 5
06-14 14:52:17.610     0     0 I CAM_INFO: CAM-ISP: __cam_isp_ctx_start_dev_in_ready: 10826 Start IFE device ctx 5 with irq state machine [Activated State Machine IRQ] in initial SubState [SOF] UL_path 0
06-14 14:52:17.610     0     0 I CAM_INFO: CAM-SENSOR: cam_sensor_driver_cmd: 1352 21:52:17.675 CAM_START_DEV[4] Success for imx471 sensor_id:0x471,sensor_slave_addr:0x34
06-14 14:52:17.965     0     0 E syncboss_spi spi0.0: bad magic from MCU (value: 0xcacacaca, data_ready_irq: 1, wake_timer: 0, send_timer: 0, msg_to_send: 1)
06-14 14:52:18.632     0     0 W syncboss_timesync a88000.spi: syncboss_nrf@0:timesync@0: triggering new irq before MCU acknowledged last
06-14 14:52:18.665     0     0 W syncboss_timesync a88000.spi: syncboss_nrf@0:timesync@0: triggering new irq before MCU acknowledged last
06-14 14:52:18.678     0     0 W syncboss_timesync a88000.spi: syncboss_nrf@0:timesync@0: ignoring mcu timestamp without corresponding IRQ
06-14 14:52:18.683     0     0 W syncboss_timesync a88000.spi: syncboss_nrf@0:timesync@0: ignoring mcu timestamp without corresponding IRQ
06-14 14:52:19.716     0     0 I CAM_INFO: CAM-ISP: __cam_isp_ctx_flush_req_in_top_state: 6201 Last request id to flush is 104, ctx_id:4
06-14 14:52:19.717     0     0 I CAM_INFO: CAM-ISP: __cam_isp_ctx_flush_req_in_top_state: 6223 Stop HW complete. Reset HW next.
06-14 14:52:19.717     0     0 I CAM_INFO: CAM-ISP: __cam_isp_ctx_flush_req_in_top_state: 6201 Last request id to flush is 104, ctx_id:5
06-14 14:52:19.717     0     0 I CAM_INFO: CAM-ISP: __cam_isp_ctx_flush_req_in_top_state: 6223 Stop HW complete. Reset HW next.
06-14 14:52:19.717     0     0 I CAM_WARN: CAM-CORE: cam_context_handle_flush_dev: 547 No flush device in dev 5898519, state 4
06-14 14:52:19.717     0     0 I CAM_WARN: CAM-CORE: cam_context_handle_flush_dev: 547 No flush device in dev 13238555, state 4
06-14 14:52:19.750     0     0 I CAM_WARN: CAM-CORE: cam_context_handle_flush_dev: 547 No flush device in dev 5898519, state 4
06-14 14:52:19.750     0     0 I CAM_WARN: CAM-CORE: cam_context_handle_flush_dev: 547 No flush device in dev 13238555, state 4
06-14 14:52:19.750     0     0 I CAM_WARN: CAM-CORE: cam_context_handle_flush_dev: 547 No flush device in dev 5898519, state 4
06-14 14:52:19.750     0     0 I CAM_WARN: CAM-CORE: cam_context_handle_flush_dev: 547 No flush device in dev 13238555, state 4
06-14 14:52:19.752     0     0 I CAM_INFO: CAM-SENSOR: cam_sensor_driver_cmd: 1391 21:52:19.816 CAM_STOP_DEV Success for imx471 sensor_id:0x471,sensor_slave_addr:0x34
06-14 14:52:19.753     0     0 I CAM_INFO: CAM-ISP: cam_ife_mgr_release_hw: 11425 21:52:19.817 Release HW success ctx id: 4
06-14 14:52:19.755     0     0 I CAM_INFO: CAM-SENSOR: cam_sensor_driver_cmd: 1391 21:52:19.819 CAM_STOP_DEV Success for imx471 sensor_id:0x471,sensor_slave_addr:0x34
06-14 14:52:19.756     0     0 I CAM_INFO: CAM-ISP: cam_ife_mgr_release_hw: 11425 21:52:19.820 Release HW success ctx id: 5
06-14 14:52:19.759     0     0 I CAM_INFO: CAM-SENSOR: cam_sensor_driver_cmd: 1270 CAM_RELEASE_DEV Success for imx471 sensor_id:0x471, slave_addr:0x34
06-14 14:52:19.777     0     0 I CAM_INFO: CAM-SENSOR: cam_sensor_driver_cmd: 1270 CAM_RELEASE_DEV Success for imx471 sensor_id:0x471, slave_addr:0x34
06-14 14:52:20.407     0     0 W healthd : battery l=94 v=4045 t=36.0 h=2 st=3 c=-2058156 fc=4411000 cc=102 chg=
06-14 14:52:21.474     0     0 I msm_cvp : warn: DBLP Set: status 0 0
06-14 14:52:21.475     0     0 I msm_cvp : pwr: cvp (eva) power collapsed
06-14 14:52:22.677     0     0 W healthd : battery l=94 v=4067 t=36.0 h=2 st=3 c=-1769208 fc=4411000 cc=102 chg=
06-14 14:52:22.817     0     0 I CAM_INFO: CAM-SENSOR: cam_sensor_driver_cmd: 1211 CAM_ACQUIRE_DEV Success for imx471 id:0x471,slave-addr:0x34 crm:[0]
06-14 14:52:22.825    21    21 I CAM_INFO: CAM-SMMU: cam_smmu_map_user_iova: 3257 fd=864 already in list [21:52:22:889] cb=ife idx=0 handle=18388 len=573440,give same addr back
06-14 14:52:22.825    21    21 I CAM_INFO: CAM-SMMU: cam_smmu_map_user_iova: 3257 fd=865 already in list [21:52:22:889] cb=ife idx=0 handle=18388 len=471040,give same addr back
06-14 14:52:22.825    21    21 I CAM_INFO: CAM-SMMU: cam_smmu_map_user_iova: 3257 fd=866 already in list [21:52:22:889] cb=ife idx=0 handle=18388 len=495616,give same addr back
06-14 14:52:22.838     0     0 I CAM_INFO: CAM-SENSOR: cam_sensor_driver_cmd: 1211 CAM_ACQUIRE_DEV Success for imx471 id:0x471,slave-addr:0x34 crm:[0]
06-14 14:52:22.843    21    21 I CAM_INFO: CAM-SMMU: cam_smmu_map_user_iova: 3257 fd=933 already in list [21:52:22:907] cb=ife idx=0 handle=18388 len=573440,give same addr back
06-14 14:52:22.843    21    21 I CAM_INFO: CAM-SMMU: cam_smmu_map_user_iova: 3257 fd=934 already in list [21:52:22:907] cb=ife idx=0 handle=18388 len=471040,give same addr back
06-14 14:52:22.843    21    21 I CAM_INFO: CAM-SMMU: cam_smmu_map_user_iova: 3257 fd=936 already in list [21:52:22:907] cb=ife idx=0 handle=18388 len=495616,give same addr back
06-14 14:52:22.850     0     0 I CAM_INFO: CAM-CRM: cam_req_mgr_link_v3: 4951 link reserved 0000000000000000 0 trigger_type:1 num_devs:2 sess_hdl:1966612 no_crm:4
