06-14 14:50:13.892     0     0 I CAM_INFO: CAM-ISP: __cam_isp_ctx_flush_req_in_top_state: 6223 Stop HW complete. Reset HW next.
06-14 14:50:13.892     0     0 I CAM_WARN: CAM-CORE: cam_context_handle_flush_dev: 547 No flush device in dev 16384279, state 4
06-14 14:50:13.892     0     0 I CAM_WARN: CAM-CORE: cam_context_handle_flush_dev: 547 No flush device in dev 10944795, state 4
06-14 14:50:13.921     0     0 I CAM_WARN: CAM-CORE: cam_context_handle_flush_dev: 547 No flush device in dev 16384279, state 4
06-14 14:50:13.921     0     0 I CAM_WARN: CAM-CORE: cam_context_handle_flush_dev: 547 No flush device in dev 10944795, state 4
06-14 14:50:13.921     0     0 I CAM_WARN: CAM-CORE: cam_context_handle_flush_dev: 547 No flush device in dev 16384279, state 4
06-14 14:50:13.921     0     0 I CAM_WARN: CAM-CORE: cam_context_handle_flush_dev: 547 No flush device in dev 10944795, state 4
06-14 14:50:13.923     0     0 I CAM_INFO: CAM-SENSOR: cam_sensor_driver_cmd: 1391 21:50:13.987 CAM_STOP_DEV Success for imx471 sensor_id:0x471,sensor_slave_addr:0x34
06-14 14:50:13.924     0     0 I CAM_INFO: CAM-ISP: cam_ife_mgr_release_hw: 11425 21:50:13.988 Release HW success ctx id: 0
06-14 14:50:13.925     0     0 I CAM_INFO: CAM-SENSOR: cam_sensor_driver_cmd: 1391 21:50:13.990 CAM_STOP_DEV Success for imx471 sensor_id:0x471,sensor_slave_addr:0x34
06-14 14:50:13.926     0     0 I CAM_INFO: CAM-ISP: cam_ife_mgr_release_hw: 11425 21:50:13.990 Release HW success ctx id: 1
06-14 14:50:13.929     0     0 I CAM_INFO: CAM-SENSOR: cam_sensor_driver_cmd: 1270 CAM_RELEASE_DEV Success for imx471 sensor_id:0x471, slave_addr:0x34
06-14 14:50:13.948     0     0 I CAM_INFO: CAM-SENSOR: cam_sensor_driver_cmd: 1270 CAM_RELEASE_DEV Success for imx471 sensor_id:0x471, slave_addr:0x34
06-14 14:50:15.609     0     0 I msm_cvp : warn: DBLP Set: status 0 0
06-14 14:50:15.611     0     0 I msm_cvp : pwr: cvp (eva) power collapsed
06-14 14:50:17.882     0     0 I msm_cvp : pwr: cvp (eva) powered on
06-14 14:50:18.011     0     0 I msm_cvp : warn: Failed flush DSP frame retried 62
06-14 14:50:18.012     0     0 I synx    : info: synx_client_destroy: 1352: [sess :22] session removed cvp-kernel-client
06-14 14:50:18.012     0     0 I msm_cvp : sess: Closed cvp instance: 0000000000000000 session_id = 2147418132
06-14 14:50:18.012     0     0 I         : Info: adsprpc (8222): 577: 577: cvp-dsp-thread: fastrpc_driver_unregister: Un-registering fastrpc driver qcom,fastcv0 with handle 1257
06-14 14:50:20.285     0     0 W healthd : battery l=95 v=4138 t=35.0 h=2 st=3 c=-1190215 fc=4411000 cc=102 chg=
06-14 14:50:21.157     0     0 I msm_cvp : warn: DBLP Set: status 0 0
06-14 14:50:21.158     0     0 I msm_cvp : pwr: cvp (eva) power collapsed
06-14 14:50:21.767     0     0 W healthd : battery l=95 v=4134 t=35.0 h=2 st=3 c=-1279206 fc=4411000 cc=102 chg=
06-14 14:50:23.579     0     0 I CAM_INFO: CAM-SENSOR: cam_sensor_driver_cmd: 1211 CAM_ACQUIRE_DEV Success for imx471 id:0x471,slave-addr:0x34 crm:[0]
06-14 14:50:23.587    21    21 I CAM_INFO: CAM-SMMU: cam_smmu_map_user_iova: 3257 fd=864 already in list [21:50:23:651] cb=ife idx=0 handle=18388 len=573440,give same addr back
06-14 14:50:23.587    21    21 I CAM_INFO: CAM-SMMU: cam_smmu_map_user_iova: 3257 fd=865 already in list [21:50:23:651] cb=ife idx=0 handle=18388 len=471040,give same addr back
06-14 14:50:23.587    21    21 I CAM_INFO: CAM-SMMU: cam_smmu_map_user_iova: 3257 fd=866 already in list [21:50:23:651] cb=ife idx=0 handle=18388 len=495616,give same addr back
06-14 14:50:23.600     0     0 I CAM_INFO: CAM-SENSOR: cam_sensor_driver_cmd: 1211 CAM_ACQUIRE_DEV Success for imx471 id:0x471,slave-addr:0x34 crm:[0]
06-14 14:50:23.605    21    21 I CAM_INFO: CAM-SMMU: cam_smmu_map_user_iova: 3257 fd=933 already in list [21:50:23:669] cb=ife idx=0 handle=18388 len=573440,give same addr back
06-14 14:50:23.605    21    21 I CAM_INFO: CAM-SMMU: cam_smmu_map_user_iova: 3257 fd=934 already in list [21:50:23:670] cb=ife idx=0 handle=18388 len=471040,give same addr back
06-14 14:50:23.605    21    21 I CAM_INFO: CAM-SMMU: cam_smmu_map_user_iova: 3257 fd=936 already in list [21:50:23:670] cb=ife idx=0 handle=18388 len=495616,give same addr back
06-14 14:50:23.610     0     0 I CAM_INFO: CAM-CRM: cam_req_mgr_link_v3: 4951 link reserved 0000000000000000 0 trigger_type:1 num_devs:2 sess_hdl:10420756 no_crm:4
06-14 14:50:23.611     0     0 I CAM_INFO: CAM-ISP: cam_ife_hw_mgr_print_acquire_info: 2027 21:50:23.675 Acquired Single IFE[1] with [9 pix] [0 pd] [0 rdi] ports for ctx:6 per_port_enabled :0 sensor:-559038737 ul: 0
06-14 14:50:23.611     0     0 I CAM_INFO: CAM-ISP: __cam_isp_ctx_acquire_hw_v2: 9792 NO CRM session,top state machine assigned for no crm ctx 6
06-14 14:50:23.614     0     0 I CAM_INFO: CAM-ISP: __cam_isp_ctx_start_dev_in_ready: 10826 Start IFE device ctx 6 with irq state machine [Activated State Machine IRQ] in initial SubState [SOF] UL_path 0
06-14 14:50:23.614     0     0 I CAM_INFO: CAM-SENSOR: cam_sensor_driver_cmd: 1352 21:50:23.679 CAM_START_DEV[5] Success for imx471 sensor_id:0x471,sensor_slave_addr:0x34
06-14 14:50:23.615     0     0 I CAM_INFO: CAM-CRM: cam_req_mgr_link_v3: 4951 link reserved 0000000000000000 0 trigger_type:1 num_devs:2 sess_hdl:10420756 no_crm:4
06-14 14:50:23.615     0     0 I CAM_INFO: CAM-ISP: cam_ife_hw_mgr_print_acquire_info: 2027 21:50:23.679 Acquired Single IFE[0] with [9 pix] [0 pd] [0 rdi] ports for ctx:7 per_port_enabled :0 sensor:-559038737 ul: 0
06-14 14:50:23.615     0     0 I CAM_INFO: CAM-ISP: __cam_isp_ctx_acquire_hw_v2: 9792 NO CRM session,top state machine assigned for no crm ctx 7
06-14 14:50:23.619     0     0 I CAM_INFO: CAM-ISP: __cam_isp_ctx_start_dev_in_ready: 10826 Start IFE device ctx 7 with irq state machine [Activated State Machine IRQ] in initial SubState [SOF] UL_path 0
06-14 14:50:23.619     0     0 I CAM_INFO: CAM-SENSOR: cam_sensor_driver_cmd: 1352 21:50:23.683 CAM_START_DEV[4] Success for imx471 sensor_id:0x471,sensor_slave_addr:0x34
06-14 14:50:23.697     0     0 I         : Info: adsprpc (8241): 577: 577: cvp-dsp-thread: fastrpc_driver_register: fastrpc driver qcom,fastcv0 registered with handle 1257
06-14 14:50:23.697     0     0 I msm_cvp : sess: Opening cvp instance: 0000000000000000 pid = 577 tgid = 577
06-14 14:50:23.698     0     0 I msm_cvp : pwr: cvp (eva) powered on
06-14 14:50:23.702     0     0 I synx    : info: synx_initialize: 2303: [sess :23] session created cvp-kernel-client
06-14 14:50:28.391     0     0 I CAM_INFO: CAM-ISP: __cam_isp_ctx_flush_req_in_top_state: 6201 Last request id to flush is 237, ctx_id:6
06-14 14:50:28.392     0     0 I CAM_INFO: CAM-ISP: __cam_isp_ctx_flush_req_in_top_state: 6223 Stop HW complete. Reset HW next.
06-14 14:50:28.392     0     0 I CAM_INFO: CAM-ISP: __cam_isp_ctx_flush_req_in_top_state: 6201 Last request id to flush is 237, ctx_id:7
06-14 14:50:28.392     0     0 I CAM_INFO: CAM-ISP: __cam_isp_ctx_flush_req_in_top_state: 6223 Stop HW complete. Reset HW next.
06-14 14:50:28.393     0     0 I CAM_WARN: CAM-CORE: cam_context_handle_flush_dev: 547 No flush device in dev 14680343, state 4
06-14 14:50:28.393     0     0 I CAM_WARN: CAM-CORE: cam_context_handle_flush_dev: 547 No flush device in dev 327963, state 4
06-14 14:50:28.421     0     0 I CAM_WARN: CAM-CORE: cam_context_handle_flush_dev: 547 No flush device in dev 14680343, state 4
06-14 14:50:28.421     0     0 I CAM_WARN: CAM-CORE: cam_context_handle_flush_dev: 547 No flush device in dev 327963, state 4
06-14 14:50:28.421     0     0 I CAM_WARN: CAM-CORE: cam_context_handle_flush_dev: 547 No flush device in dev 14680343, state 4
06-14 14:50:28.421     0     0 I CAM_WARN: CAM-CORE: cam_context_handle_flush_dev: 547 No flush device in dev 327963, state 4
06-14 14:50:28.423     0     0 I CAM_INFO: CAM-SENSOR: cam_sensor_driver_cmd: 1391 21:50:28.487 CAM_STOP_DEV Success for imx471 sensor_id:0x471,sensor_slave_addr:0x34
06-14 14:50:28.423     0     0 I CAM_INFO: CAM-ISP: cam_ife_mgr_release_hw: 11425 21:50:28.488 Release HW success ctx id: 6
06-14 14:50:28.425     0     0 I CAM_INFO: CAM-SENSOR: cam_sensor_driver_cmd: 1391 21:50:28.489 CAM_STOP_DEV Success for imx471 sensor_id:0x471,sensor_slave_addr:0x34
06-14 14:50:28.425     0     0 I CAM_INFO: CAM-ISP: cam_ife_mgr_release_hw: 11425 21:50:28.490 Release HW success ctx id: 7
06-14 14:50:28.429     0     0 I CAM_INFO: CAM-SENSOR: cam_sensor_driver_cmd: 1270 CAM_RELEASE_DEV Success for imx471 sensor_id:0x471, slave_addr:0x34
06-14 14:50:28.448     0     0 I CAM_INFO: CAM-SENSOR: cam_sensor_driver_cmd: 1270 CAM_RELEASE_DEV Success for imx471 sensor_id:0x471, slave_addr:0x34
06-14 14:50:28.667     0     0 I CAM_INFO: CAM-SENSOR: cam_sensor_driver_cmd: 1211 CAM_ACQUIRE_DEV Success for imx471 id:0x471,slave-addr:0x34 crm:[0]
06-14 14:50:28.671    21    21 I CAM_INFO: CAM-SMMU: cam_smmu_map_user_iova: 3257 fd=864 already in list [21:50:28:736] cb=ife idx=0 handle=18388 len=573440,give same addr back
06-14 14:50:28.672    21    21 I CAM_INFO: CAM-SMMU: cam_smmu_map_user_iova: 3257 fd=865 already in list [21:50:28:736] cb=ife idx=0 handle=18388 len=471040,give same addr back
06-14 14:50:28.672    21    21 I CAM_INFO: CAM-SMMU: cam_smmu_map_user_iova: 3257 fd=866 already in list [21:50:28:736] cb=ife idx=0 handle=18388 len=495616,give same addr back
06-14 14:50:28.684     0     0 I CAM_INFO: CAM-SENSOR: cam_sensor_driver_cmd: 1211 CAM_ACQUIRE_DEV Success for imx471 id:0x471,slave-addr:0x34 crm:[0]
06-14 14:50:28.689    21    21 I CAM_INFO: CAM-SMMU: cam_smmu_map_user_iova: 3257 fd=933 already in list [21:50:28:753] cb=ife idx=0 handle=18388 len=573440,give same addr back
06-14 14:50:28.689    21    21 I CAM_INFO: CAM-SMMU: cam_smmu_map_user_iova: 3257 fd=934 already in list [21:50:28:753] cb=ife idx=0 handle=18388 len=471040,give same addr back
06-14 14:50:28.689    21    21 I CAM_INFO: CAM-SMMU: cam_smmu_map_user_iova: 3257 fd=936 already in list [21:50:28:753] cb=ife idx=0 handle=18388 len=495616,give same addr back
06-14 14:50:28.694     0     0 I CAM_INFO: CAM-CRM: cam_req_mgr_link_v3: 4951 link reserved 0000000000000000 0 trigger_type:1 num_devs:2 sess_hdl:1901076 no_crm:4
06-14 14:50:28.694     0     0 I CAM_INFO: CAM-ISP: cam_ife_hw_mgr_print_acquire_info: 2027 21:50:28.759 Acquired Single IFE[1] with [9 pix] [0 pd] [0 rdi] ports for ctx:8 per_port_enabled :0 sensor:-559038737 ul: 0
06-14 14:50:28.694     0     0 I CAM_INFO: CAM-ISP: __cam_isp_ctx_acquire_hw_v2: 9792 NO CRM session,top state machine assigned for no crm ctx 8
06-14 14:50:28.699     0     0 I CAM_INFO: CAM-ISP: __cam_isp_ctx_start_dev_in_ready: 10826 Start IFE device ctx 8 with irq state machine [Activated State Machine IRQ] in initial SubState [SOF] UL_path 0
06-14 14:50:28.699     0     0 I CAM_INFO: CAM-SENSOR: cam_sensor_driver_cmd: 1352 21:50:28.763 CAM_START_DEV[5] Success for imx471 sensor_id:0x471,sensor_slave_addr:0x34
06-14 14:50:28.699     0     0 I CAM_INFO: CAM-CRM: cam_req_mgr_link_v3: 4951 link reserved 0000000000000000 0 trigger_type:1 num_devs:2 sess_hdl:1901076 no_crm:4
06-14 14:50:28.700     0     0 I CAM_INFO: CAM-ISP: cam_ife_hw_mgr_print_acquire_info: 2027 21:50:28.764 Acquired Single IFE[0] with [9 pix] [0 pd] [0 rdi] ports for ctx:9 per_port_enabled :0 sensor:-559038737 ul: 0
06-14 14:50:28.700     0     0 I CAM_INFO: CAM-ISP: __cam_isp_ctx_acquire_hw_v2: 9792 NO CRM session,top state machine assigned for no crm ctx 9
06-14 14:50:28.703     0     0 I CAM_INFO: CAM-ISP: __cam_isp_ctx_start_dev_in_ready: 10826 Start IFE device ctx 9 with irq state machine [Activated State Machine IRQ] in initial SubState [SOF] UL_path 0
06-14 14:50:28.703     0     0 I CAM_INFO: CAM-SENSOR: cam_sensor_driver_cmd: 1352 21:50:28.768 CAM_START_DEV[4] Success for imx471 sensor_id:0x471,sensor_slave_addr:0x34
06-14 14:50:30.295     0     0 W healthd : battery l=95 v=4072 t=35.0 h=2 st=3 c=-2079030 fc=4411000 cc=102 chg=
06-14 14:50:33.283     0     0 E syncboss_spi spi0.0: bad magic from MCU (value: 0xcacacaca, data_ready_irq: 1, wake_timer: 0, send_timer: 0, msg_to_send: 0)
06-14 14:50:37.243     0     0 E syncboss_spi spi0.0: bad magic from MCU (value: 0xcacacaca, data_ready_irq: 1, wake_timer: 0, send_timer: 0, msg_to_send: 1)
06-14 14:50:40.304     0     0 W healthd : battery l=95 v=4067 t=35.0 h=2 st=3 c=-2076467 fc=4411000 cc=102 chg=
06-14 14:50:43.292     0     0 W healthd : battery l=95 v=4071 t=35.0 h=2 st=3 c=-1942797 fc=4411000 cc=102 chg=
06-14 14:50:43.751     0     0 I CAM_INFO: CAM-ISP: __cam_isp_ctx_flush_req_in_top_state: 6201 Last request id to flush is 751, ctx_id:8
06-14 14:50:43.752     0     0 I CAM_INFO: CAM-ISP: __cam_isp_ctx_flush_req_in_top_state: 6223 Stop HW complete. Reset HW next.
06-14 14:50:43.752     0     0 I CAM_INFO: CAM-ISP: __cam_isp_ctx_flush_req_in_top_state: 6201 Last request id to flush is 751, ctx_id:9
06-14 14:50:43.752     0     0 I CAM_INFO: CAM-ISP: __cam_isp_ctx_flush_req_in_top_state: 6223 Stop HW complete. Reset HW next.
06-14 14:50:43.753     0     0 I CAM_WARN: CAM-CORE: cam_context_handle_flush_dev: 547 No flush device in dev 10092823, state 4
06-14 14:50:43.753     0     0 I CAM_WARN: CAM-CORE: cam_context_handle_flush_dev: 547 No flush device in dev 15466779, state 4
06-14 14:50:43.782     0     0 I CAM_WARN: CAM-CORE: cam_context_handle_flush_dev: 547 No flush device in dev 10092823, state 4
06-14 14:50:43.783     0     0 I CAM_WARN: CAM-CORE: cam_context_handle_flush_dev: 547 No flush device in dev 15466779, state 4
06-14 14:50:43.783     0     0 I CAM_WARN: CAM-CORE: cam_context_handle_flush_dev: 547 No flush device in dev 10092823, state 4
06-14 14:50:43.783     0     0 I CAM_WARN: CAM-CORE: cam_context_handle_flush_dev: 547 No flush device in dev 15466779, state 4
06-14 14:50:43.784     0     0 I CAM_INFO: CAM-SENSOR: cam_sensor_driver_cmd: 1391 21:50:43.849 CAM_STOP_DEV Success for imx471 sensor_id:0x471,sensor_slave_addr:0x34
06-14 14:50:43.785     0     0 I CAM_INFO: CAM-ISP: cam_ife_mgr_release_hw: 11425 21:50:43.849 Release HW success ctx id: 8
06-14 14:50:43.786     0     0 I CAM_INFO: CAM-SENSOR: cam_sensor_driver_cmd: 1391 21:50:43.851 CAM_STOP_DEV Success for imx471 sensor_id:0x471,sensor_slave_addr:0x34
06-14 14:50:43.787     0     0 I CAM_INFO: CAM-ISP: cam_ife_mgr_release_hw: 11425 21:50:43.851 Release HW success ctx id: 9
06-14 14:50:43.791     0     0 I CAM_INFO: CAM-SENSOR: cam_sensor_driver_cmd: 1270 CAM_RELEASE_DEV Success for imx471 sensor_id:0x471, slave_addr:0x34
06-14 14:50:43.811     0     0 I CAM_INFO: CAM-SENSOR: cam_sensor_driver_cmd: 1270 CAM_RELEASE_DEV Success for imx471 sensor_id:0x471, slave_addr:0x34
06-14 14:50:43.972     0     0 I CAM_INFO: CAM-SENSOR: cam_sensor_driver_cmd: 1211 CAM_ACQUIRE_DEV Success for imx471 id:0x471,slave-addr:0x34 crm:[0]
06-14 14:50:43.978    21    21 I CAM_INFO: CAM-SMMU: cam_smmu_map_user_iova: 3257 fd=864 already in list [21:50:44:42] cb=ife idx=0 handle=18388 len=573440,give same addr back
06-14 14:50:43.978    21    21 I CAM_INFO: CAM-SMMU: cam_smmu_map_user_iova: 3257 fd=865 already in list [21:50:44:42] cb=ife idx=0 handle=18388 len=471040,give same addr back
06-14 14:50:43.978    21    21 I CAM_INFO: CAM-SMMU: cam_smmu_map_user_iova: 3257 fd=866 already in list [21:50:44:42] cb=ife idx=0 handle=18388 len=495616,give same addr back
06-14 14:50:43.990     0     0 I CAM_INFO: CAM-SENSOR: cam_sensor_driver_cmd: 1211 CAM_ACQUIRE_DEV Success for imx471 id:0x471,slave-addr:0x34 crm:[0]
06-14 14:50:43.996    21    21 I CAM_INFO: CAM-SMMU: cam_smmu_map_user_iova: 3257 fd=933 already in list [21:50:44:60] cb=ife idx=0 handle=18388 len=573440,give same addr back
06-14 14:50:43.996    21    21 I CAM_INFO: CAM-SMMU: cam_smmu_map_user_iova: 3257 fd=934 already in list [21:50:44:61] cb=ife idx=0 handle=18388 len=471040,give same addr back
06-14 14:50:43.996    21    21 I CAM_INFO: CAM-SMMU: cam_smmu_map_user_iova: 3257 fd=936 already in list [21:50:44:61] cb=ife idx=0 handle=18388 len=495616,give same addr back
06-14 14:50:44.004     0     0 I CAM_INFO: CAM-CRM: cam_req_mgr_link_v3: 4951 link reserved 0000000000000000 0 trigger_type:1 num_devs:2 sess_hdl:5636628 no_crm:4
06-14 14:50:44.004     0     0 I CAM_INFO: CAM-ISP: cam_ife_hw_mgr_print_acquire_info: 2027 21:50:44.69 Acquired Single IFE[1] with [9 pix] [0 pd] [0 rdi] ports for ctx:10 per_port_enabled :0 sensor:-559038737 ul: 0
06-14 14:50:44.004     0     0 I CAM_INFO: CAM-ISP: __cam_isp_ctx_acquire_hw_v2: 9792 NO CRM session,top state machine assigned for no crm ctx 10
06-14 14:50:44.009     0     0 I CAM_INFO: CAM-ISP: __cam_isp_ctx_start_dev_in_ready: 10826 Start IFE device ctx 10 with irq state machine [Activated State Machine IRQ] in initial SubState [SOF] UL_path 0
06-14 14:50:44.009     0     0 I CAM_INFO: CAM-SENSOR: cam_sensor_driver_cmd: 1352 21:50:44.73 CAM_START_DEV[5] Success for imx471 sensor_id:0x471,sensor_slave_addr:0x34
06-14 14:50:44.009     0     0 I CAM_INFO: CAM-CRM: cam_req_mgr_link_v3: 4951 link reserved 0000000000000000 0 trigger_type:1 num_devs:2 sess_hdl:5636628 no_crm:4
06-14 14:50:44.010     0     0 I CAM_INFO: CAM-ISP: cam_ife_hw_mgr_print_acquire_info: 2027 21:50:44.74 Acquired Single IFE[0] with [9 pix] [0 pd] [0 rdi] ports for ctx:11 per_port_enabled :0 sensor:-559038737 ul: 0
06-14 14:50:44.010     0     0 I CAM_INFO: CAM-ISP: __cam_isp_ctx_acquire_hw_v2: 9792 NO CRM session,top state machine assigned for no crm ctx 11
06-14 14:50:44.014     0     0 I CAM_INFO: CAM-ISP: __cam_isp_ctx_start_dev_in_ready: 10826 Start IFE device ctx 11 with irq state machine [Activated State Machine IRQ] in initial SubState [SOF] UL_path 0
06-14 14:50:44.014     0     0 I CAM_INFO: CAM-SENSOR: cam_sensor_driver_cmd: 1352 21:50:44.78 CAM_START_DEV[4] Success for imx471 sensor_id:0x471,sensor_slave_addr:0x34
06-14 14:50:50.315     0     0 W healthd : battery l=95 v=4058 t=35.0 h=2 st=3 c=-2094045 fc=4411000 cc=102 chg=
06-14 14:50:51.194     0     0 I CAM_INFO: CAM-CRM: cam_req_mgr_worker_enqueue_task: 452 task aborted and queued back to pool
06-14 14:50:51.194     0     0 I CAM_INFO: CAM-ISP: __cam_isp_ctx_flush_req_in_top_state: 6201 Last request id to flush is 357, ctx_id:10
06-14 14:50:51.194     0     0 I CAM_INFO: CAM-ISP: __cam_isp_ctx_flush_req_in_top_state: 6223 Stop HW complete. Reset HW next.
06-14 14:50:51.194     0     0 I CAM_INFO: CAM-ISP: __cam_isp_ctx_flush_req_in_top_state: 6201 Last request id to flush is 357, ctx_id:11
06-14 14:50:51.195     0     0 I CAM_INFO: CAM-ISP: __cam_isp_ctx_flush_req_in_top_state: 6223 Stop HW complete. Reset HW next.
06-14 14:50:51.196     0     0 I CAM_WARN: CAM-CORE: cam_context_handle_flush_dev: 547 No flush device in dev 9044247, state 4
06-14 14:50:51.196     0     0 I CAM_WARN: CAM-CORE: cam_context_handle_flush_dev: 547 No flush device in dev 9371931, state 4
06-14 14:50:51.225     0     0 I CAM_WARN: CAM-CORE: cam_context_handle_flush_dev: 547 No flush device in dev 9044247, state 4
06-14 14:50:51.225     0     0 I CAM_WARN: CAM-CORE: cam_context_handle_flush_dev: 547 No flush device in dev 9371931, state 4
06-14 14:50:51.225     0     0 I CAM_WARN: CAM-CORE: cam_context_handle_flush_dev: 547 No flush device in dev 9044247, state 4
06-14 14:50:51.225     0     0 I CAM_WARN: CAM-CORE: cam_context_handle_flush_dev: 547 No flush device in dev 9371931, state 4
06-14 14:50:51.227     0     0 I CAM_INFO: CAM-SENSOR: cam_sensor_driver_cmd: 1391 21:50:51.292 CAM_STOP_DEV Success for imx471 sensor_id:0x471,sensor_slave_addr:0x34
06-14 14:50:51.228     0     0 I CAM_INFO: CAM-ISP: cam_ife_mgr_release_hw: 11425 21:50:51.292 Release HW success ctx id: 10
06-14 14:50:51.230     0     0 I CAM_INFO: CAM-SENSOR: cam_sensor_driver_cmd: 1391 21:50:51.294 CAM_STOP_DEV Success for imx471 sensor_id:0x471,sensor_slave_addr:0x34
06-14 14:50:51.230     0     0 I CAM_INFO: CAM-ISP: cam_ife_mgr_release_hw: 11425 21:50:51.294 Release HW success ctx id: 11
06-14 14:50:51.234     0     0 I CAM_INFO: CAM-SENSOR: cam_sensor_driver_cmd: 1270 CAM_RELEASE_DEV Success for imx471 sensor_id:0x471, slave_addr:0x34
06-14 14:50:51.254     0     0 I CAM_INFO: CAM-SENSOR: cam_sensor_driver_cmd: 1270 CAM_RELEASE_DEV Success for imx471 sensor_id:0x471, slave_addr:0x34
06-14 14:50:52.514     0     0 I msm_cvp : warn: DBLP Set: status 0 0
06-14 14:50:52.515     0     0 I msm_cvp : pwr: cvp (eva) power collapsed
06-14 14:50:53.764     0     0 I CAM_INFO: CAM-SENSOR: cam_sensor_driver_cmd: 1211 CAM_ACQUIRE_DEV Success for imx471 id:0x471,slave-addr:0x34 crm:[0]
06-14 14:50:53.773    21    21 I CAM_INFO: CAM-SMMU: cam_smmu_map_user_iova: 3257 fd=864 already in list [21:50:53:837] cb=ife idx=0 handle=18388 len=573440,give same addr back
06-14 14:50:53.773    21    21 I CAM_INFO: CAM-SMMU: cam_smmu_map_user_iova: 3257 fd=865 already in list [21:50:53:837] cb=ife idx=0 handle=18388 len=471040,give same addr back
06-14 14:50:53.773    21    21 I CAM_INFO: CAM-SMMU: cam_smmu_map_user_iova: 3257 fd=866 already in list [21:50:53:837] cb=ife idx=0 handle=18388 len=495616,give same addr back
06-14 14:50:53.785     0     0 I CAM_INFO: CAM-SENSOR: cam_sensor_driver_cmd: 1211 CAM_ACQUIRE_DEV Success for imx471 id:0x471,slave-addr:0x34 crm:[0]
06-14 14:50:53.789    21    21 I CAM_INFO: CAM-SMMU: cam_smmu_map_user_iova: 3257 fd=933 already in list [21:50:53:853] cb=ife idx=0 handle=18388 len=573440,give same addr back
06-14 14:50:53.789    21    21 I CAM_INFO: CAM-SMMU: cam_smmu_map_user_iova: 3257 fd=934 already in list [21:50:53:853] cb=ife idx=0 handle=18388 len=471040,give same addr back
06-14 14:50:53.789    21    21 I CAM_INFO: CAM-SMMU: cam_smmu_map_user_iova: 3257 fd=936 already in list [21:50:53:853] cb=ife idx=0 handle=18388 len=495616,give same addr back
06-14 14:50:53.793     0     0 I CAM_INFO: CAM-CRM: cam_req_mgr_link_v3: 4951 link reserved 0000000000000000 0 trigger_type:1 num_devs:2 sess_hdl:6029844 no_crm:4
06-14 14:50:53.794     0     0 I CAM_INFO: CAM-ISP: cam_ife_hw_mgr_print_acquire_info: 2027 21:50:53.858 Acquired Single IFE[1] with [9 pix] [0 pd] [0 rdi] ports for ctx:4 per_port_enabled :0 sensor:-559038737 ul: 0
06-14 14:50:53.794     0     0 I CAM_INFO: CAM-ISP: __cam_isp_ctx_acquire_hw_v2: 9792 NO CRM session,top state machine assigned for no crm ctx 4
06-14 14:50:53.800     0     0 I CAM_INFO: CAM-ISP: __cam_isp_ctx_start_dev_in_ready: 10826 Start IFE device ctx 4 with irq state machine [Activated State Machine IRQ] in initial SubState [SOF] UL_path 0
06-14 14:50:53.800     0     0 I CAM_INFO: CAM-SENSOR: cam_sensor_driver_cmd: 1352 21:50:53.864 CAM_START_DEV[5] Success for imx471 sensor_id:0x471,sensor_slave_addr:0x34
06-14 14:50:53.800     0     0 I CAM_INFO: CAM-CRM: cam_req_mgr_link_v3: 4951 link reserved 0000000000000000 0 trigger_type:1 num_devs:2 sess_hdl:6029844 no_crm:4
06-14 14:50:53.801     0     0 I CAM_INFO: CAM-ISP: cam_ife_hw_mgr_print_acquire_info: 2027 21:50:53.865 Acquired Single IFE[0] with [9 pix] [0 pd] [0 rdi] ports for ctx:5 per_port_enabled :0 sensor:-559038737 ul: 0
06-14 14:50:53.801     0     0 I CAM_INFO: CAM-ISP: __cam_isp_ctx_acquire_hw_v2: 9792 NO CRM session,top state machine assigned for no crm ctx 5
06-14 14:50:53.805     0     0 I CAM_INFO: CAM-ISP: __cam_isp_ctx_start_dev_in_ready: 10826 Start IFE device ctx 5 with irq state machine [Activated State Machine IRQ] in initial SubState [SOF] UL_path 0
06-14 14:50:53.806     0     0 I CAM_INFO: CAM-SENSOR: cam_sensor_driver_cmd: 1352 21:50:53.870 CAM_START_DEV[4] Success for imx471 sensor_id:0x471,sensor_slave_addr:0x34
06-14 14:50:53.885     0     0 I msm_cvp : pwr: cvp (eva) powered on
06-14 14:50:54.723     0     0 E syncboss_spi spi0.0: bad magic from MCU (value: 0xcacacaca, data_ready_irq: 1, wake_timer: 0, send_timer: 0, msg_to_send: 1)
06-14 14:50:55.433     0     0 I CAM_INFO: CAM-ISP: __cam_isp_ctx_flush_req_in_top_state: 6201 Last request id to flush is 80, ctx_id:4
06-14 14:50:55.433     0     0 I CAM_INFO: CAM-ISP: __cam_isp_ctx_flush_req_in_top_state: 6223 Stop HW complete. Reset HW next.
06-14 14:50:55.433     0     0 I CAM_INFO: CAM-ISP: __cam_isp_ctx_flush_req_in_top_state: 6201 Last request id to flush is 80, ctx_id:5
06-14 14:50:55.434     0     0 I CAM_INFO: CAM-ISP: __cam_isp_ctx_flush_req_in_top_state: 6223 Stop HW complete. Reset HW next.
06-14 14:50:55.434     0     0 I CAM_WARN: CAM-CORE: cam_context_handle_flush_dev: 547 No flush device in dev 12517655, state 4
06-14 14:50:55.434     0     0 I CAM_WARN: CAM-CORE: cam_context_handle_flush_dev: 547 No flush device in dev 7667995, state 4
06-14 14:50:55.464     0     0 I CAM_WARN: CAM-CORE: cam_context_handle_flush_dev: 547 No flush device in dev 12517655, state 4
06-14 14:50:55.464     0     0 I CAM_WARN: CAM-CORE: cam_context_handle_flush_dev: 547 No flush device in dev 7667995, state 4
06-14 14:50:55.464     0     0 I CAM_WARN: CAM-CORE: cam_context_handle_flush_dev: 547 No flush device in dev 12517655, state 4
06-14 14:50:55.464     0     0 I CAM_WARN: CAM-CORE: cam_context_handle_flush_dev: 547 No flush device in dev 7667995, state 4
06-14 14:50:55.466     0     0 I CAM_INFO: CAM-SENSOR: cam_sensor_driver_cmd: 1391 21:50:55.530 CAM_STOP_DEV Success for imx471 sensor_id:0x471,sensor_slave_addr:0x34
06-14 14:50:55.466     0     0 I CAM_INFO: CAM-ISP: cam_ife_mgr_release_hw: 11425 21:50:55.531 Release HW success ctx id: 4
06-14 14:50:55.468     0     0 I CAM_INFO: CAM-SENSOR: cam_sensor_driver_cmd: 1391 21:50:55.533 CAM_STOP_DEV Success for imx471 sensor_id:0x471,sensor_slave_addr:0x34
06-14 14:50:55.469     0     0 I CAM_INFO: CAM-ISP: cam_ife_mgr_release_hw: 11425 21:50:55.533 Release HW success ctx id: 5
06-14 14:50:55.472     0     0 I CAM_INFO: CAM-SENSOR: cam_sensor_driver_cmd: 1270 CAM_RELEASE_DEV Success for imx471 sensor_id:0x471, slave_addr:0x34
06-14 14:50:55.494     0     0 I CAM_INFO: CAM-SENSOR: cam_sensor_driver_cmd: 1270 CAM_RELEASE_DEV Success for imx471 sensor_id:0x471, slave_addr:0x34
06-14 14:50:55.549     0     0 I CAM_INFO: CAM-SENSOR: cam_sensor_driver_cmd: 1211 CAM_ACQUIRE_DEV Success for imx471 id:0x471,slave-addr:0x34 crm:[0]
06-14 14:50:55.553    21    21 I CAM_INFO: CAM-SMMU: cam_smmu_map_user_iova: 3257 fd=864 already in list [21:50:55:618] cb=ife idx=0 handle=18388 len=573440,give same addr back
06-14 14:50:55.554    21    21 I CAM_INFO: CAM-SMMU: cam_smmu_map_user_iova: 3257 fd=865 already in list [21:50:55:618] cb=ife idx=0 handle=18388 len=471040,give same addr back
06-14 14:50:55.554    21    21 I CAM_INFO: CAM-SMMU: cam_smmu_map_user_iova: 3257 fd=866 already in list [21:50:55:618] cb=ife idx=0 handle=18388 len=495616,give same addr back
06-14 14:50:55.567     0     0 I CAM_INFO: CAM-SENSOR: cam_sensor_driver_cmd: 1211 CAM_ACQUIRE_DEV Success for imx471 id:0x471,slave-addr:0x34 crm:[0]
06-14 14:50:55.574    21    21 I CAM_INFO: CAM-SMMU: cam_smmu_map_user_iova: 3257 fd=933 already in list [21:50:55:638] cb=ife idx=0 handle=18388 len=573440,give same addr back
06-14 14:50:55.574    21    21 I CAM_INFO: CAM-SMMU: cam_smmu_map_user_iova: 3257 fd=934 already in list [21:50:55:638] cb=ife idx=0 handle=18388 len=471040,give same addr back
06-14 14:50:55.574    21    21 I CAM_INFO: CAM-SMMU: cam_smmu_map_user_iova: 3257 fd=936 already in list [21:50:55:638] cb=ife idx=0 handle=18388 len=495616,give same addr back
06-14 14:50:55.581     0     0 I CAM_INFO: CAM-CRM: cam_req_mgr_link_v3: 4951 link reserved 0000000000000000 0 trigger_type:1 num_devs:2 sess_hdl:12780052 no_crm:4
06-14 14:50:55.581     0     0 I CAM_INFO: CAM-ISP: cam_ife_hw_mgr_print_acquire_info: 2027 21:50:55.645 Acquired Single IFE[1] with [9 pix] [0 pd] [0 rdi] ports for ctx:14 per_port_enabled :0 sensor:-559038737 ul: 0
06-14 14:50:55.581     0     0 I CAM_INFO: CAM-ISP: __cam_isp_ctx_acquire_hw_v2: 9792 NO CRM session,top state machine assigned for no crm ctx 14
06-14 14:50:55.584     0     0 I CAM_INFO: CAM-ISP: __cam_isp_ctx_start_dev_in_ready: 10826 Start IFE device ctx 14 with irq state machine [Activated State Machine IRQ] in initial SubState [SOF] UL_path 0
06-14 14:50:55.585     0     0 I CAM_INFO: CAM-SENSOR: cam_sensor_driver_cmd: 1352 21:50:55.649 CAM_START_DEV[5] Success for imx471 sensor_id:0x471,sensor_slave_addr:0x34
06-14 14:50:55.585     0     0 I CAM_INFO: CAM-CRM: cam_req_mgr_link_v3: 4951 link reserved 0000000000000000 0 trigger_type:1 num_devs:2 sess_hdl:12780052 no_crm:4
06-14 14:50:55.585     0     0 I CAM_INFO: CAM-ISP: cam_ife_hw_mgr_print_acquire_info: 2027 21:50:55.649 Acquired Single IFE[0] with [9 pix] [0 pd] [0 rdi] ports for ctx:15 per_port_enabled :0 sensor:-559038737 ul: 0
06-14 14:50:55.585     0     0 I CAM_INFO: CAM-ISP: __cam_isp_ctx_acquire_hw_v2: 9792 NO CRM session,top state machine assigned for no crm ctx 15
06-14 14:50:55.589     0     0 I CAM_INFO: CAM-ISP: __cam_isp_ctx_start_dev_in_ready: 10826 Start IFE device ctx 15 with irq state machine [Activated State Machine IRQ] in initial SubState [SOF] UL_path 0
06-14 14:50:55.589     0     0 I CAM_INFO: CAM-SENSOR: cam_sensor_driver_cmd: 1352 21:50:55.653 CAM_START_DEV[4] Success for imx471 sensor_id:0x471,sensor_slave_addr:0x34
06-14 14:50:59.194     0     0 I CAM_INFO: CAM-ISP: __cam_isp_ctx_flush_req_in_top_state: 6201 Last request id to flush is 178, ctx_id:14
06-14 14:50:59.195     0     0 I CAM_INFO: CAM-ISP: __cam_isp_ctx_flush_req_in_top_state: 6223 Stop HW complete. Reset HW next.
06-14 14:50:59.195     0     0 I CAM_INFO: CAM-ISP: __cam_isp_ctx_flush_req_in_top_state: 6201 Last request id to flush is 178, ctx_id:15
06-14 14:50:59.196     0     0 I CAM_INFO: CAM-ISP: __cam_isp_ctx_flush_req_in_top_state: 6223 Stop HW complete. Reset HW next.
06-14 14:50:59.196     0     0 I CAM_WARN: CAM-CORE: cam_context_handle_flush_dev: 547 No flush device in dev 4129047, state 4
06-14 14:50:59.196     0     0 I CAM_WARN: CAM-CORE: cam_context_handle_flush_dev: 547 No flush device in dev 3080475, state 4
06-14 14:50:59.226     0     0 I CAM_WARN: CAM-CORE: cam_context_handle_flush_dev: 547 No flush device in dev 4129047, state 4
06-14 14:50:59.226     0     0 I CAM_WARN: CAM-CORE: cam_context_handle_flush_dev: 547 No flush device in dev 3080475, state 4
06-14 14:50:59.226     0     0 I CAM_WARN: CAM-CORE: cam_context_handle_flush_dev: 547 No flush device in dev 4129047, state 4
06-14 14:50:59.226     0     0 I CAM_WARN: CAM-CORE: cam_context_handle_flush_dev: 547 No flush device in dev 3080475, state 4
06-14 14:50:59.228     0     0 I CAM_INFO: CAM-SENSOR: cam_sensor_driver_cmd: 1391 21:50:59.292 CAM_STOP_DEV Success for imx471 sensor_id:0x471,sensor_slave_addr:0x34
06-14 14:50:59.228     0     0 I CAM_INFO: CAM-ISP: cam_ife_mgr_release_hw: 11425 21:50:59.293 Release HW success ctx id: 14
06-14 14:50:59.231     0     0 I CAM_INFO: CAM-SENSOR: cam_sensor_driver_cmd: 1391 21:50:59.295 CAM_STOP_DEV Success for imx471 sensor_id:0x471,sensor_slave_addr:0x34
06-14 14:50:59.232     0     0 I CAM_INFO: CAM-ISP: cam_ife_mgr_release_hw: 11425 21:50:59.296 Release HW success ctx id: 15
06-14 14:50:59.236     0     0 I CAM_INFO: CAM-SENSOR: cam_sensor_driver_cmd: 1270 CAM_RELEASE_DEV Success for imx471 sensor_id:0x471, slave_addr:0x34
06-14 14:50:59.256     0     0 I CAM_INFO: CAM-SENSOR: cam_sensor_driver_cmd: 1270 CAM_RELEASE_DEV Success for imx471 sensor_id:0x471, slave_addr:0x34
06-14 14:50:59.452     0     0 I init    : starting service 'wifitelemetry'...
06-14 14:50:59.456     0     0 I init    : ... started service 'wifitelemetry' has pid 9812
06-14 14:50:59.499     0     0 I binder  : undelivered death notification, b400007da222b940
06-14 14:50:59.499     0     0 I init    : Service 'wifitelemetry' (pid 9812) exited with status 0
06-14 14:50:59.499     0     0 I init    : Sending signal 9 to service 'wifitelemetry' (pid 9812) process group...
06-14 14:50:59.499     0     0 I libprocessgroup: Successfully killed process cgroup uid 1000 pid 9812 in 0ms
06-14 14:50:59.500     0     0 I init    : waitpid(9812) returned 9812
06-14 14:51:00.325     0     0 W healthd : battery l=95 v=4073 t=35.0 h=2 st=3 c=-1915696 fc=4411000 cc=102 chg=
06-14 14:51:00.412     0     0 I msm_cvp : warn: DBLP Set: status 0 0
06-14 14:51:00.413     0     0 I msm_cvp : pwr: cvp (eva) power collapsed
06-14 14:51:03.191     0     0 I msm_cvp : pwr: cvp (eva) powered on
06-14 14:51:03.319     0     0 I msm_cvp : warn: Failed flush DSP frame retried 62
06-14 14:51:03.319     0     0 I synx    : info: synx_client_destroy: 1352: [sess :23] session removed cvp-kernel-client
06-14 14:51:03.320     0     0 I msm_cvp : sess: Closed cvp instance: 0000000000000000 session_id = 2147418133
06-14 14:51:03.320     0     0 I         : Info: adsprpc (8222): 577: 577: cvp-dsp-thread: fastrpc_driver_unregister: Un-registering fastrpc driver qcom,fastcv0 with handle 1257
06-14 14:51:06.594     0     0 I msm_cvp : warn: DBLP Set: status 0 0
06-14 14:51:06.595     0     0 I msm_cvp : pwr: cvp (eva) power collapsed
06-14 14:51:08.884     0     0 I CAM_INFO: CAM-SENSOR: cam_sensor_driver_cmd: 1211 CAM_ACQUIRE_DEV Success for imx471 id:0x471,slave-addr:0x34 crm:[0]
06-14 14:51:08.890    21    21 I CAM_INFO: CAM-SMMU: cam_smmu_map_user_iova: 3257 fd=864 already in list [21:51:8:954] cb=ife idx=0 handle=18388 len=573440,give same addr back
06-14 14:51:08.890    21    21 I CAM_INFO: CAM-SMMU: cam_smmu_map_user_iova: 3257 fd=865 already in list [21:51:8:954] cb=ife idx=0 handle=18388 len=471040,give same addr back
06-14 14:51:08.890    21    21 I CAM_INFO: CAM-SMMU: cam_smmu_map_user_iova: 3257 fd=866 already in list [21:51:8:955] cb=ife idx=0 handle=18388 len=495616,give same addr back
06-14 14:51:08.903     0     0 I CAM_INFO: CAM-SENSOR: cam_sensor_driver_cmd: 1211 CAM_ACQUIRE_DEV Success for imx471 id:0x471,slave-addr:0x34 crm:[0]
06-14 14:51:08.905    21    21 I CAM_INFO: CAM-SMMU: cam_smmu_map_user_iova: 3257 fd=933 already in list [21:51:8:970] cb=ife idx=0 handle=18388 len=573440,give same addr back
06-14 14:51:08.906    21    21 I CAM_INFO: CAM-SMMU: cam_smmu_map_user_iova: 3257 fd=934 already in list [21:51:8:970] cb=ife idx=0 handle=18388 len=471040,give same addr back
06-14 14:51:08.906    21    21 I CAM_INFO: CAM-SMMU: cam_smmu_map_user_iova: 3257 fd=936 already in list [21:51:8:970] cb=ife idx=0 handle=18388 len=495616,give same addr back
06-14 14:51:08.910     0     0 I CAM_INFO: CAM-CRM: cam_req_mgr_link_v3: 4951 link reserved 0000000000000000 0 trigger_type:1 num_devs:2 sess_hdl:5505556 no_crm:4
06-14 14:51:08.910     0     0 I CAM_INFO: CAM-ISP: cam_ife_hw_mgr_print_acquire_info: 2027 21:51:8.975 Acquired Single IFE[1] with [9 pix] [0 pd] [0 rdi] ports for ctx:0 per_port_enabled :0 sensor:-559038737 ul: 0
06-14 14:51:08.910     0     0 I CAM_INFO: CAM-ISP: __cam_isp_ctx_acquire_hw_v2: 9792 NO CRM session,top state machine assigned for no crm ctx 0
06-14 14:51:08.913     0     0 I CAM_INFO: CAM-ISP: __cam_isp_ctx_start_dev_in_ready: 10826 Start IFE device ctx 0 with irq state machine [Activated State Machine IRQ] in initial SubState [SOF] UL_path 0
06-14 14:51:08.914     0     0 I CAM_INFO: CAM-SENSOR: cam_sensor_driver_cmd: 1352 21:51:8.978 CAM_START_DEV[5] Success for imx471 sensor_id:0x471,sensor_slave_addr:0x34
06-14 14:51:08.914     0     0 I CAM_INFO: CAM-CRM: cam_req_mgr_link_v3: 4951 link reserved 0000000000000000 0 trigger_type:1 num_devs:2 sess_hdl:5505556 no_crm:4
06-14 14:51:08.914     0     0 I CAM_INFO: CAM-ISP: cam_ife_hw_mgr_print_acquire_info: 2027 21:51:8.978 Acquired Single IFE[0] with [9 pix] [0 pd] [0 rdi] ports for ctx:1 per_port_enabled :0 sensor:-559038737 ul: 0
06-14 14:51:08.914     0     0 I CAM_INFO: CAM-ISP: __cam_isp_ctx_acquire_hw_v2: 9792 NO CRM session,top state machine assigned for no crm ctx 1
06-14 14:51:08.917     0     0 I CAM_INFO: CAM-ISP: __cam_isp_ctx_start_dev_in_ready: 10826 Start IFE device ctx 1 with irq state machine [Activated State Machine IRQ] in initial SubState [SOF] UL_path 0
06-14 14:51:08.917     0     0 I CAM_INFO: CAM-SENSOR: cam_sensor_driver_cmd: 1352 21:51:8.982 CAM_START_DEV[4] Success for imx471 sensor_id:0x471,sensor_slave_addr:0x34
06-14 14:51:09.004     0     0 I         : Info: adsprpc (8241): 577: 577: cvp-dsp-thread: fastrpc_driver_register: fastrpc driver qcom,fastcv0 registered with handle 1257
06-14 14:51:09.004     0     0 I msm_cvp : sess: Opening cvp instance: 0000000000000000 pid = 577 tgid = 577
06-14 14:51:09.007     0     0 I msm_cvp : pwr: cvp (eva) powered on
06-14 14:51:09.010     0     0 I synx    : info: synx_initialize: 2303: [sess :24] session created cvp-kernel-client
06-14 14:51:09.639     0     0 E syncboss_spi spi0.0: bad magic from MCU (value: 0xcacacaca, data_ready_irq: 1, wake_timer: 0, send_timer: 0, msg_to_send: 0)
06-14 14:51:10.337     0     0 W healthd : battery l=95 v=4041 t=35.0 h=2 st=3 c=-2283381 fc=4411000 cc=102 chg=
06-14 14:51:16.394     0     0 I CAM_INFO: CAM-ISP: __cam_isp_ctx_flush_req_in_top_state: 6201 Last request id to flush is 372, ctx_id:0
06-14 14:51:16.394     0     0 I CAM_INFO: CAM-ISP: __cam_isp_ctx_flush_req_in_top_state: 6223 Stop HW complete. Reset HW next.
06-14 14:51:16.394     0     0 I CAM_INFO: CAM-ISP: __cam_isp_ctx_flush_req_in_top_state: 6201 Last request id to flush is 372, ctx_id:1
06-14 14:51:16.395     0     0 I CAM_INFO: CAM-ISP: __cam_isp_ctx_flush_req_in_top_state: 6223 Stop HW complete. Reset HW next.
06-14 14:51:16.395     0     0 I CAM_WARN: CAM-CORE: cam_context_handle_flush_dev: 547 No flush device in dev 16056599, state 4
06-14 14:51:16.395     0     0 I CAM_WARN: CAM-CORE: cam_context_handle_flush_dev: 547 No flush device in dev 1573147, state 4
06-14 14:51:16.425     0     0 I CAM_WARN: CAM-CORE: cam_context_handle_flush_dev: 547 No flush device in dev 16056599, state 4
06-14 14:51:16.425     0     0 I CAM_WARN: CAM-CORE: cam_context_handle_flush_dev: 547 No flush device in dev 1573147, state 4
06-14 14:51:16.425     0     0 I CAM_WARN: CAM-CORE: cam_context_handle_flush_dev: 547 No flush device in dev 16056599, state 4
06-14 14:51:16.425     0     0 I CAM_WARN: CAM-CORE: cam_context_handle_flush_dev: 547 No flush device in dev 1573147, state 4
06-14 14:51:16.427     0     0 I CAM_INFO: CAM-SENSOR: cam_sensor_driver_cmd: 1391 21:51:16.491 CAM_STOP_DEV Success for imx471 sensor_id:0x471,sensor_slave_addr:0x34
06-14 14:51:16.427     0     0 I CAM_INFO: CAM-ISP: cam_ife_mgr_release_hw: 11425 21:51:16.492 Release HW success ctx id: 0
06-14 14:51:16.429     0     0 I CAM_INFO: CAM-SENSOR: cam_sensor_driver_cmd: 1391 21:51:16.494 CAM_STOP_DEV Success for imx471 sensor_id:0x471,sensor_slave_addr:0x34
06-14 14:51:16.430     0     0 I CAM_INFO: CAM-ISP: cam_ife_mgr_release_hw: 11425 21:51:16.494 Release HW success ctx id: 1
06-14 14:51:16.433     0     0 I CAM_INFO: CAM-SENSOR: cam_sensor_driver_cmd: 1270 CAM_RELEASE_DEV Success for imx471 sensor_id:0x471, slave_addr:0x34
06-14 14:51:16.450     0     0 I CAM_INFO: CAM-SENSOR: cam_sensor_driver_cmd: 1270 CAM_RELEASE_DEV Success for imx471 sensor_id:0x471, slave_addr:0x34
06-14 14:51:17.806     0     0 W healthd : battery l=94 v=4082 t=36.0 h=2 st=3 c=-1724163 fc=4411000 cc=102 chg=
06-14 14:51:18.541     0     0 I msm_cvp : warn: DBLP Set: status 0 0
06-14 14:51:18.542     0     0 I msm_cvp : pwr: cvp (eva) power collapsed
06-14 14:51:20.345     0     0 W healthd : battery l=94 v=4093 t=36.0 h=2 st=3 c=-1563759 fc=4411000 cc=102 chg=
06-14 14:51:20.393     0     0 I msm_cvp : pwr: cvp (eva) powered on
06-14 14:51:20.515     0     0 I msm_cvp : warn: Failed flush DSP frame retried 62
06-14 14:51:20.517     0     0 I synx    : info: synx_client_destroy: 1352: [sess :24] session removed cvp-kernel-client
06-14 14:51:20.517     0     0 I msm_cvp : sess: Closed cvp instance: 0000000000000000 session_id = 2147418134
06-14 14:51:20.517     0     0 I         : Info: adsprpc (8222): 577: 577: cvp-dsp-thread: fastrpc_driver_unregister: Un-registering fastrpc driver qcom,fastcv0 with handle 1257
06-14 14:51:20.941     0     0 I CAM_INFO: CAM-SENSOR: cam_sensor_driver_cmd: 1211 CAM_ACQUIRE_DEV Success for imx471 id:0x471,slave-addr:0x34 crm:[0]
06-14 14:51:20.955    21    21 I CAM_INFO: CAM-SMMU: cam_smmu_map_user_iova: 3257 fd=864 already in list [21:51:21:20] cb=ife idx=0 handle=18388 len=573440,give same addr back
06-14 14:51:20.956    21    21 I CAM_INFO: CAM-SMMU: cam_smmu_map_user_iova: 3257 fd=865 already in list [21:51:21:20] cb=ife idx=0 handle=18388 len=471040,give same addr back
06-14 14:51:20.956    21    21 I CAM_INFO: CAM-SMMU: cam_smmu_map_user_iova: 3257 fd=866 already in list [21:51:21:20] cb=ife idx=0 handle=18388 len=495616,give same addr back
06-14 14:51:20.969     0     0 I CAM_INFO: CAM-SENSOR: cam_sensor_driver_cmd: 1211 CAM_ACQUIRE_DEV Success for imx471 id:0x471,slave-addr:0x34 crm:[0]
06-14 14:51:20.976    21    21 I CAM_INFO: CAM-SMMU: cam_smmu_map_user_iova: 3257 fd=933 already in list [21:51:21:40] cb=ife idx=0 handle=18388 len=573440,give same addr back
06-14 14:51:20.976    21    21 I CAM_INFO: CAM-SMMU: cam_smmu_map_user_iova: 3257 fd=934 already in list [21:51:21:41] cb=ife idx=0 handle=18388 len=471040,give same addr back
06-14 14:51:20.977    21    21 I CAM_INFO: CAM-SMMU: cam_smmu_map_user_iova: 3257 fd=936 already in list [21:51:21:41] cb=ife idx=0 handle=18388 len=495616,give same addr back
06-14 14:51:20.981     0     0 I CAM_INFO: CAM-CRM: cam_req_mgr_link_v3: 4951 link reserved 0000000000000000 0 trigger_type:1 num_devs:2 sess_hdl:10617364 no_crm:4
06-14 14:51:20.981     0     0 I CAM_INFO: CAM-ISP: cam_ife_hw_mgr_print_acquire_info: 2027 21:51:21.46 Acquired Single IFE[1] with [9 pix] [0 pd] [0 rdi] ports for ctx:6 per_port_enabled :0 sensor:-559038737 ul: 0
06-14 14:51:20.981     0     0 I CAM_INFO: CAM-ISP: __cam_isp_ctx_acquire_hw_v2: 9792 NO CRM session,top state machine assigned for no crm ctx 6
06-14 14:51:20.985     0     0 I CAM_INFO: CAM-ISP: __cam_isp_ctx_start_dev_in_ready: 10826 Start IFE device ctx 6 with irq state machine [Activated State Machine IRQ] in initial SubState [SOF] UL_path 0
06-14 14:51:20.985     0     0 I CAM_INFO: CAM-SENSOR: cam_sensor_driver_cmd: 1352 21:51:21.49 CAM_START_DEV[5] Success for imx471 sensor_id:0x471,sensor_slave_addr:0x34
06-14 14:51:20.985     0     0 I CAM_INFO: CAM-CRM: cam_req_mgr_link_v3: 4951 link reserved 0000000000000000 0 trigger_type:1 num_devs:2 sess_hdl:10617364 no_crm:4
06-14 14:51:20.985     0     0 I CAM_INFO: CAM-ISP: cam_ife_hw_mgr_print_acquire_info: 2027 21:51:21.50 Acquired Single IFE[0] with [9 pix] [0 pd] [0 rdi] ports for ctx:7 per_port_enabled :0 sensor:-559038737 ul: 0
06-14 14:51:20.985     0     0 I CAM_INFO: CAM-ISP: __cam_isp_ctx_acquire_hw_v2: 9792 NO CRM session,top state machine assigned for no crm ctx 7
06-14 14:51:20.989     0     0 I CAM_INFO: CAM-ISP: __cam_isp_ctx_start_dev_in_ready: 10826 Start IFE device ctx 7 with irq state machine [Activated State Machine IRQ] in initial SubState [SOF] UL_path 0
06-14 14:51:20.990     0     0 I CAM_INFO: CAM-SENSOR: cam_sensor_driver_cmd: 1352 21:51:21.54 CAM_START_DEV[4] Success for imx471 sensor_id:0x471,sensor_slave_addr:0x34
06-14 14:51:21.066     0     0 I         : Info: adsprpc (8241): 577: 577: cvp-dsp-thread: fastrpc_driver_register: fastrpc driver qcom,fastcv0 registered with handle 1257
06-14 14:51:21.066     0     0 I msm_cvp : sess: Opening cvp instance: 0000000000000000 pid = 577 tgid = 577
06-14 14:51:21.068     0     0 I synx    : info: synx_initialize: 2303: [sess :25] session created cvp-kernel-client
06-14 14:51:24.273     0     0 I CAM_INFO: CAM-ISP: __cam_isp_ctx_flush_req_in_top_state: 6201 Last request id to flush is 163, ctx_id:6
06-14 14:51:24.274     0     0 I CAM_INFO: CAM-ISP: __cam_isp_ctx_flush_req_in_top_state: 6223 Stop HW complete. Reset HW next.
06-14 14:51:24.274     0     0 I CAM_INFO: CAM-ISP: __cam_isp_ctx_flush_req_in_top_state: 6201 Last request id to flush is 163, ctx_id:7
06-14 14:51:24.274     0     0 I CAM_INFO: CAM-ISP: __cam_isp_ctx_flush_req_in_top_state: 6223 Stop HW complete. Reset HW next.
06-14 14:51:24.274     0     0 I CAM_WARN: CAM-CORE: cam_context_handle_flush_dev: 547 No flush device in dev 10944791, state 4
06-14 14:51:24.274     0     0 I CAM_WARN: CAM-CORE: cam_context_handle_flush_dev: 547 No flush device in dev 2294043, state 4
06-14 14:51:24.304     0     0 I CAM_WARN: CAM-CORE: cam_context_handle_flush_dev: 547 No flush device in dev 10944791, state 4
06-14 14:51:24.305     0     0 I CAM_WARN: CAM-CORE: cam_context_handle_flush_dev: 547 No flush device in dev 2294043, state 4
06-14 14:51:24.305     0     0 I CAM_WARN: CAM-CORE: cam_context_handle_flush_dev: 547 No flush device in dev 10944791, state 4
06-14 14:51:24.306     0     0 I CAM_WARN: CAM-CORE: cam_context_handle_flush_dev: 547 No flush device in dev 2294043, state 4
06-14 14:51:24.308     0     0 I CAM_INFO: CAM-SENSOR: cam_sensor_driver_cmd: 1391 21:51:24.372 CAM_STOP_DEV Success for imx471 sensor_id:0x471,sensor_slave_addr:0x34
06-14 14:51:24.308     0     0 I CAM_INFO: CAM-ISP: cam_ife_mgr_release_hw: 11425 21:51:24.373 Release HW success ctx id: 6
06-14 14:51:24.310     0     0 I CAM_INFO: CAM-SENSOR: cam_sensor_driver_cmd: 1391 21:51:24.375 CAM_STOP_DEV Success for imx471 sensor_id:0x471,sensor_slave_addr:0x34
06-14 14:51:24.311     0     0 I CAM_INFO: CAM-ISP: cam_ife_mgr_release_hw: 11425 21:51:24.375 Release HW success ctx id: 7
06-14 14:51:24.315     0     0 I CAM_INFO: CAM-SENSOR: cam_sensor_driver_cmd: 1270 CAM_RELEASE_DEV Success for imx471 sensor_id:0x471, slave_addr:0x34
06-14 14:51:24.334     0     0 I CAM_INFO: CAM-SENSOR: cam_sensor_driver_cmd: 1270 CAM_RELEASE_DEV Success for imx471 sensor_id:0x471, slave_addr:0x34
06-14 14:51:25.774     0     0 I CAM_INFO: CAM-SENSOR: cam_sensor_driver_cmd: 1211 CAM_ACQUIRE_DEV Success for imx471 id:0x471,slave-addr:0x34 crm:[0]
06-14 14:51:25.779    21    21 I CAM_INFO: CAM-SMMU: cam_smmu_map_user_iova: 3257 fd=864 already in list [21:51:25:843] cb=ife idx=0 handle=18388 len=573440,give same addr back
06-14 14:51:25.779    21    21 I CAM_INFO: CAM-SMMU: cam_smmu_map_user_iova: 3257 fd=865 already in list [21:51:25:844] cb=ife idx=0 handle=18388 len=471040,give same addr back
06-14 14:51:25.780    21    21 I CAM_INFO: CAM-SMMU: cam_smmu_map_user_iova: 3257 fd=866 already in list [21:51:25:844] cb=ife idx=0 handle=18388 len=495616,give same addr back
06-14 14:51:25.792     0     0 I CAM_INFO: CAM-SENSOR: cam_sensor_driver_cmd: 1211 CAM_ACQUIRE_DEV Success for imx471 id:0x471,slave-addr:0x34 crm:[0]
06-14 14:51:25.797    21    21 I CAM_INFO: CAM-SMMU: cam_smmu_map_user_iova: 3257 fd=933 already in list [21:51:25:861] cb=ife idx=0 handle=18388 len=573440,give same addr back
06-14 14:51:25.797    21    21 I CAM_INFO: CAM-SMMU: cam_smmu_map_user_iova: 3257 fd=934 already in list [21:51:25:861] cb=ife idx=0 handle=18388 len=471040,give same addr back
06-14 14:51:25.797    21    21 I CAM_INFO: CAM-SMMU: cam_smmu_map_user_iova: 3257 fd=936 already in list [21:51:25:861] cb=ife idx=0 handle=18388 len=495616,give same addr back
06-14 14:51:25.804     0     0 I CAM_INFO: CAM-CRM: cam_req_mgr_link_v3: 4951 link reserved 0000000000000000 0 trigger_type:1 num_devs:2 sess_hdl:4915732 no_crm:4
06-14 14:51:25.805     0     0 I CAM_INFO: CAM-ISP: cam_ife_hw_mgr_print_acquire_info: 2027 21:51:25.869 Acquired Single IFE[1] with [9 pix] [0 pd] [0 rdi] ports for ctx:8 per_port_enabled :0 sensor:-559038737 ul: 0
06-14 14:51:25.805     0     0 I CAM_INFO: CAM-ISP: __cam_isp_ctx_acquire_hw_v2: 9792 NO CRM session,top state machine assigned for no crm ctx 8
06-14 14:51:25.809     0     0 I CAM_INFO: CAM-ISP: __cam_isp_ctx_start_dev_in_ready: 10826 Start IFE device ctx 8 with irq state machine [Activated State Machine IRQ] in initial SubState [SOF] UL_path 0
06-14 14:51:25.809     0     0 I CAM_INFO: CAM-SENSOR: cam_sensor_driver_cmd: 1352 21:51:25.874 CAM_START_DEV[5] Success for imx471 sensor_id:0x471,sensor_slave_addr:0x34
06-14 14:51:25.809     0     0 I CAM_INFO: CAM-CRM: cam_req_mgr_link_v3: 4951 link reserved 0000000000000000 0 trigger_type:1 num_devs:2 sess_hdl:4915732 no_crm:4
06-14 14:51:25.810     0     0 I CAM_INFO: CAM-ISP: cam_ife_hw_mgr_print_acquire_info: 2027 21:51:25.874 Acquired Single IFE[0] with [9 pix] [0 pd] [0 rdi] ports for ctx:9 per_port_enabled :0 sensor:-559038737 ul: 0
06-14 14:51:25.810     0     0 I CAM_INFO: CAM-ISP: __cam_isp_ctx_acquire_hw_v2: 9792 NO CRM session,top state machine assigned for no crm ctx 9
06-14 14:51:25.814     0     0 I CAM_INFO: CAM-ISP: __cam_isp_ctx_start_dev_in_ready: 10826 Start IFE device ctx 9 with irq state machine [Activated State Machine IRQ] in initial SubState [SOF] UL_path 0
06-14 14:51:25.814     0     0 I CAM_INFO: CAM-SENSOR: cam_sensor_driver_cmd: 1352 21:51:25.878 CAM_START_DEV[4] Success for imx471 sensor_id:0x471,sensor_slave_addr:0x34
06-14 14:51:27.593     0     0 I CAM_INFO: CAM-ISP: __cam_isp_ctx_flush_req_in_top_state: 6201 Last request id to flush is 87, ctx_id:8
06-14 14:51:27.593     0     0 I CAM_INFO: CAM-ISP: __cam_isp_ctx_flush_req_in_top_state: 6223 Stop HW complete. Reset HW next.
06-14 14:51:27.593     0     0 I CAM_INFO: CAM-ISP: __cam_isp_ctx_flush_req_in_top_state: 6201 Last request id to flush is 87, ctx_id:9
06-14 14:51:27.594     0     0 I CAM_INFO: CAM-ISP: __cam_isp_ctx_flush_req_in_top_state: 6223 Stop HW complete. Reset HW next.
06-14 14:51:27.594     0     0 I CAM_WARN: CAM-CORE: cam_context_handle_flush_dev: 547 No flush device in dev 10354967, state 4
06-14 14:51:27.594     0     0 I CAM_WARN: CAM-CORE: cam_context_handle_flush_dev: 547 No flush device in dev 2687259, state 4
06-14 14:51:27.623     0     0 I CAM_WARN: CAM-CORE: cam_context_handle_flush_dev: 547 No flush device in dev 10354967, state 4
06-14 14:51:27.623     0     0 I CAM_WARN: CAM-CORE: cam_context_handle_flush_dev: 547 No flush device in dev 2687259, state 4
06-14 14:51:27.623     0     0 I CAM_WARN: CAM-CORE: cam_context_handle_flush_dev: 547 No flush device in dev 10354967, state 4
