06-14 14:52:22.850     0     0 I CAM_INFO: CAM-ISP: cam_ife_hw_mgr_print_acquire_info: 2027 21:52:22.915 Acquired Single IFE[1] with [9 pix] [0 pd] [0 rdi] ports for ctx:14 per_port_enabled :0 sensor:-559038737 ul: 0
06-14 14:52:22.850     0     0 I CAM_INFO: CAM-ISP: __cam_isp_ctx_acquire_hw_v2: 9792 NO CRM session,top state machine assigned for no crm ctx 14
06-14 14:52:22.854     0     0 I CAM_INFO: CAM-ISP: __cam_isp_ctx_start_dev_in_ready: 10826 Start IFE device ctx 14 with irq state machine [Activated State Machine IRQ] in initial SubState [SOF] UL_path 0
06-14 14:52:22.855     0     0 I CAM_INFO: CAM-SENSOR: cam_sensor_driver_cmd: 1352 21:52:22.919 CAM_START_DEV[5] Success for imx471 sensor_id:0x471,sensor_slave_addr:0x34
06-14 14:52:22.855     0     0 I CAM_INFO: CAM-CRM: cam_req_mgr_link_v3: 4951 link reserved 0000000000000000 0 trigger_type:1 num_devs:2 sess_hdl:1966612 no_crm:4
06-14 14:52:22.855     0     0 I CAM_INFO: CAM-ISP: cam_ife_hw_mgr_print_acquire_info: 2027 21:52:22.920 Acquired Single IFE[0] with [9 pix] [0 pd] [0 rdi] ports for ctx:15 per_port_enabled :0 sensor:-559038737 ul: 0
06-14 14:52:22.855     0     0 I CAM_INFO: CAM-ISP: __cam_isp_ctx_acquire_hw_v2: 9792 NO CRM session,top state machine assigned for no crm ctx 15
06-14 14:52:22.859     0     0 I CAM_INFO: CAM-ISP: __cam_isp_ctx_start_dev_in_ready: 10826 Start IFE device ctx 15 with irq state machine [Activated State Machine IRQ] in initial SubState [SOF] UL_path 0
06-14 14:52:22.859     0     0 I CAM_INFO: CAM-SENSOR: cam_sensor_driver_cmd: 1352 21:52:22.924 CAM_START_DEV[4] Success for imx471 sensor_id:0x471,sensor_slave_addr:0x34
06-14 14:52:22.965     0     0 I msm_cvp : pwr: cvp (eva) powered on
06-14 14:52:25.780     0     0 W healthd : battery l=93 v=4020 t=36.0 h=2 st=3 c=-2389585 fc=4411000 cc=102 chg=
06-14 14:52:30.416     0     0 W healthd : battery l=93 v=4017 t=36.0 h=2 st=3 c=-2406065 fc=4411000 cc=102 chg=
06-14 14:52:35.366     0     0 E syncboss_spi spi0.0: bad magic from MCU (value: 0xcacacaca, data_ready_irq: 1, wake_timer: 0, send_timer: 0, msg_to_send: 0)
06-14 14:52:36.227     0     0 W kgsl_iommu_print_fault: 1078 callbacks suppressed
06-14 14:52:36.227     0     0 F kgsl-3d0: GPU PAGE FAULT: addr = 4002B41800 pid= 8905 name=maloney.ziptide drawctxt=405504 context pid = 0
06-14 14:52:36.227     0     0 F kgsl-3d0: context=gfx3d_user TTBR0=0x8456c6000 (read translation fault)
06-14 14:52:36.227     0     0 F kgsl-3d0: FAULTING BLOCK: Flag cache
06-14 14:52:36.227     0     0 E kgsl-3d0: ---- premature free ----
06-14 14:52:36.227     0     0 E kgsl-3d0: [4001400000-4002B52000] (vk_devicememory) was already freed by pid 8905
06-14 14:52:36.227     0     0 F kgsl-3d0: ---- nearby memory ----
06-14 14:52:36.227     0     0 E kgsl-3d0: [00000040013FB000 - 00000040013FEFFF]   (pid = 8905) (vk_cmdbuffer)
06-14 14:52:36.227     0     0 F kgsl-3d0: <- fault @ 0000004002b41800
06-14 14:52:36.227     0     0 E kgsl-3d0: [0000004002B52000 - 0000004002B85FFF]   (pid = 8905) (vk_image)
06-14 14:52:36.227     0     0 F kgsl-3d0: GPU PAGE FAULT: addr = 4001F5E580 pid= 8905 name=maloney.ziptide drawctxt=405504 context pid = 0
06-14 14:52:36.227     0     0 F kgsl-3d0: context=gfx3d_user TTBR0=0x8456c6000 (write translation fault)
06-14 14:52:36.227     0     0 F kgsl-3d0: FAULTING BLOCK: CCU
06-14 14:52:36.227     0     0 E kgsl-3d0: ---- premature free ----
06-14 14:52:36.227     0     0 E kgsl-3d0: [4001400000-4002B52000] (vk_devicememory) was already freed by pid 8905
06-14 14:52:36.227     0     0 F kgsl-3d0: ---- nearby memory ----
06-14 14:52:36.227     0     0 E kgsl-3d0: [00000040013FB000 - 00000040013FEFFF]   (pid = 8905) (vk_cmdbuffer)
06-14 14:52:36.227     0     0 F kgsl-3d0: <- fault @ 0000004001f5e580
06-14 14:52:36.227     0     0 E kgsl-3d0: [0000004002B52000 - 0000004002B85FFF]   (pid = 8905) (vk_image)
06-14 14:52:36.227     0     0 F kgsl-3d0: GPU PAGE FAULT: addr = 4001F44D80 pid= 8905 name=maloney.ziptide drawctxt=405504 context pid = 0
06-14 14:52:36.227     0     0 F kgsl-3d0: context=gfx3d_user TTBR0=0x8456c6000 (write translation fault)
06-14 14:52:36.227     0     0 F kgsl-3d0: FAULTING BLOCK: CCU
06-14 14:52:36.227     0     0 E kgsl-3d0: ---- premature free ----
06-14 14:52:36.227     0     0 E kgsl-3d0: [4001400000-4002B52000] (vk_devicememory) was already freed by pid 8905
06-14 14:52:36.227     0     0 F kgsl-3d0: ---- nearby memory ----
06-14 14:52:36.227     0     0 E kgsl-3d0: [00000040013FB000 - 00000040013FEFFF]   (pid = 8905) (vk_cmdbuffer)
06-14 14:52:36.227     0     0 F kgsl-3d0: <- fault @ 0000004001f44d80
06-14 14:52:36.228     0     0 E kgsl-3d0: [0000004002B52000 - 0000004002B85FFF]   (pid = 8905) (vk_image)
06-14 14:52:36.228     0     0 F kgsl-3d0: GPU PAGE FAULT: addr = 4001EFBD80 pid= 8905 name=maloney.ziptide drawctxt=405504 context pid = 0
06-14 14:52:36.228     0     0 F kgsl-3d0: context=gfx3d_user TTBR0=0x8456c6000 (write translation fault)
06-14 14:52:36.228     0     0 F kgsl-3d0: FAULTING BLOCK: CCU
06-14 14:52:36.228     0     0 E kgsl-3d0: ---- premature free ----
06-14 14:52:36.228     0     0 E kgsl-3d0: [4001400000-4002B52000] (vk_devicememory) was already freed by pid 8905
06-14 14:52:36.228     0     0 F kgsl-3d0: ---- nearby memory ----
06-14 14:52:36.228     0     0 E kgsl-3d0: [00000040013FB000 - 00000040013FEFFF]   (pid = 8905) (vk_cmdbuffer)
06-14 14:52:36.228     0     0 F kgsl-3d0: <- fault @ 0000004001efbd80
06-14 14:52:36.228     0     0 E kgsl-3d0: [0000004002B52000 - 0000004002B85FFF]   (pid = 8905) (vk_image)
06-14 14:52:36.228     0     0 F kgsl-3d0: GPU PAGE FAULT: addr = 4001F2BB00 pid= 8905 name=maloney.ziptide drawctxt=405504 context pid = 0
06-14 14:52:36.228     0     0 F kgsl-3d0: context=gfx3d_user TTBR0=0x8456c6000 (write translation fault)
06-14 14:52:36.228     0     0 F kgsl-3d0: FAULTING BLOCK: CCU
06-14 14:52:36.228     0     0 E kgsl-3d0: ---- premature free ----
06-14 14:52:36.228     0     0 E kgsl-3d0: [4001400000-4002B52000] (vk_devicememory) was already freed by pid 8905
06-14 14:52:36.228     0     0 F kgsl-3d0: ---- nearby memory ----
06-14 14:52:36.228     0     0 E kgsl-3d0: [00000040013FB000 - 00000040013FEFFF]   (pid = 8905) (vk_cmdbuffer)
06-14 14:52:36.228     0     0 F kgsl-3d0: <- fault @ 0000004001f2bb00
06-14 14:52:36.228     0     0 E kgsl-3d0: [0000004002B52000 - 0000004002B85FFF]   (pid = 8905) (vk_image)
06-14 14:52:36.228     0     0 F kgsl-3d0: GPU PAGE FAULT: addr = 4001EC6700 pid= 8905 name=maloney.ziptide drawctxt=405504 context pid = 0
06-14 14:52:36.228     0     0 F kgsl-3d0: context=gfx3d_user TTBR0=0x8456c6000 (write translation fault)
06-14 14:52:36.228     0     0 F kgsl-3d0: FAULTING BLOCK: CCU
06-14 14:52:36.228     0     0 E kgsl-3d0: ---- premature free ----
06-14 14:52:36.228     0     0 E kgsl-3d0: [4001400000-4002B52000] (vk_devicememory) was already freed by pid 8905
06-14 14:52:36.228     0     0 F kgsl-3d0: ---- nearby memory ----
06-14 14:52:36.228     0     0 E kgsl-3d0: [00000040013FB000 - 00000040013FEFFF]   (pid = 8905) (vk_cmdbuffer)
06-14 14:52:36.228     0     0 F kgsl-3d0: <- fault @ 0000004001ec6700
06-14 14:52:36.228     0     0 E kgsl-3d0: [0000004002B52000 - 0000004002B85FFF]   (pid = 8905) (vk_image)
06-14 14:52:36.228     0     0 F kgsl-3d0: GPU PAGE FAULT: addr = 4001EAC980 pid= 8905 name=maloney.ziptide drawctxt=405504 context pid = 0
06-14 14:52:36.228     0     0 F kgsl-3d0: context=gfx3d_user TTBR0=0x8456c6000 (write translation fault)
06-14 14:52:36.228     0     0 F kgsl-3d0: FAULTING BLOCK: CCU
06-14 14:52:36.228     0     0 E kgsl-3d0: ---- premature free ----
06-14 14:52:36.228     0     0 E kgsl-3d0: [4001400000-4002B52000] (vk_devicememory) was already freed by pid 8905
06-14 14:52:36.228     0     0 F kgsl-3d0: ---- nearby memory ----
06-14 14:52:36.228     0     0 E kgsl-3d0: [00000040013FB000 - 00000040013FEFFF]   (pid = 8905) (vk_cmdbuffer)
06-14 14:52:36.228     0     0 F kgsl-3d0: <- fault @ 0000004001eac980
06-14 14:52:36.228     0     0 E kgsl-3d0: [0000004002B52000 - 0000004002B85FFF]   (pid = 8905) (vk_image)
06-14 14:52:36.228     0     0 F kgsl-3d0: GPU PAGE FAULT: addr = 4001E92980 pid= 8905 name=maloney.ziptide drawctxt=405504 context pid = 0
06-14 14:52:36.228     0     0 F kgsl-3d0: context=gfx3d_user TTBR0=0x8456c6000 (write translation fault)
06-14 14:52:36.228     0     0 F kgsl-3d0: FAULTING BLOCK: CCU
06-14 14:52:36.228     0     0 E kgsl-3d0: ---- premature free ----
06-14 14:52:36.228     0     0 E kgsl-3d0: [4001400000-4002B52000] (vk_devicememory) was already freed by pid 8905
06-14 14:52:36.228     0     0 F kgsl-3d0: ---- nearby memory ----
06-14 14:52:36.228     0     0 E kgsl-3d0: [00000040013FB000 - 00000040013FEFFF]   (pid = 8905) (vk_cmdbuffer)
06-14 14:52:36.228     0     0 F kgsl-3d0: <- fault @ 0000004001e92980
06-14 14:52:36.228     0     0 E kgsl-3d0: [0000004002B52000 - 0000004002B85FFF]   (pid = 8905) (vk_image)
06-14 14:52:36.228     0     0 F kgsl-3d0: GPU PAGE FAULT: addr = 4001E79400 pid= 8905 name=maloney.ziptide drawctxt=405504 context pid = 0
06-14 14:52:36.228     0     0 F kgsl-3d0: context=gfx3d_user TTBR0=0x8456c6000 (write translation fault)
06-14 14:52:36.228     0     0 F kgsl-3d0: FAULTING BLOCK: CCU
06-14 14:52:36.228     0     0 E kgsl-3d0: ---- premature free ----
06-14 14:52:36.228     0     0 E kgsl-3d0: [4001400000-4002B52000] (vk_devicememory) was already freed by pid 8905
06-14 14:52:36.228     0     0 F kgsl-3d0: ---- nearby memory ----
06-14 14:52:36.228     0     0 E kgsl-3d0: [00000040013FB000 - 00000040013FEFFF]   (pid = 8905) (vk_cmdbuffer)
06-14 14:52:36.228     0     0 F kgsl-3d0: <- fault @ 0000004001e79400
06-14 14:52:36.228     0     0 E kgsl-3d0: [0000004002B52000 - 0000004002B85FFF]   (pid = 8905) (vk_image)
06-14 14:52:36.228     0     0 F kgsl-3d0: GPU PAGE FAULT: addr = 4001E81700 pid= 8905 name=maloney.ziptide drawctxt=405504 context pid = 0
06-14 14:52:36.228     0     0 F kgsl-3d0: context=gfx3d_user TTBR0=0x8456c6000 (write translation fault)
06-14 14:52:36.228     0     0 F kgsl-3d0: FAULTING BLOCK: CCU
06-14 14:52:36.228     0     0 E kgsl-3d0: ---- premature free ----
06-14 14:52:36.228     0     0 E kgsl-3d0: [4001400000-4002B52000] (vk_devicememory) was already freed by pid 8905
06-14 14:52:36.228     0     0 F kgsl-3d0: ---- nearby memory ----
06-14 14:52:36.228     0     0 E kgsl-3d0: [00000040013FB000 - 00000040013FEFFF]   (pid = 8905) (vk_cmdbuffer)
06-14 14:52:36.228     0     0 F kgsl-3d0: <- fault @ 0000004001e81700
06-14 14:52:36.228     0     0 E kgsl-3d0: [0000004002B52000 - 0000004002B85FFF]   (pid = 8905) (vk_image)
06-14 14:52:36.236     0     0 I [drm:dsi_display_set_mode [msm_drm]] [msm-dsi-info]: mdp_transfer_time=0, hactive=1920, vactive=3664, fps=90, clk_rate=0
06-14 14:52:36.484     0     0 I binder  : undelivered transaction 22302866, process died.
06-14 14:52:36.484     0     0 I binder  : undelivered transaction 22302969, process died.
06-14 14:52:36.484     0     0 I binder  : undelivered transaction 22303096, process died.
06-14 14:52:36.484     0     0 I binder  : undelivered transaction 22302890, process died.
06-14 14:52:36.484     0     0 I binder  : undelivered transaction 22302984, process died.
06-14 14:52:36.484     0     0 I binder  : undelivered transaction 22303120, process died.
06-14 14:52:36.484     0     0 I binder  : undelivered transaction 22302810, process died.
06-14 14:52:36.484     0     0 I binder  : undelivered transaction 22302826, process died.
06-14 14:52:40.136     0     0 I CAM_INFO: CAM-ISP: __cam_isp_ctx_flush_req_in_top_state: 6201 Last request id to flush is 862, ctx_id:14
06-14 14:52:40.136     0     0 I CAM_INFO: CAM-ISP: __cam_isp_ctx_flush_req_in_top_state: 6223 Stop HW complete. Reset HW next.
06-14 14:52:40.137     0     0 I CAM_INFO: CAM-ISP: __cam_isp_ctx_flush_req_in_top_state: 6201 Last request id to flush is 862, ctx_id:15
06-14 14:52:40.137     0     0 I CAM_INFO: CAM-ISP: __cam_isp_ctx_flush_req_in_top_state: 6223 Stop HW complete. Reset HW next.
06-14 14:52:40.138     0     0 I CAM_WARN: CAM-CORE: cam_context_handle_flush_dev: 547 No flush device in dev 6553879, state 4
06-14 14:52:40.138     0     0 I CAM_WARN: CAM-CORE: cam_context_handle_flush_dev: 547 No flush device in dev 15204635, state 4
06-14 14:52:40.177     0     0 I CAM_WARN: CAM-CORE: cam_context_handle_flush_dev: 547 No flush device in dev 6553879, state 4
06-14 14:52:40.177     0     0 I CAM_WARN: CAM-CORE: cam_context_handle_flush_dev: 547 No flush device in dev 15204635, state 4
06-14 14:52:40.177     0     0 I CAM_WARN: CAM-CORE: cam_context_handle_flush_dev: 547 No flush device in dev 6553879, state 4
06-14 14:52:40.178     0     0 I CAM_WARN: CAM-CORE: cam_context_handle_flush_dev: 547 No flush device in dev 15204635, state 4
06-14 14:52:40.184     0     0 I CAM_INFO: CAM-SENSOR: cam_sensor_driver_cmd: 1391 21:52:40.248 CAM_STOP_DEV Success for imx471 sensor_id:0x471,sensor_slave_addr:0x34
06-14 14:52:40.187     0     0 I CAM_INFO: CAM-ISP: cam_ife_mgr_release_hw: 11425 21:52:40.251 Release HW success ctx id: 14
06-14 14:52:40.193     0     0 I CAM_INFO: CAM-SENSOR: cam_sensor_driver_cmd: 1391 21:52:40.258 CAM_STOP_DEV Success for imx471 sensor_id:0x471,sensor_slave_addr:0x34
06-14 14:52:40.195     0     0 I CAM_INFO: CAM-ISP: cam_ife_mgr_release_hw: 11425 21:52:40.260 Release HW success ctx id: 15
06-14 14:52:40.199     0     0 I CAM_INFO: CAM-SENSOR: cam_sensor_driver_cmd: 1270 CAM_RELEASE_DEV Success for imx471 sensor_id:0x471, slave_addr:0x34
06-14 14:52:40.230     0     0 I CAM_INFO: CAM-SENSOR: cam_sensor_driver_cmd: 1270 CAM_RELEASE_DEV Success for imx471 sensor_id:0x471, slave_addr:0x34
06-14 14:52:40.430     0     0 W healthd : battery l=93 v=4018 t=36.0 h=2 st=3 c=-2354794 fc=4411000 cc=102 chg=
06-14 14:52:40.667     0     0 I oom_reaper: reaped process 6048 (ndroid.keychain), now anon-rss:0kB, file-rss:0kB, shmem-rss:392kB
06-14 14:52:42.177     0     0 I msm_cvp : warn: DBLP Set: status 0 0
06-14 14:52:42.178     0     0 I msm_cvp : pwr: cvp (eva) power collapsed
06-14 14:52:43.011     0     0 I CAM_INFO: CAM-SENSOR: cam_sensor_driver_cmd: 1211 CAM_ACQUIRE_DEV Success for imx471 id:0x471,slave-addr:0x34 crm:[0]
06-14 14:52:43.023    21    21 I CAM_INFO: CAM-SMMU: cam_smmu_map_user_iova: 3257 fd=864 already in list [21:52:43:88] cb=ife idx=0 handle=18388 len=573440,give same addr back
06-14 14:52:43.024    21    21 I CAM_INFO: CAM-SMMU: cam_smmu_map_user_iova: 3257 fd=865 already in list [21:52:43:88] cb=ife idx=0 handle=18388 len=471040,give same addr back
06-14 14:52:43.025    21    21 I CAM_INFO: CAM-SMMU: cam_smmu_map_user_iova: 3257 fd=866 already in list [21:52:43:89] cb=ife idx=0 handle=18388 len=495616,give same addr back
06-14 14:52:43.064     0     0 I CAM_INFO: CAM-SENSOR: cam_sensor_driver_cmd: 1211 CAM_ACQUIRE_DEV Success for imx471 id:0x471,slave-addr:0x34 crm:[0]
06-14 14:52:43.078    21    21 I CAM_INFO: CAM-SMMU: cam_smmu_map_user_iova: 3257 fd=933 already in list [21:52:43:142] cb=ife idx=0 handle=18388 len=573440,give same addr back
06-14 14:52:43.078    21    21 I CAM_INFO: CAM-SMMU: cam_smmu_map_user_iova: 3257 fd=934 already in list [21:52:43:143] cb=ife idx=0 handle=18388 len=471040,give same addr back
06-14 14:52:43.078    21    21 I CAM_INFO: CAM-SMMU: cam_smmu_map_user_iova: 3257 fd=936 already in list [21:52:43:143] cb=ife idx=0 handle=18388 len=495616,give same addr back
06-14 14:52:43.084     0     0 I CAM_INFO: CAM-CRM: cam_req_mgr_link_v3: 4951 link reserved 0000000000000000 0 trigger_type:1 num_devs:2 sess_hdl:9110036 no_crm:4
06-14 14:52:43.084     0     0 I CAM_INFO: CAM-ISP: cam_ife_hw_mgr_print_acquire_info: 2027 21:52:43.149 Acquired Single IFE[1] with [9 pix] [0 pd] [0 rdi] ports for ctx:0 per_port_enabled :0 sensor:-559038737 ul: 0
06-14 14:52:43.084     0     0 I CAM_INFO: CAM-ISP: __cam_isp_ctx_acquire_hw_v2: 9792 NO CRM session,top state machine assigned for no crm ctx 0
06-14 14:52:43.090     0     0 I CAM_INFO: CAM-ISP: __cam_isp_ctx_start_dev_in_ready: 10826 Start IFE device ctx 0 with irq state machine [Activated State Machine IRQ] in initial SubState [SOF] UL_path 0
06-14 14:52:43.091     0     0 I CAM_INFO: CAM-SENSOR: cam_sensor_driver_cmd: 1352 21:52:43.155 CAM_START_DEV[5] Success for imx471 sensor_id:0x471,sensor_slave_addr:0x34
06-14 14:52:43.091     0     0 I CAM_INFO: CAM-CRM: cam_req_mgr_link_v3: 4951 link reserved 0000000000000000 0 trigger_type:1 num_devs:2 sess_hdl:9110036 no_crm:4
06-14 14:52:43.091     0     0 I CAM_INFO: CAM-ISP: cam_ife_hw_mgr_print_acquire_info: 2027 21:52:43.155 Acquired Single IFE[0] with [9 pix] [0 pd] [0 rdi] ports for ctx:1 per_port_enabled :0 sensor:-559038737 ul: 0
06-14 14:52:43.091     0     0 I CAM_INFO: CAM-ISP: __cam_isp_ctx_acquire_hw_v2: 9792 NO CRM session,top state machine assigned for no crm ctx 1
06-14 14:52:43.094     0     0 I CAM_INFO: CAM-ISP: __cam_isp_ctx_start_dev_in_ready: 10826 Start IFE device ctx 1 with irq state machine [Activated State Machine IRQ] in initial SubState [SOF] UL_path 0
06-14 14:52:43.095     0     0 I CAM_INFO: CAM-SENSOR: cam_sensor_driver_cmd: 1352 21:52:43.159 CAM_START_DEV[4] Success for imx471 sensor_id:0x471,sensor_slave_addr:0x34
06-14 14:52:43.204     0     0 I msm_cvp : pwr: cvp (eva) powered on
06-14 14:52:44.855     0     0 I CAM_INFO: CAM-ISP: __cam_isp_ctx_flush_req_in_top_state: 6201 Last request id to flush is 86, ctx_id:0
06-14 14:52:44.856     0     0 I CAM_INFO: CAM-ISP: __cam_isp_ctx_flush_req_in_top_state: 6223 Stop HW complete. Reset HW next.
06-14 14:52:44.856     0     0 I CAM_INFO: CAM-ISP: __cam_isp_ctx_flush_req_in_top_state: 6201 Last request id to flush is 86, ctx_id:1
06-14 14:52:44.856     0     0 I CAM_INFO: CAM-ISP: __cam_isp_ctx_flush_req_in_top_state: 6223 Stop HW complete. Reset HW next.
06-14 14:52:44.856     0     0 I CAM_WARN: CAM-CORE: cam_context_handle_flush_dev: 547 No flush device in dev 10813719, state 4
06-14 14:52:44.856     0     0 I CAM_WARN: CAM-CORE: cam_context_handle_flush_dev: 547 No flush device in dev 4391195, state 4
06-14 14:52:44.887     0     0 I CAM_WARN: CAM-CORE: cam_context_handle_flush_dev: 547 No flush device in dev 10813719, state 4
06-14 14:52:44.887     0     0 I CAM_WARN: CAM-CORE: cam_context_handle_flush_dev: 547 No flush device in dev 4391195, state 4
06-14 14:52:44.887     0     0 I CAM_WARN: CAM-CORE: cam_context_handle_flush_dev: 547 No flush device in dev 10813719, state 4
06-14 14:52:44.887     0     0 I CAM_WARN: CAM-CORE: cam_context_handle_flush_dev: 547 No flush device in dev 4391195, state 4
06-14 14:52:44.889     0     0 I CAM_INFO: CAM-SENSOR: cam_sensor_driver_cmd: 1391 21:52:44.954 CAM_STOP_DEV Success for imx471 sensor_id:0x471,sensor_slave_addr:0x34
06-14 14:52:44.890     0     0 I CAM_INFO: CAM-ISP: cam_ife_mgr_release_hw: 11425 21:52:44.954 Release HW success ctx id: 0
06-14 14:52:44.891     0     0 I CAM_INFO: CAM-SENSOR: cam_sensor_driver_cmd: 1391 21:52:44.956 CAM_STOP_DEV Success for imx471 sensor_id:0x471,sensor_slave_addr:0x34
06-14 14:52:44.892     0     0 I CAM_INFO: CAM-ISP: cam_ife_mgr_release_hw: 11425 21:52:44.956 Release HW success ctx id: 1
06-14 14:52:44.895     0     0 I CAM_INFO: CAM-SENSOR: cam_sensor_driver_cmd: 1270 CAM_RELEASE_DEV Success for imx471 sensor_id:0x471, slave_addr:0x34
06-14 14:52:44.913     0     0 I CAM_INFO: CAM-SENSOR: cam_sensor_driver_cmd: 1270 CAM_RELEASE_DEV Success for imx471 sensor_id:0x471, slave_addr:0x34
06-14 14:52:45.674     0     0 I [drm:dsi_display_set_mode [msm_drm]] [msm-dsi-info]: mdp_transfer_time=0, hactive=1920, vactive=3664, fps=72, clk_rate=0
06-14 14:52:46.434     0     0 I msm_cvp : warn: DBLP Set: status 0 0
06-14 14:52:46.435     0     0 I msm_cvp : pwr: cvp (eva) power collapsed
06-14 14:52:48.844     0     0 I msm_cvp : pwr: cvp (eva) powered on
06-14 14:52:48.970     0     0 I msm_cvp : warn: Failed flush DSP frame retried 62
06-14 14:52:48.971     0     0 I synx    : info: synx_client_destroy: 1352: [sess :27] session removed cvp-kernel-client
06-14 14:52:48.971     0     0 I msm_cvp : sess: Closed cvp instance: 0000000000000000 session_id = 2147418137
06-14 14:52:48.971     0     0 I         : Info: adsprpc (8222): 577: 577: cvp-dsp-thread: fastrpc_driver_unregister: Un-registering fastrpc driver qcom,fastcv0 with handle 1257
06-14 14:52:49.676     0     0 I Minidump: Ignoring minidump region FRPC_2.
06-14 14:52:49.677     0     0 I waipio-asoc-snd soc: spf_core_platform:sound: check_userspace_service_state: pcm_id 0 state 0
06-14 14:52:50.438     0     0 W healthd : battery l=93 v=4038 t=37.0 h=2 st=3 c=-2119681 fc=4411000 cc=102 chg=
06-14 14:52:52.194     0     0 I msm_cvp : warn: DBLP Set: status 0 0
06-14 14:52:52.195     0     0 I msm_cvp : pwr: cvp (eva) power collapsed
06-14 14:52:56.548     0     0 I CAM_INFO: CAM-SENSOR: cam_sensor_driver_cmd: 1211 CAM_ACQUIRE_DEV Success for imx471 id:0x471,slave-addr:0x34 crm:[0]
06-14 14:52:56.551    21    21 I CAM_INFO: CAM-SMMU: cam_smmu_map_user_iova: 3257 fd=865 already in list [21:52:56:615] cb=ife idx=0 handle=18388 len=573440,give same addr back
06-14 14:52:56.551    21    21 I CAM_INFO: CAM-SMMU: cam_smmu_map_user_iova: 3257 fd=866 already in list [21:52:56:615] cb=ife idx=0 handle=18388 len=471040,give same addr back
06-14 14:52:56.551    21    21 I CAM_INFO: CAM-SMMU: cam_smmu_map_user_iova: 3257 fd=867 already in list [21:52:56:615] cb=ife idx=0 handle=18388 len=495616,give same addr back
06-14 14:52:56.563     0     0 I CAM_INFO: CAM-SENSOR: cam_sensor_driver_cmd: 1211 CAM_ACQUIRE_DEV Success for imx471 id:0x471,slave-addr:0x34 crm:[0]
06-14 14:52:56.572    21    21 I CAM_INFO: CAM-SMMU: cam_smmu_map_user_iova: 3257 fd=934 already in list [21:52:56:636] cb=ife idx=0 handle=18388 len=573440,give same addr back
06-14 14:52:56.572    21    21 I CAM_INFO: CAM-SMMU: cam_smmu_map_user_iova: 3257 fd=936 already in list [21:52:56:636] cb=ife idx=0 handle=18388 len=471040,give same addr back
06-14 14:52:56.572    21    21 I CAM_INFO: CAM-SMMU: cam_smmu_map_user_iova: 3257 fd=937 already in list [21:52:56:636] cb=ife idx=0 handle=18388 len=495616,give same addr back
06-14 14:52:56.578     0     0 I CAM_INFO: CAM-CRM: cam_req_mgr_link_v3: 4951 link reserved 0000000000000000 0 trigger_type:1 num_devs:2 sess_hdl:3867156 no_crm:4
06-14 14:52:56.578     0     0 I CAM_INFO: CAM-ISP: cam_ife_hw_mgr_print_acquire_info: 2027 21:52:56.642 Acquired Single IFE[1] with [9 pix] [0 pd] [0 rdi] ports for ctx:6 per_port_enabled :0 sensor:-559038737 ul: 0
06-14 14:52:56.578     0     0 I CAM_INFO: CAM-ISP: __cam_isp_ctx_acquire_hw_v2: 9792 NO CRM session,top state machine assigned for no crm ctx 6
06-14 14:52:56.581     0     0 I CAM_INFO: CAM-ISP: __cam_isp_ctx_start_dev_in_ready: 10826 Start IFE device ctx 6 with irq state machine [Activated State Machine IRQ] in initial SubState [SOF] UL_path 0
06-14 14:52:56.582     0     0 I CAM_INFO: CAM-SENSOR: cam_sensor_driver_cmd: 1352 21:52:56.646 CAM_START_DEV[5] Success for imx471 sensor_id:0x471,sensor_slave_addr:0x34
06-14 14:52:56.582     0     0 I CAM_INFO: CAM-CRM: cam_req_mgr_link_v3: 4951 link reserved 0000000000000000 0 trigger_type:1 num_devs:2 sess_hdl:3867156 no_crm:4
06-14 14:52:56.582     0     0 I CAM_INFO: CAM-ISP: cam_ife_hw_mgr_print_acquire_info: 2027 21:52:56.647 Acquired Single IFE[0] with [9 pix] [0 pd] [0 rdi] ports for ctx:7 per_port_enabled :0 sensor:-559038737 ul: 0
06-14 14:52:56.582     0     0 I CAM_INFO: CAM-ISP: __cam_isp_ctx_acquire_hw_v2: 9792 NO CRM session,top state machine assigned for no crm ctx 7
06-14 14:52:56.586     0     0 I CAM_INFO: CAM-ISP: __cam_isp_ctx_start_dev_in_ready: 10826 Start IFE device ctx 7 with irq state machine [Activated State Machine IRQ] in initial SubState [SOF] UL_path 0
06-14 14:52:56.586     0     0 I CAM_INFO: CAM-SENSOR: cam_sensor_driver_cmd: 1352 21:52:56.650 CAM_START_DEV[4] Success for imx471 sensor_id:0x471,sensor_slave_addr:0x34
06-14 14:52:56.673     0     0 I         : Info: adsprpc (8241): 577: 577: cvp-dsp-thread: fastrpc_driver_register: fastrpc driver qcom,fastcv0 registered with handle 1257
06-14 14:52:56.673     0     0 I msm_cvp : sess: Opening cvp instance: 0000000000000000 pid = 577 tgid = 577
06-14 14:52:56.675     0     0 I msm_cvp : pwr: cvp (eva) powered on
06-14 14:52:56.678     0     0 I synx    : info: synx_initialize: 2303: [sess :28] session created cvp-kernel-client
06-14 14:52:59.556     0     0 I CAM_INFO: CAM-ISP: __cam_isp_ctx_flush_req_in_top_state: 6201 Last request id to flush is 147, ctx_id:6
06-14 14:52:59.557     0     0 I CAM_INFO: CAM-ISP: __cam_isp_ctx_flush_req_in_top_state: 6223 Stop HW complete. Reset HW next.
06-14 14:52:59.557     0     0 I CAM_INFO: CAM-ISP: __cam_isp_ctx_flush_req_in_top_state: 6201 Last request id to flush is 147, ctx_id:7
06-14 14:52:59.558     0     0 I CAM_INFO: CAM-ISP: __cam_isp_ctx_flush_req_in_top_state: 6223 Stop HW complete. Reset HW next.
06-14 14:52:59.558     0     0 I CAM_WARN: CAM-CORE: cam_context_handle_flush_dev: 547 No flush device in dev 11075863, state 4
06-14 14:52:59.559     0     0 I CAM_WARN: CAM-CORE: cam_context_handle_flush_dev: 547 No flush device in dev 327963, state 4
06-14 14:52:59.589     0     0 I CAM_WARN: CAM-CORE: cam_context_handle_flush_dev: 547 No flush device in dev 11075863, state 4
06-14 14:52:59.589     0     0 I CAM_WARN: CAM-CORE: cam_context_handle_flush_dev: 547 No flush device in dev 327963, state 4
06-14 14:52:59.589     0     0 I CAM_WARN: CAM-CORE: cam_context_handle_flush_dev: 547 No flush device in dev 11075863, state 4
06-14 14:52:59.590     0     0 I CAM_WARN: CAM-CORE: cam_context_handle_flush_dev: 547 No flush device in dev 327963, state 4
06-14 14:52:59.591     0     0 I CAM_INFO: CAM-SENSOR: cam_sensor_driver_cmd: 1391 21:52:59.656 CAM_STOP_DEV Success for imx471 sensor_id:0x471,sensor_slave_addr:0x34
06-14 14:52:59.592     0     0 I CAM_INFO: CAM-ISP: cam_ife_mgr_release_hw: 11425 21:52:59.656 Release HW success ctx id: 6
06-14 14:52:59.594     0     0 I CAM_INFO: CAM-SENSOR: cam_sensor_driver_cmd: 1391 21:52:59.658 CAM_STOP_DEV Success for imx471 sensor_id:0x471,sensor_slave_addr:0x34
06-14 14:52:59.595     0     0 I CAM_INFO: CAM-ISP: cam_ife_mgr_release_hw: 11425 21:52:59.659 Release HW success ctx id: 7
06-14 14:52:59.599     0     0 I CAM_INFO: CAM-SENSOR: cam_sensor_driver_cmd: 1270 CAM_RELEASE_DEV Success for imx471 sensor_id:0x471, slave_addr:0x34
06-14 14:52:59.622     0     0 I CAM_INFO: CAM-SENSOR: cam_sensor_driver_cmd: 1270 CAM_RELEASE_DEV Success for imx471 sensor_id:0x471, slave_addr:0x34
06-14 14:53:00.447     0     0 W healthd : battery l=93 v=4073 t=37.0 h=2 st=3 c=-1600381 fc=4411000 cc=102 chg=
06-14 14:53:03.074     0     0 I msm_cvp : warn: DBLP Set: status 0 0
06-14 14:53:03.076     0     0 I msm_cvp : pwr: cvp (eva) power collapsed
06-14 14:53:03.546     0     0 I msm_cvp : pwr: cvp (eva) powered on
06-14 14:53:03.673     0     0 I msm_cvp : warn: Failed flush DSP frame retried 62
06-14 14:53:03.674     0     0 I synx    : info: synx_client_destroy: 1352: [sess :28] session removed cvp-kernel-client
06-14 14:53:03.674     0     0 I msm_cvp : sess: Closed cvp instance: 0000000000000000 session_id = 2147418138
06-14 14:53:03.674     0     0 I         : Info: adsprpc (8222): 577: 577: cvp-dsp-thread: fastrpc_driver_unregister: Un-registering fastrpc driver qcom,fastcv0 with handle 1257
06-14 14:53:06.154     0     0 W healthd : battery l=93 v=4077 t=37.0 h=2 st=3 c=-1585732 fc=4411000 cc=102 chg=
06-14 14:53:06.915     0     0 I msm_cvp : warn: DBLP Set: status 0 0
06-14 14:53:06.917     0     0 I msm_cvp : pwr: cvp (eva) power collapsed
06-14 14:53:10.457     0     0 W healthd : battery l=93 v=4099 t=37.0 h=2 st=3 c=-1267853 fc=4411000 cc=102 chg=
06-14 14:53:11.454     0     0 I CAM_INFO: CAM-SENSOR: cam_sensor_driver_cmd: 1211 CAM_ACQUIRE_DEV Success for imx471 id:0x471,slave-addr:0x34 crm:[0]
06-14 14:53:11.458    21    21 I CAM_INFO: CAM-SMMU: cam_smmu_map_user_iova: 3257 fd=865 already in list [21:53:11:523] cb=ife idx=0 handle=18388 len=573440,give same addr back
06-14 14:53:11.458    21    21 I CAM_INFO: CAM-SMMU: cam_smmu_map_user_iova: 3257 fd=866 already in list [21:53:11:523] cb=ife idx=0 handle=18388 len=471040,give same addr back
06-14 14:53:11.458    21    21 I CAM_INFO: CAM-SMMU: cam_smmu_map_user_iova: 3257 fd=867 already in list [21:53:11:523] cb=ife idx=0 handle=18388 len=495616,give same addr back
06-14 14:53:11.470     0     0 I CAM_INFO: CAM-SENSOR: cam_sensor_driver_cmd: 1211 CAM_ACQUIRE_DEV Success for imx471 id:0x471,slave-addr:0x34 crm:[0]
06-14 14:53:11.475    21    21 I CAM_INFO: CAM-SMMU: cam_smmu_map_user_iova: 3257 fd=934 already in list [21:53:11:539] cb=ife idx=0 handle=18388 len=573440,give same addr back
06-14 14:53:11.475    21    21 I CAM_INFO: CAM-SMMU: cam_smmu_map_user_iova: 3257 fd=936 already in list [21:53:11:539] cb=ife idx=0 handle=18388 len=471040,give same addr back
06-14 14:53:11.475    21    21 I CAM_INFO: CAM-SMMU: cam_smmu_map_user_iova: 3257 fd=937 already in list [21:53:11:539] cb=ife idx=0 handle=18388 len=495616,give same addr back
06-14 14:53:11.480     0     0 I CAM_INFO: CAM-CRM: cam_req_mgr_link_v3: 4951 link reserved 0000000000000000 0 trigger_type:1 num_devs:2 sess_hdl:13435412 no_crm:4
06-14 14:53:11.480     0     0 I CAM_INFO: CAM-ISP: cam_ife_hw_mgr_print_acquire_info: 2027 21:53:11.544 Acquired Single IFE[1] with [9 pix] [0 pd] [0 rdi] ports for ctx:8 per_port_enabled :0 sensor:-559038737 ul: 0
06-14 14:53:11.480     0     0 I CAM_INFO: CAM-ISP: __cam_isp_ctx_acquire_hw_v2: 9792 NO CRM session,top state machine assigned for no crm ctx 8
06-14 14:53:11.483     0     0 I CAM_INFO: CAM-ISP: __cam_isp_ctx_start_dev_in_ready: 10826 Start IFE device ctx 8 with irq state machine [Activated State Machine IRQ] in initial SubState [SOF] UL_path 0
06-14 14:53:11.484     0     0 I CAM_INFO: CAM-SENSOR: cam_sensor_driver_cmd: 1352 21:53:11.548 CAM_START_DEV[5] Success for imx471 sensor_id:0x471,sensor_slave_addr:0x34
06-14 14:53:11.484     0     0 I CAM_INFO: CAM-CRM: cam_req_mgr_link_v3: 4951 link reserved 0000000000000000 0 trigger_type:1 num_devs:2 sess_hdl:13435412 no_crm:4
06-14 14:53:11.484     0     0 I CAM_INFO: CAM-ISP: cam_ife_hw_mgr_print_acquire_info: 2027 21:53:11.548 Acquired Single IFE[0] with [9 pix] [0 pd] [0 rdi] ports for ctx:9 per_port_enabled :0 sensor:-559038737 ul: 0
06-14 14:53:11.484     0     0 I CAM_INFO: CAM-ISP: __cam_isp_ctx_acquire_hw_v2: 9792 NO CRM session,top state machine assigned for no crm ctx 9
06-14 14:53:11.490     0     0 I CAM_INFO: CAM-ISP: __cam_isp_ctx_start_dev_in_ready: 10826 Start IFE device ctx 9 with irq state machine [Activated State Machine IRQ] in initial SubState [SOF] UL_path 0
06-14 14:53:11.490     0     0 I CAM_INFO: CAM-SENSOR: cam_sensor_driver_cmd: 1352 21:53:11.554 CAM_START_DEV[4] Success for imx471 sensor_id:0x471,sensor_slave_addr:0x34
06-14 14:53:11.573     0     0 I         : Info: adsprpc (8241): 577: 577: cvp-dsp-thread: fastrpc_driver_register: fastrpc driver qcom,fastcv0 registered with handle 1257
06-14 14:53:11.573     0     0 I msm_cvp : sess: Opening cvp instance: 0000000000000000 pid = 577 tgid = 577
06-14 14:53:11.574     0     0 I msm_cvp : pwr: cvp (eva) powered on
06-14 14:53:11.578     0     0 I synx    : info: synx_initialize: 2303: [sess :29] session created cvp-kernel-client
06-14 14:53:13.334     0     0 I CAM_INFO: CAM-ISP: __cam_isp_ctx_flush_req_in_top_state: 6201 Last request id to flush is 91, ctx_id:8
06-14 14:53:13.335     0     0 I CAM_INFO: CAM-ISP: __cam_isp_ctx_flush_req_in_top_state: 6223 Stop HW complete. Reset HW next.
06-14 14:53:13.335     0     0 I CAM_INFO: CAM-ISP: __cam_isp_ctx_flush_req_in_top_state: 6201 Last request id to flush is 91, ctx_id:9
06-14 14:53:13.335     0     0 I CAM_INFO: CAM-ISP: __cam_isp_ctx_flush_req_in_top_state: 6223 Stop HW complete. Reset HW next.
06-14 14:53:13.335     0     0 I CAM_WARN: CAM-CORE: cam_context_handle_flush_dev: 547 No flush device in dev 5832983, state 4
06-14 14:53:13.335     0     0 I CAM_WARN: CAM-CORE: cam_context_handle_flush_dev: 547 No flush device in dev 7536923, state 4
06-14 14:53:13.367     0     0 I CAM_WARN: CAM-CORE: cam_context_handle_flush_dev: 547 No flush device in dev 5832983, state 4
06-14 14:53:13.367     0     0 I CAM_WARN: CAM-CORE: cam_context_handle_flush_dev: 547 No flush device in dev 7536923, state 4
06-14 14:53:13.367     0     0 I CAM_WARN: CAM-CORE: cam_context_handle_flush_dev: 547 No flush device in dev 5832983, state 4
06-14 14:53:13.367     0     0 I CAM_WARN: CAM-CORE: cam_context_handle_flush_dev: 547 No flush device in dev 7536923, state 4
06-14 14:53:13.370     0     0 I CAM_INFO: CAM-SENSOR: cam_sensor_driver_cmd: 1391 21:53:13.434 CAM_STOP_DEV Success for imx471 sensor_id:0x471,sensor_slave_addr:0x34
06-14 14:53:13.370     0     0 I CAM_INFO: CAM-ISP: cam_ife_mgr_release_hw: 11425 21:53:13.434 Release HW success ctx id: 8
06-14 14:53:13.372     0     0 I CAM_INFO: CAM-SENSOR: cam_sensor_driver_cmd: 1391 21:53:13.436 CAM_STOP_DEV Success for imx471 sensor_id:0x471,sensor_slave_addr:0x34
06-14 14:53:13.372     0     0 I CAM_INFO: CAM-ISP: cam_ife_mgr_release_hw: 11425 21:53:13.436 Release HW success ctx id: 9
06-14 14:53:13.376     0     0 I CAM_INFO: CAM-SENSOR: cam_sensor_driver_cmd: 1270 CAM_RELEASE_DEV Success for imx471 sensor_id:0x471, slave_addr:0x34
06-14 14:53:13.392     0     0 I CAM_INFO: CAM-SENSOR: cam_sensor_driver_cmd: 1270 CAM_RELEASE_DEV Success for imx471 sensor_id:0x471, slave_addr:0x34
06-14 14:53:14.810     0     0 I msm_cvp : warn: DBLP Set: status 0 0
06-14 14:53:14.811     0     0 I msm_cvp : pwr: cvp (eva) power collapsed
06-14 14:53:17.328     0     0 I msm_cvp : pwr: cvp (eva) powered on
06-14 14:53:17.459     0     0 I msm_cvp : warn: Failed flush DSP frame retried 62
06-14 14:53:17.460     0     0 I synx    : info: synx_client_destroy: 1352: [sess :29] session removed cvp-kernel-client
06-14 14:53:17.460     0     0 I msm_cvp : sess: Closed cvp instance: 0000000000000000 session_id = 2147418139
06-14 14:53:17.460     0     0 I         : Info: adsprpc (8222): 577: 577: cvp-dsp-thread: fastrpc_driver_unregister: Un-registering fastrpc driver qcom,fastcv0 with handle 1257
06-14 14:53:18.353     0     0 I CAM_INFO: CAM-SENSOR: cam_sensor_driver_cmd: 1211 CAM_ACQUIRE_DEV Success for imx471 id:0x471,slave-addr:0x34 crm:[0]
06-14 14:53:18.357    21    21 I CAM_INFO: CAM-SMMU: cam_smmu_map_user_iova: 3257 fd=865 already in list [21:53:18:421] cb=ife idx=0 handle=18388 len=573440,give same addr back
06-14 14:53:18.357    21    21 I CAM_INFO: CAM-SMMU: cam_smmu_map_user_iova: 3257 fd=866 already in list [21:53:18:421] cb=ife idx=0 handle=18388 len=471040,give same addr back
06-14 14:53:18.357    21    21 I CAM_INFO: CAM-SMMU: cam_smmu_map_user_iova: 3257 fd=867 already in list [21:53:18:421] cb=ife idx=0 handle=18388 len=495616,give same addr back
06-14 14:53:18.369     0     0 I CAM_INFO: CAM-SENSOR: cam_sensor_driver_cmd: 1211 CAM_ACQUIRE_DEV Success for imx471 id:0x471,slave-addr:0x34 crm:[0]
06-14 14:53:18.374    21    21 I CAM_INFO: CAM-SMMU: cam_smmu_map_user_iova: 3257 fd=934 already in list [21:53:18:438] cb=ife idx=0 handle=18388 len=573440,give same addr back
06-14 14:53:18.374    21    21 I CAM_INFO: CAM-SMMU: cam_smmu_map_user_iova: 3257 fd=936 already in list [21:53:18:438] cb=ife idx=0 handle=18388 len=471040,give same addr back
06-14 14:53:18.374    21    21 I CAM_INFO: CAM-SMMU: cam_smmu_map_user_iova: 3257 fd=937 already in list [21:53:18:438] cb=ife idx=0 handle=18388 len=495616,give same addr back
06-14 14:53:18.378     0     0 I CAM_INFO: CAM-CRM: cam_req_mgr_link_v3: 4951 link reserved 0000000000000000 0 trigger_type:1 num_devs:2 sess_hdl:721428 no_crm:4
06-14 14:53:18.379     0     0 I CAM_INFO: CAM-ISP: cam_ife_hw_mgr_print_acquire_info: 2027 21:53:18.443 Acquired Single IFE[1] with [9 pix] [0 pd] [0 rdi] ports for ctx:10 per_port_enabled :0 sensor:-559038737 ul: 0
06-14 14:53:18.379     0     0 I CAM_INFO: CAM-ISP: __cam_isp_ctx_acquire_hw_v2: 9792 NO CRM session,top state machine assigned for no crm ctx 10
06-14 14:53:18.383     0     0 I CAM_INFO: CAM-ISP: __cam_isp_ctx_start_dev_in_ready: 10826 Start IFE device ctx 10 with irq state machine [Activated State Machine IRQ] in initial SubState [SOF] UL_path 0
06-14 14:53:18.384     0     0 I CAM_INFO: CAM-SENSOR: cam_sensor_driver_cmd: 1352 21:53:18.448 CAM_START_DEV[5] Success for imx471 sensor_id:0x471,sensor_slave_addr:0x34
06-14 14:53:18.384     0     0 I CAM_INFO: CAM-CRM: cam_req_mgr_link_v3: 4951 link reserved 0000000000000000 0 trigger_type:1 num_devs:2 sess_hdl:721428 no_crm:4
06-14 14:53:18.384     0     0 I CAM_INFO: CAM-ISP: cam_ife_hw_mgr_print_acquire_info: 2027 21:53:18.449 Acquired Single IFE[0] with [9 pix] [0 pd] [0 rdi] ports for ctx:11 per_port_enabled :0 sensor:-559038737 ul: 0
06-14 14:53:18.384     0     0 I CAM_INFO: CAM-ISP: __cam_isp_ctx_acquire_hw_v2: 9792 NO CRM session,top state machine assigned for no crm ctx 11
06-14 14:53:18.388     0     0 I CAM_INFO: CAM-ISP: __cam_isp_ctx_start_dev_in_ready: 10826 Start IFE device ctx 11 with irq state machine [Activated State Machine IRQ] in initial SubState [SOF] UL_path 0
06-14 14:53:18.389     0     0 I CAM_INFO: CAM-SENSOR: cam_sensor_driver_cmd: 1352 21:53:18.453 CAM_START_DEV[4] Success for imx471 sensor_id:0x471,sensor_slave_addr:0x34
06-14 14:53:19.287     0     0 E syncboss_spi spi0.0: bad magic from MCU (value: 0xcacacaca, data_ready_irq: 1, wake_timer: 0, send_timer: 0, msg_to_send: 0)
06-14 14:53:19.596     0     0 I CAM_INFO: CAM-ISP: __cam_isp_ctx_flush_req_in_top_state: 6201 Last request id to flush is 59, ctx_id:10
06-14 14:53:19.597     0     0 I CAM_INFO: CAM-ISP: __cam_isp_ctx_flush_req_in_top_state: 6223 Stop HW complete. Reset HW next.
06-14 14:53:19.598     0     0 I CAM_INFO: CAM-ISP: __cam_isp_ctx_flush_req_in_top_state: 6201 Last request id to flush is 59, ctx_id:11
06-14 14:53:19.598     0     0 I CAM_INFO: CAM-ISP: __cam_isp_ctx_flush_req_in_top_state: 6223 Stop HW complete. Reset HW next.
06-14 14:53:19.598     0     0 I CAM_WARN: CAM-CORE: cam_context_handle_flush_dev: 547 No flush device in dev 2621719, state 4
06-14 14:53:19.598     0     0 I CAM_WARN: CAM-CORE: cam_context_handle_flush_dev: 547 No flush device in dev 5636379, state 4
06-14 14:53:19.628     0     0 I CAM_WARN: CAM-CORE: cam_context_handle_flush_dev: 547 No flush device in dev 2621719, state 4
06-14 14:53:19.628     0     0 I CAM_WARN: CAM-CORE: cam_context_handle_flush_dev: 547 No flush device in dev 5636379, state 4
06-14 14:53:19.629     0     0 I CAM_WARN: CAM-CORE: cam_context_handle_flush_dev: 547 No flush device in dev 2621719, state 4
06-14 14:53:19.629     0     0 I CAM_WARN: CAM-CORE: cam_context_handle_flush_dev: 547 No flush device in dev 5636379, state 4
06-14 14:53:19.631     0     0 I CAM_INFO: CAM-SENSOR: cam_sensor_driver_cmd: 1391 21:53:19.695 CAM_STOP_DEV Success for imx471 sensor_id:0x471,sensor_slave_addr:0x34
06-14 14:53:19.631     0     0 I CAM_INFO: CAM-ISP: cam_ife_mgr_release_hw: 11425 21:53:19.696 Release HW success ctx id: 10
06-14 14:53:19.633     0     0 I CAM_INFO: CAM-SENSOR: cam_sensor_driver_cmd: 1391 21:53:19.697 CAM_STOP_DEV Success for imx471 sensor_id:0x471,sensor_slave_addr:0x34
06-14 14:53:19.633     0     0 I CAM_INFO: CAM-ISP: cam_ife_mgr_release_hw: 11425 21:53:19.698 Release HW success ctx id: 11
06-14 14:53:19.636     0     0 I CAM_INFO: CAM-SENSOR: cam_sensor_driver_cmd: 1270 CAM_RELEASE_DEV Success for imx471 sensor_id:0x471, slave_addr:0x34
06-14 14:53:19.655     0     0 I CAM_INFO: CAM-SENSOR: cam_sensor_driver_cmd: 1270 CAM_RELEASE_DEV Success for imx471 sensor_id:0x471, slave_addr:0x34
06-14 14:53:20.467     0     0 W healthd : battery l=93 v=4080 t=37.0 h=2 st=3 c=-1599648 fc=4411000 cc=102 chg=
06-14 14:53:20.781     0     0 I msm_cvp : warn: DBLP Set: status 0 0
06-14 14:53:20.782     0     0 I msm_cvp : pwr: cvp (eva) power collapsed
06-14 14:53:28.687     0     0 E syncboss_spi spi0.0: bad magic from MCU (value: 0xcacacaca, data_ready_irq: 1, wake_timer: 0, send_timer: 0, msg_to_send: 0)
06-14 14:53:30.478     0     0 W healthd : battery l=93 v=4131 t=37.0 h=2 st=3 c=-871969 fc=4411000 cc=102 chg=
06-14 14:53:33.757     0     0 W healthd : battery l=92 v=4079 t=36.0 h=2 st=3 c=-1627847 fc=4411000 cc=102 chg=
06-14 14:53:39.633     0     0 I CAM_INFO: CAM-SENSOR: cam_sensor_driver_cmd: 1211 CAM_ACQUIRE_DEV Success for imx471 id:0x471,slave-addr:0x34 crm:[0]
06-14 14:53:39.637    21    21 I CAM_INFO: CAM-SMMU: cam_smmu_map_user_iova: 3257 fd=865 already in list [21:53:39:701] cb=ife idx=0 handle=18388 len=573440,give same addr back
06-14 14:53:39.637    21    21 I CAM_INFO: CAM-SMMU: cam_smmu_map_user_iova: 3257 fd=866 already in list [21:53:39:702] cb=ife idx=0 handle=18388 len=471040,give same addr back
06-14 14:53:39.637    21    21 I CAM_INFO: CAM-SMMU: cam_smmu_map_user_iova: 3257 fd=867 already in list [21:53:39:702] cb=ife idx=0 handle=18388 len=495616,give same addr back
06-14 14:53:39.649     0     0 I CAM_INFO: CAM-SENSOR: cam_sensor_driver_cmd: 1211 CAM_ACQUIRE_DEV Success for imx471 id:0x471,slave-addr:0x34 crm:[0]
06-14 14:53:39.654    21    21 I CAM_INFO: CAM-SMMU: cam_smmu_map_user_iova: 3257 fd=934 already in list [21:53:39:718] cb=ife idx=0 handle=18388 len=573440,give same addr back
06-14 14:53:39.654    21    21 I CAM_INFO: CAM-SMMU: cam_smmu_map_user_iova: 3257 fd=936 already in list [21:53:39:718] cb=ife idx=0 handle=18388 len=471040,give same addr back
06-14 14:53:39.654    21    21 I CAM_INFO: CAM-SMMU: cam_smmu_map_user_iova: 3257 fd=937 already in list [21:53:39:718] cb=ife idx=0 handle=18388 len=495616,give same addr back
06-14 14:53:39.659     0     0 I CAM_INFO: CAM-CRM: cam_req_mgr_link_v3: 4951 link reserved 0000000000000000 0 trigger_type:1 num_devs:2 sess_hdl:5112340 no_crm:4
06-14 14:53:39.659     0     0 I CAM_INFO: CAM-ISP: cam_ife_hw_mgr_print_acquire_info: 2027 21:53:39.724 Acquired Single IFE[1] with [9 pix] [0 pd] [0 rdi] ports for ctx:4 per_port_enabled :0 sensor:-559038737 ul: 0
06-14 14:53:39.659     0     0 I CAM_INFO: CAM-ISP: __cam_isp_ctx_acquire_hw_v2: 9792 NO CRM session,top state machine assigned for no crm ctx 4
06-14 14:53:39.663     0     0 I CAM_INFO: CAM-ISP: __cam_isp_ctx_start_dev_in_ready: 10826 Start IFE device ctx 4 with irq state machine [Activated State Machine IRQ] in initial SubState [SOF] UL_path 0
06-14 14:53:39.663     0     0 I CAM_INFO: CAM-SENSOR: cam_sensor_driver_cmd: 1352 21:53:39.728 CAM_START_DEV[5] Success for imx471 sensor_id:0x471,sensor_slave_addr:0x34
06-14 14:53:39.663     0     0 I CAM_INFO: CAM-CRM: cam_req_mgr_link_v3: 4951 link reserved 0000000000000000 0 trigger_type:1 num_devs:2 sess_hdl:5112340 no_crm:4
06-14 14:53:39.664     0     0 I CAM_INFO: CAM-ISP: cam_ife_hw_mgr_print_acquire_info: 2027 21:53:39.728 Acquired Single IFE[0] with [9 pix] [0 pd] [0 rdi] ports for ctx:5 per_port_enabled :0 sensor:-559038737 ul: 0
06-14 14:53:39.664     0     0 I CAM_INFO: CAM-ISP: __cam_isp_ctx_acquire_hw_v2: 9792 NO CRM session,top state machine assigned for no crm ctx 5
06-14 14:53:39.667     0     0 I CAM_INFO: CAM-ISP: __cam_isp_ctx_start_dev_in_ready: 10826 Start IFE device ctx 5 with irq state machine [Activated State Machine IRQ] in initial SubState [SOF] UL_path 0
06-14 14:53:39.668     0     0 I CAM_INFO: CAM-SENSOR: cam_sensor_driver_cmd: 1352 21:53:39.732 CAM_START_DEV[4] Success for imx471 sensor_id:0x471,sensor_slave_addr:0x34
06-14 14:53:40.488     0     0 W healthd : battery l=92 v=4064 t=36.0 h=2 st=3 c=-1768110 fc=4411000 cc=102 chg=
06-14 14:53:40.876     0     0 I CAM_INFO: CAM-ISP: __cam_isp_ctx_flush_req_in_top_state: 6201 Last request id to flush is 59, ctx_id:4
06-14 14:53:40.876     0     0 I CAM_INFO: CAM-ISP: __cam_isp_ctx_flush_req_in_top_state: 6223 Stop HW complete. Reset HW next.
06-14 14:53:40.876     0     0 I CAM_INFO: CAM-ISP: __cam_isp_ctx_flush_req_in_top_state: 6201 Last request id to flush is 59, ctx_id:5
06-14 14:53:40.876     0     0 I CAM_INFO: CAM-ISP: __cam_isp_ctx_flush_req_in_top_state: 6223 Stop HW complete. Reset HW next.
06-14 14:53:40.877     0     0 I CAM_WARN: CAM-CORE: cam_context_handle_flush_dev: 547 No flush device in dev 14549271, state 4
06-14 14:53:40.877     0     0 I CAM_WARN: CAM-CORE: cam_context_handle_flush_dev: 547 No flush device in dev 6029595, state 4
06-14 14:53:40.907     0     0 I CAM_WARN: CAM-CORE: cam_context_handle_flush_dev: 547 No flush device in dev 14549271, state 4
06-14 14:53:40.907     0     0 I CAM_WARN: CAM-CORE: cam_context_handle_flush_dev: 547 No flush device in dev 6029595, state 4
06-14 14:53:40.907     0     0 I CAM_WARN: CAM-CORE: cam_context_handle_flush_dev: 547 No flush device in dev 14549271, state 4
06-14 14:53:40.907     0     0 I CAM_WARN: CAM-CORE: cam_context_handle_flush_dev: 547 No flush device in dev 6029595, state 4
06-14 14:53:40.909     0     0 I CAM_INFO: CAM-SENSOR: cam_sensor_driver_cmd: 1391 21:53:40.973 CAM_STOP_DEV Success for imx471 sensor_id:0x471,sensor_slave_addr:0x34
06-14 14:53:40.909     0     0 I CAM_INFO: CAM-ISP: cam_ife_mgr_release_hw: 11425 21:53:40.974 Release HW success ctx id: 4
06-14 14:53:40.911     0     0 I CAM_INFO: CAM-SENSOR: cam_sensor_driver_cmd: 1391 21:53:40.976 CAM_STOP_DEV Success for imx471 sensor_id:0x471,sensor_slave_addr:0x34
06-14 14:53:40.912     0     0 I CAM_INFO: CAM-ISP: cam_ife_mgr_release_hw: 11425 21:53:40.976 Release HW success ctx id: 5
06-14 14:53:40.915     0     0 I CAM_INFO: CAM-SENSOR: cam_sensor_driver_cmd: 1270 CAM_RELEASE_DEV Success for imx471 sensor_id:0x471, slave_addr:0x34
06-14 14:53:40.933     0     0 I CAM_INFO: CAM-SENSOR: cam_sensor_driver_cmd: 1270 CAM_RELEASE_DEV Success for imx471 sensor_id:0x471, slave_addr:0x34
06-14 14:53:50.497     0     0 W healthd : battery l=92 v=4079 t=36.0 h=2 st=3 c=-1557533 fc=4411000 cc=102 chg=
06-14 14:53:57.405     0     0 I CAM_INFO: CAM-SENSOR: cam_sensor_driver_cmd: 1211 CAM_ACQUIRE_DEV Success for imx471 id:0x471,slave-addr:0x34 crm:[0]
06-14 14:53:57.419    21    21 I CAM_INFO: CAM-SMMU: cam_smmu_map_user_iova: 3257 fd=865 already in list [21:53:57:483] cb=ife idx=0 handle=18388 len=573440,give same addr back
06-14 14:53:57.421    21    21 I CAM_INFO: CAM-SMMU: cam_smmu_map_user_iova: 3257 fd=866 already in list [21:53:57:485] cb=ife idx=0 handle=18388 len=471040,give same addr back
06-14 14:53:57.421    21    21 I CAM_INFO: CAM-SMMU: cam_smmu_map_user_iova: 3257 fd=867 already in list [21:53:57:486] cb=ife idx=0 handle=18388 len=495616,give same addr back
06-14 14:53:57.437     0     0 I CAM_INFO: CAM-SENSOR: cam_sensor_driver_cmd: 1211 CAM_ACQUIRE_DEV Success for imx471 id:0x471,slave-addr:0x34 crm:[0]
06-14 14:53:57.443    21    21 I CAM_INFO: CAM-SMMU: cam_smmu_map_user_iova: 3257 fd=934 already in list [21:53:57:507] cb=ife idx=0 handle=18388 len=573440,give same addr back
06-14 14:53:57.443    21    21 I CAM_INFO: CAM-SMMU: cam_smmu_map_user_iova: 3257 fd=936 already in list [21:53:57:507] cb=ife idx=0 handle=18388 len=471040,give same addr back
06-14 14:53:57.443    21    21 I CAM_INFO: CAM-SMMU: cam_smmu_map_user_iova: 3257 fd=937 already in list [21:53:57:507] cb=ife idx=0 handle=18388 len=495616,give same addr back
06-14 14:53:57.451     0     0 I CAM_INFO: CAM-CRM: cam_req_mgr_link_v3: 4951 link reserved 0000000000000000 0 trigger_type:1 num_devs:2 sess_hdl:6423060 no_crm:4
06-14 14:53:57.451     0     0 I CAM_INFO: CAM-ISP: cam_ife_hw_mgr_print_acquire_info: 2027 21:53:57.515 Acquired Single IFE[1] with [9 pix] [0 pd] [0 rdi] ports for ctx:14 per_port_enabled :0 sensor:-559038737 ul: 0
06-14 14:53:57.451     0     0 I CAM_INFO: CAM-ISP: __cam_isp_ctx_acquire_hw_v2: 9792 NO CRM session,top state machine assigned for no crm ctx 14
06-14 14:53:57.456     0     0 I CAM_INFO: CAM-ISP: __cam_isp_ctx_start_dev_in_ready: 10826 Start IFE device ctx 14 with irq state machine [Activated State Machine IRQ] in initial SubState [SOF] UL_path 0
06-14 14:53:57.456     0     0 I CAM_INFO: CAM-SENSOR: cam_sensor_driver_cmd: 1352 21:53:57.521 CAM_START_DEV[5] Success for imx471 sensor_id:0x471,sensor_slave_addr:0x34
06-14 14:53:57.457     0     0 I CAM_INFO: CAM-CRM: cam_req_mgr_link_v3: 4951 link reserved 0000000000000000 0 trigger_type:1 num_devs:2 sess_hdl:6423060 no_crm:4
06-14 14:53:57.457     0     0 I CAM_INFO: CAM-ISP: cam_ife_hw_mgr_print_acquire_info: 2027 21:53:57.522 Acquired Single IFE[0] with [9 pix] [0 pd] [0 rdi] ports for ctx:15 per_port_enabled :0 sensor:-559038737 ul: 0
06-14 14:53:57.457     0     0 I CAM_INFO: CAM-ISP: __cam_isp_ctx_acquire_hw_v2: 9792 NO CRM session,top state machine assigned for no crm ctx 15
06-14 14:53:57.461     0     0 I CAM_INFO: CAM-ISP: __cam_isp_ctx_start_dev_in_ready: 10826 Start IFE device ctx 15 with irq state machine [Activated State Machine IRQ] in initial SubState [SOF] UL_path 0
06-14 14:53:57.461     0     0 I CAM_INFO: CAM-SENSOR: cam_sensor_driver_cmd: 1352 21:53:57.526 CAM_START_DEV[4] Success for imx471 sensor_id:0x471,sensor_slave_addr:0x34
06-14 14:53:57.549     0     0 I         : Info: adsprpc (8241): 577: 577: cvp-dsp-thread: fastrpc_driver_register: fastrpc driver qcom,fastcv0 registered with handle 1257
06-14 14:53:57.549     0     0 I msm_cvp : sess: Opening cvp instance: 0000000000000000 pid = 577 tgid = 577
06-14 14:53:57.551     0     0 I msm_cvp : pwr: cvp (eva) powered on
06-14 14:53:57.555     0     0 I synx    : info: synx_initialize: 2303: [sess :30] session created cvp-kernel-client
06-14 14:54:00.508     0     0 W healthd : battery l=92 v=4053 t=37.0 h=2 st=3 c=-1818648 fc=4411000 cc=102 chg=
06-14 14:54:02.519     0     0 I CAM_INFO: CAM-ISP: __cam_isp_ctx_flush_req_in_top_state: 6201 Last request id to flush is 251, ctx_id:14
