06-14 14:40:45.335     0     0 I CAM_INFO: CAM-ISP: cam_ife_hw_mgr_print_acquire_info: 2027 21:40:45.399 Acquired Single IFE[0] with [9 pix] [0 pd] [0 rdi] ports for ctx:1 per_port_enabled :0 sensor:-559038737 ul: 0
06-14 14:40:45.335     0     0 I CAM_INFO: CAM-ISP: __cam_isp_ctx_acquire_hw_v2: 9792 NO CRM session,top state machine assigned for no crm ctx 1
06-14 14:40:45.340     0     0 I CAM_INFO: CAM-ISP: __cam_isp_ctx_start_dev_in_ready: 10826 Start IFE device ctx 1 with irq state machine [Activated State Machine IRQ] in initial SubState [SOF] UL_path 0
06-14 14:40:45.340     0     0 I CAM_INFO: CAM-SENSOR: cam_sensor_driver_cmd: 1352 21:40:45.404 CAM_START_DEV[4] Success for imx471 sensor_id:0x471,sensor_slave_addr:0x34
06-14 14:40:46.576     0     0 I CAM_INFO: CAM-ISP: __cam_isp_ctx_flush_req_in_top_state: 6201 Last request id to flush is 60, ctx_id:0
06-14 14:40:46.577     0     0 I CAM_INFO: CAM-ISP: __cam_isp_ctx_flush_req_in_top_state: 6223 Stop HW complete. Reset HW next.
06-14 14:40:46.577     0     0 I CAM_INFO: CAM-ISP: __cam_isp_ctx_flush_req_in_top_state: 6201 Last request id to flush is 60, ctx_id:1
06-14 14:40:46.577     0     0 I CAM_INFO: CAM-ISP: __cam_isp_ctx_flush_req_in_top_state: 6223 Stop HW complete. Reset HW next.
06-14 14:40:46.578     0     0 I CAM_WARN: CAM-CORE: cam_context_handle_flush_dev: 547 No flush device in dev 11731223, state 4
06-14 14:40:46.578     0     0 I CAM_WARN: CAM-CORE: cam_context_handle_flush_dev: 547 No flush device in dev 1179931, state 4
06-14 14:40:46.608     0     0 I CAM_WARN: CAM-CORE: cam_context_handle_flush_dev: 547 No flush device in dev 11731223, state 4
06-14 14:40:46.608     0     0 I CAM_WARN: CAM-CORE: cam_context_handle_flush_dev: 547 No flush device in dev 1179931, state 4
06-14 14:40:46.608     0     0 I CAM_WARN: CAM-CORE: cam_context_handle_flush_dev: 547 No flush device in dev 11731223, state 4
06-14 14:40:46.608     0     0 I CAM_WARN: CAM-CORE: cam_context_handle_flush_dev: 547 No flush device in dev 1179931, state 4
06-14 14:40:46.610     0     0 I CAM_INFO: CAM-SENSOR: cam_sensor_driver_cmd: 1391 21:40:46.674 CAM_STOP_DEV Success for imx471 sensor_id:0x471,sensor_slave_addr:0x34
06-14 14:40:46.610     0     0 I CAM_INFO: CAM-ISP: cam_ife_mgr_release_hw: 11425 21:40:46.674 Release HW success ctx id: 0
06-14 14:40:46.612     0     0 I CAM_INFO: CAM-SENSOR: cam_sensor_driver_cmd: 1391 21:40:46.676 CAM_STOP_DEV Success for imx471 sensor_id:0x471,sensor_slave_addr:0x34
06-14 14:40:46.612     0     0 I CAM_INFO: CAM-ISP: cam_ife_mgr_release_hw: 11425 21:40:46.676 Release HW success ctx id: 1
06-14 14:40:46.616     0     0 I CAM_INFO: CAM-SENSOR: cam_sensor_driver_cmd: 1270 CAM_RELEASE_DEV Success for imx471 sensor_id:0x471, slave_addr:0x34
06-14 14:40:46.634     0     0 I CAM_INFO: CAM-SENSOR: cam_sensor_driver_cmd: 1270 CAM_RELEASE_DEV Success for imx471 sensor_id:0x471, slave_addr:0x34
06-14 14:40:49.708     0     0 W healthd : battery l=97 v=4203 t=35.0 h=2 st=3 c=-699846 fc=4411000 cc=102 chg=u
06-14 14:40:59.717     0     0 W healthd : battery l=97 v=4219 t=35.0 h=2 st=3 c=-483044 fc=4411000 cc=102 chg=u
06-14 14:41:06.579     0     0 I CAM_INFO: CAM-SENSOR: cam_sensor_driver_cmd: 1211 CAM_ACQUIRE_DEV Success for imx471 id:0x471,slave-addr:0x34 crm:[0]
06-14 14:41:06.584    21    21 I CAM_INFO: CAM-SMMU: cam_smmu_map_user_iova: 3257 fd=861 already in list [21:41:6:648] cb=ife idx=0 handle=18388 len=573440,give same addr back
06-14 14:41:06.584    21    21 I CAM_INFO: CAM-SMMU: cam_smmu_map_user_iova: 3257 fd=862 already in list [21:41:6:648] cb=ife idx=0 handle=18388 len=471040,give same addr back
06-14 14:41:06.584    21    21 I CAM_INFO: CAM-SMMU: cam_smmu_map_user_iova: 3257 fd=863 already in list [21:41:6:648] cb=ife idx=0 handle=18388 len=495616,give same addr back
06-14 14:41:06.599     0     0 I CAM_INFO: CAM-SENSOR: cam_sensor_driver_cmd: 1211 CAM_ACQUIRE_DEV Success for imx471 id:0x471,slave-addr:0x34 crm:[0]
06-14 14:41:06.604    21    21 I CAM_INFO: CAM-SMMU: cam_smmu_map_user_iova: 3257 fd=930 already in list [21:41:6:669] cb=ife idx=0 handle=18388 len=573440,give same addr back
06-14 14:41:06.605    21    21 I CAM_INFO: CAM-SMMU: cam_smmu_map_user_iova: 3257 fd=931 already in list [21:41:6:669] cb=ife idx=0 handle=18388 len=471040,give same addr back
06-14 14:41:06.605    21    21 I CAM_INFO: CAM-SMMU: cam_smmu_map_user_iova: 3257 fd=932 already in list [21:41:6:669] cb=ife idx=0 handle=18388 len=495616,give same addr back
06-14 14:41:06.609     0     0 I CAM_INFO: CAM-CRM: cam_req_mgr_link_v3: 4951 link reserved 0000000000000000 0 trigger_type:1 num_devs:2 sess_hdl:13959700 no_crm:4
06-14 14:41:06.610     0     0 I CAM_INFO: CAM-ISP: cam_ife_hw_mgr_print_acquire_info: 2027 21:41:6.674 Acquired Single IFE[1] with [9 pix] [0 pd] [0 rdi] ports for ctx:6 per_port_enabled :0 sensor:-559038737 ul: 0
06-14 14:41:06.610     0     0 I CAM_INFO: CAM-ISP: __cam_isp_ctx_acquire_hw_v2: 9792 NO CRM session,top state machine assigned for no crm ctx 6
06-14 14:41:06.615     0     0 I CAM_INFO: CAM-ISP: __cam_isp_ctx_start_dev_in_ready: 10826 Start IFE device ctx 6 with irq state machine [Activated State Machine IRQ] in initial SubState [SOF] UL_path 0
06-14 14:41:06.615     0     0 I CAM_INFO: CAM-SENSOR: cam_sensor_driver_cmd: 1352 21:41:6.680 CAM_START_DEV[5] Success for imx471 sensor_id:0x471,sensor_slave_addr:0x34
06-14 14:41:06.616     0     0 I CAM_INFO: CAM-CRM: cam_req_mgr_link_v3: 4951 link reserved 0000000000000000 0 trigger_type:1 num_devs:2 sess_hdl:13959700 no_crm:4
06-14 14:41:06.616     0     0 I CAM_INFO: CAM-ISP: cam_ife_hw_mgr_print_acquire_info: 2027 21:41:6.680 Acquired Single IFE[0] with [9 pix] [0 pd] [0 rdi] ports for ctx:7 per_port_enabled :0 sensor:-559038737 ul: 0
06-14 14:41:06.616     0     0 I CAM_INFO: CAM-ISP: __cam_isp_ctx_acquire_hw_v2: 9792 NO CRM session,top state machine assigned for no crm ctx 7
06-14 14:41:06.619     0     0 I CAM_INFO: CAM-ISP: __cam_isp_ctx_start_dev_in_ready: 10826 Start IFE device ctx 7 with irq state machine [Activated State Machine IRQ] in initial SubState [SOF] UL_path 0
06-14 14:41:06.619     0     0 I CAM_INFO: CAM-SENSOR: cam_sensor_driver_cmd: 1352 21:41:6.684 CAM_START_DEV[4] Success for imx471 sensor_id:0x471,sensor_slave_addr:0x34
06-14 14:41:07.856     0     0 I CAM_INFO: CAM-ISP: __cam_isp_ctx_flush_req_in_top_state: 6201 Last request id to flush is 60, ctx_id:6
06-14 14:41:07.856     0     0 I CAM_INFO: CAM-ISP: __cam_isp_ctx_flush_req_in_top_state: 6223 Stop HW complete. Reset HW next.
06-14 14:41:07.857     0     0 I CAM_INFO: CAM-ISP: __cam_isp_ctx_flush_req_in_top_state: 6201 Last request id to flush is 60, ctx_id:7
06-14 14:41:07.857     0     0 I CAM_INFO: CAM-ISP: __cam_isp_ctx_flush_req_in_top_state: 6223 Stop HW complete. Reset HW next.
06-14 14:41:07.857     0     0 I CAM_WARN: CAM-CORE: cam_context_handle_flush_dev: 547 No flush device in dev 10748183, state 4
06-14 14:41:07.857     0     0 I CAM_WARN: CAM-CORE: cam_context_handle_flush_dev: 547 No flush device in dev 11403547, state 4
06-14 14:41:07.889     0     0 I CAM_WARN: CAM-CORE: cam_context_handle_flush_dev: 547 No flush device in dev 10748183, state 4
06-14 14:41:07.889     0     0 I CAM_WARN: CAM-CORE: cam_context_handle_flush_dev: 547 No flush device in dev 11403547, state 4
06-14 14:41:07.889     0     0 I CAM_WARN: CAM-CORE: cam_context_handle_flush_dev: 547 No flush device in dev 10748183, state 4
06-14 14:41:07.889     0     0 I CAM_WARN: CAM-CORE: cam_context_handle_flush_dev: 547 No flush device in dev 11403547, state 4
06-14 14:41:07.892     0     0 I CAM_INFO: CAM-SENSOR: cam_sensor_driver_cmd: 1391 21:41:7.956 CAM_STOP_DEV Success for imx471 sensor_id:0x471,sensor_slave_addr:0x34
06-14 14:41:07.892     0     0 I CAM_INFO: CAM-ISP: cam_ife_mgr_release_hw: 11425 21:41:7.956 Release HW success ctx id: 6
06-14 14:41:07.894     0     0 I CAM_INFO: CAM-SENSOR: cam_sensor_driver_cmd: 1391 21:41:7.958 CAM_STOP_DEV Success for imx471 sensor_id:0x471,sensor_slave_addr:0x34
06-14 14:41:07.894     0     0 I CAM_INFO: CAM-ISP: cam_ife_mgr_release_hw: 11425 21:41:7.959 Release HW success ctx id: 7
06-14 14:41:07.898     0     0 I CAM_INFO: CAM-SENSOR: cam_sensor_driver_cmd: 1270 CAM_RELEASE_DEV Success for imx471 sensor_id:0x471, slave_addr:0x34
06-14 14:41:07.914     0     0 I CAM_INFO: CAM-SENSOR: cam_sensor_driver_cmd: 1270 CAM_RELEASE_DEV Success for imx471 sensor_id:0x471, slave_addr:0x34
06-14 14:41:09.728     0     0 W healthd : battery l=97 v=4211 t=34.0 h=2 st=3 c=-606826 fc=4411000 cc=102 chg=u
06-14 14:41:19.739     0     0 W healthd : battery l=97 v=4212 t=34.0 h=2 st=3 c=-633194 fc=4411000 cc=102 chg=u
06-14 14:41:27.858     0     0 I CAM_INFO: CAM-SENSOR: cam_sensor_driver_cmd: 1211 CAM_ACQUIRE_DEV Success for imx471 id:0x471,slave-addr:0x34 crm:[0]
06-14 14:41:27.863    21    21 I CAM_INFO: CAM-SMMU: cam_smmu_map_user_iova: 3257 fd=861 already in list [21:41:27:928] cb=ife idx=0 handle=18388 len=573440,give same addr back
06-14 14:41:27.864    21    21 I CAM_INFO: CAM-SMMU: cam_smmu_map_user_iova: 3257 fd=862 already in list [21:41:27:928] cb=ife idx=0 handle=18388 len=471040,give same addr back
06-14 14:41:27.864    21    21 I CAM_INFO: CAM-SMMU: cam_smmu_map_user_iova: 3257 fd=863 already in list [21:41:27:928] cb=ife idx=0 handle=18388 len=495616,give same addr back
06-14 14:41:27.877     0     0 I CAM_INFO: CAM-SENSOR: cam_sensor_driver_cmd: 1211 CAM_ACQUIRE_DEV Success for imx471 id:0x471,slave-addr:0x34 crm:[0]
06-14 14:41:27.882    21    21 I CAM_INFO: CAM-SMMU: cam_smmu_map_user_iova: 3257 fd=930 already in list [21:41:27:946] cb=ife idx=0 handle=18388 len=573440,give same addr back
06-14 14:41:27.882    21    21 I CAM_INFO: CAM-SMMU: cam_smmu_map_user_iova: 3257 fd=931 already in list [21:41:27:947] cb=ife idx=0 handle=18388 len=471040,give same addr back
06-14 14:41:27.883    21    21 I CAM_INFO: CAM-SMMU: cam_smmu_map_user_iova: 3257 fd=932 already in list [21:41:27:947] cb=ife idx=0 handle=18388 len=495616,give same addr back
06-14 14:41:27.887     0     0 I CAM_INFO: CAM-CRM: cam_req_mgr_link_v3: 4951 link reserved 0000000000000000 0 trigger_type:1 num_devs:2 sess_hdl:3473940 no_crm:4
06-14 14:41:27.888     0     0 I CAM_INFO: CAM-ISP: cam_ife_hw_mgr_print_acquire_info: 2027 21:41:27.952 Acquired Single IFE[1] with [9 pix] [0 pd] [0 rdi] ports for ctx:8 per_port_enabled :0 sensor:-559038737 ul: 0
06-14 14:41:27.888     0     0 I CAM_INFO: CAM-ISP: __cam_isp_ctx_acquire_hw_v2: 9792 NO CRM session,top state machine assigned for no crm ctx 8
06-14 14:41:27.892     0     0 I CAM_INFO: CAM-ISP: __cam_isp_ctx_start_dev_in_ready: 10826 Start IFE device ctx 8 with irq state machine [Activated State Machine IRQ] in initial SubState [SOF] UL_path 0
06-14 14:41:27.892     0     0 I CAM_INFO: CAM-SENSOR: cam_sensor_driver_cmd: 1352 21:41:27.957 CAM_START_DEV[5] Success for imx471 sensor_id:0x471,sensor_slave_addr:0x34
06-14 14:41:27.893     0     0 I CAM_INFO: CAM-CRM: cam_req_mgr_link_v3: 4951 link reserved 0000000000000000 0 trigger_type:1 num_devs:2 sess_hdl:3473940 no_crm:4
06-14 14:41:27.893     0     0 I CAM_INFO: CAM-ISP: cam_ife_hw_mgr_print_acquire_info: 2027 21:41:27.957 Acquired Single IFE[0] with [9 pix] [0 pd] [0 rdi] ports for ctx:9 per_port_enabled :0 sensor:-559038737 ul: 0
06-14 14:41:27.893     0     0 I CAM_INFO: CAM-ISP: __cam_isp_ctx_acquire_hw_v2: 9792 NO CRM session,top state machine assigned for no crm ctx 9
06-14 14:41:27.897     0     0 I CAM_INFO: CAM-ISP: __cam_isp_ctx_start_dev_in_ready: 10826 Start IFE device ctx 9 with irq state machine [Activated State Machine IRQ] in initial SubState [SOF] UL_path 0
06-14 14:41:27.897     0     0 I CAM_INFO: CAM-SENSOR: cam_sensor_driver_cmd: 1352 21:41:27.961 CAM_START_DEV[4] Success for imx471 sensor_id:0x471,sensor_slave_addr:0x34
06-14 14:41:28.688     0     0 W healthd : battery l=96 v=4178 t=34.0 h=2 st=3 c=-1068629 fc=4411000 cc=102 chg=u
06-14 14:41:29.137     0     0 I CAM_INFO: CAM-ISP: __cam_isp_ctx_flush_req_in_top_state: 6201 Last request id to flush is 60, ctx_id:8
06-14 14:41:29.137     0     0 I CAM_INFO: CAM-ISP: __cam_isp_ctx_flush_req_in_top_state: 6223 Stop HW complete. Reset HW next.
06-14 14:41:29.137     0     0 I CAM_INFO: CAM-ISP: __cam_isp_ctx_flush_req_in_top_state: 6201 Last request id to flush is 60, ctx_id:9
06-14 14:41:29.138     0     0 I CAM_INFO: CAM-ISP: __cam_isp_ctx_flush_req_in_top_state: 6223 Stop HW complete. Reset HW next.
06-14 14:41:29.138     0     0 I CAM_WARN: CAM-CORE: cam_context_handle_flush_dev: 547 No flush device in dev 8061207, state 4
06-14 14:41:29.138     0     0 I CAM_WARN: CAM-CORE: cam_context_handle_flush_dev: 547 No flush device in dev 1573147, state 4
06-14 14:41:29.169     0     0 I CAM_WARN: CAM-CORE: cam_context_handle_flush_dev: 547 No flush device in dev 8061207, state 4
06-14 14:41:29.169     0     0 I CAM_WARN: CAM-CORE: cam_context_handle_flush_dev: 547 No flush device in dev 1573147, state 4
06-14 14:41:29.169     0     0 I CAM_WARN: CAM-CORE: cam_context_handle_flush_dev: 547 No flush device in dev 8061207, state 4
06-14 14:41:29.169     0     0 I CAM_WARN: CAM-CORE: cam_context_handle_flush_dev: 547 No flush device in dev 1573147, state 4
06-14 14:41:29.171     0     0 I CAM_INFO: CAM-SENSOR: cam_sensor_driver_cmd: 1391 21:41:29.236 CAM_STOP_DEV Success for imx471 sensor_id:0x471,sensor_slave_addr:0x34
06-14 14:41:29.172     0     0 I CAM_INFO: CAM-ISP: cam_ife_mgr_release_hw: 11425 21:41:29.236 Release HW success ctx id: 8
06-14 14:41:29.173     0     0 I CAM_INFO: CAM-SENSOR: cam_sensor_driver_cmd: 1391 21:41:29.238 CAM_STOP_DEV Success for imx471 sensor_id:0x471,sensor_slave_addr:0x34
06-14 14:41:29.174     0     0 I CAM_INFO: CAM-ISP: cam_ife_mgr_release_hw: 11425 21:41:29.238 Release HW success ctx id: 9
06-14 14:41:29.178     0     0 I CAM_INFO: CAM-SENSOR: cam_sensor_driver_cmd: 1270 CAM_RELEASE_DEV Success for imx471 sensor_id:0x471, slave_addr:0x34
06-14 14:41:29.197     0     0 I CAM_INFO: CAM-SENSOR: cam_sensor_driver_cmd: 1270 CAM_RELEASE_DEV Success for imx471 sensor_id:0x471, slave_addr:0x34
06-14 14:41:29.749     0     0 W healthd : battery l=96 v=4211 t=34.0 h=2 st=3 c=-634293 fc=4411000 cc=102 chg=u
06-14 14:41:39.781     0     0 W healthd : battery l=96 v=4200 t=34.0 h=2 st=3 c=-814473 fc=4411000 cc=102 chg=u
06-14 14:41:48.402     0     0 I init    : processing action (sys.hmt.mounted=0) from (/vendor/etc/init/hw/init.panther.rc:18)
06-14 14:41:48.403     0     0 I init    : processing action (sys.hmt.mounted=0) from (/vendor/etc/init/hw/init.anorak.rc:368)
06-14 14:41:48.481     0     0 W kgsl_iommu_print_fault: 683 callbacks suppressed
06-14 14:41:48.481     0     0 F kgsl-3d0: GPU PAGE FAULT: addr = 4005B41800 pid= 7479 name=maloney.ziptide drawctxt=405504 context pid = 0
06-14 14:41:48.481     0     0 F kgsl-3d0: context=gfx3d_user TTBR0=0x874fb4000 (read translation fault)
06-14 14:41:48.481     0     0 F kgsl-3d0: FAULTING BLOCK: Flag cache
06-14 14:41:48.481     0     0 E kgsl-3d0: ---- premature free ----
06-14 14:41:48.481     0     0 E kgsl-3d0: [4004400000-4005B52000] (vk_devicememory) was already freed by pid 7479
06-14 14:41:48.481     0     0 F kgsl-3d0: ---- nearby memory ----
06-14 14:41:48.481     0     0 E kgsl-3d0: [00000040043FC000 - 00000040043FFFFF]   (pid = 7479) (vk_cmdbuffer)
06-14 14:41:48.481     0     0 F kgsl-3d0: <- fault @ 0000004005b41800
06-14 14:41:48.482     0     0 E kgsl-3d0: [0000004005B52000 - 00000040072A1FFF]   (pid = 7479) (vk_devicememory)
06-14 14:41:48.482     0     0 F kgsl-3d0: GPU PAGE FAULT: addr = 4004F96580 pid= 7479 name=maloney.ziptide drawctxt=405504 context pid = 0
06-14 14:41:48.482     0     0 F kgsl-3d0: context=gfx3d_user TTBR0=0x874fb4000 (write translation fault)
06-14 14:41:48.482     0     0 F kgsl-3d0: FAULTING BLOCK: CCU
06-14 14:41:48.482     0     0 E kgsl-3d0: ---- premature free ----
06-14 14:41:48.482     0     0 E kgsl-3d0: [4004400000-4005B52000] (vk_devicememory) was already freed by pid 7479
06-14 14:41:48.482     0     0 F kgsl-3d0: ---- nearby memory ----
06-14 14:41:48.482     0     0 E kgsl-3d0: [00000040043FC000 - 00000040043FFFFF]   (pid = 7479) (vk_cmdbuffer)
06-14 14:41:48.482     0     0 F kgsl-3d0: <- fault @ 0000004004f96580
06-14 14:41:48.482     0     0 E kgsl-3d0: [0000004005B52000 - 00000040072A1FFF]   (pid = 7479) (vk_devicememory)
06-14 14:41:48.482     0     0 F kgsl-3d0: GPU PAGE FAULT: addr = 4004F59D80 pid= 7479 name=maloney.ziptide drawctxt=405504 context pid = 0
06-14 14:41:48.482     0     0 F kgsl-3d0: context=gfx3d_user TTBR0=0x874fb4000 (write translation fault)
06-14 14:41:48.482     0     0 F kgsl-3d0: FAULTING BLOCK: CCU
06-14 14:41:48.482     0     0 E kgsl-3d0: ---- premature free ----
06-14 14:41:48.482     0     0 E kgsl-3d0: [4004400000-4005B52000] (vk_devicememory) was already freed by pid 7479
06-14 14:41:48.482     0     0 F kgsl-3d0: ---- nearby memory ----
06-14 14:41:48.482     0     0 E kgsl-3d0: [00000040043FC000 - 00000040043FFFFF]   (pid = 7479) (vk_cmdbuffer)
06-14 14:41:48.482     0     0 F kgsl-3d0: <- fault @ 0000004004f59d80
06-14 14:41:48.482     0     0 E kgsl-3d0: [0000004005B52000 - 00000040072A1FFF]   (pid = 7479) (vk_devicememory)
06-14 14:41:48.482     0     0 F kgsl-3d0: GPU PAGE FAULT: addr = 4004F47580 pid= 7479 name=maloney.ziptide drawctxt=405504 context pid = 0
06-14 14:41:48.482     0     0 F kgsl-3d0: context=gfx3d_user TTBR0=0x874fb4000 (write translation fault)
06-14 14:41:48.482     0     0 F kgsl-3d0: FAULTING BLOCK: CCU
06-14 14:41:48.482     0     0 E kgsl-3d0: ---- premature free ----
06-14 14:41:48.482     0     0 E kgsl-3d0: [4004400000-4005B52000] (vk_devicememory) was already freed by pid 7479
06-14 14:41:48.482     0     0 F kgsl-3d0: ---- nearby memory ----
06-14 14:41:48.482     0     0 E kgsl-3d0: [00000040043FC000 - 00000040043FFFFF]   (pid = 7479) (vk_cmdbuffer)
06-14 14:41:48.482     0     0 F kgsl-3d0: <- fault @ 0000004004f47580
06-14 14:41:48.482     0     0 E kgsl-3d0: [0000004005B52000 - 00000040072A1FFF]   (pid = 7479) (vk_devicememory)
06-14 14:41:48.482     0     0 F kgsl-3d0: GPU PAGE FAULT: addr = 4004F45F00 pid= 7479 name=maloney.ziptide drawctxt=405504 context pid = 0
06-14 14:41:48.482     0     0 F kgsl-3d0: context=gfx3d_user TTBR0=0x874fb4000 (write translation fault)
06-14 14:41:48.482     0     0 F kgsl-3d0: FAULTING BLOCK: CCU
06-14 14:41:48.482     0     0 E kgsl-3d0: ---- premature free ----
06-14 14:41:48.482     0     0 E kgsl-3d0: [4004400000-4005B52000] (vk_devicememory) was already freed by pid 7479
06-14 14:41:48.482     0     0 F kgsl-3d0: ---- nearby memory ----
06-14 14:41:48.482     0     0 E kgsl-3d0: [00000040043FC000 - 00000040043FFFFF]   (pid = 7479) (vk_cmdbuffer)
06-14 14:41:48.482     0     0 F kgsl-3d0: <- fault @ 0000004004f45f00
06-14 14:41:48.482     0     0 E kgsl-3d0: [0000004005B52000 - 00000040072A1FFF]   (pid = 7479) (vk_devicememory)
06-14 14:41:48.482     0     0 F kgsl-3d0: GPU PAGE FAULT: addr = 4004F27580 pid= 7479 name=maloney.ziptide drawctxt=405504 context pid = 0
06-14 14:41:48.482     0     0 F kgsl-3d0: context=gfx3d_user TTBR0=0x874fb4000 (write translation fault)
06-14 14:41:48.482     0     0 F kgsl-3d0: FAULTING BLOCK: CCU
06-14 14:41:48.482     0     0 E kgsl-3d0: ---- premature free ----
06-14 14:41:48.482     0     0 E kgsl-3d0: [4004400000-4005B52000] (vk_devicememory) was already freed by pid 7479
06-14 14:41:48.482     0     0 F kgsl-3d0: ---- nearby memory ----
06-14 14:41:48.482     0     0 E kgsl-3d0: [00000040043FC000 - 00000040043FFFFF]   (pid = 7479) (vk_cmdbuffer)
06-14 14:41:48.482     0     0 F kgsl-3d0: <- fault @ 0000004004f27580
06-14 14:41:48.482     0     0 E kgsl-3d0: [0000004005B52000 - 00000040072A1FFF]   (pid = 7479) (vk_devicememory)
06-14 14:41:48.482     0     0 F kgsl-3d0: GPU PAGE FAULT: addr = 4004F0EB00 pid= 7479 name=maloney.ziptide drawctxt=405504 context pid = 0
06-14 14:41:48.482     0     0 F kgsl-3d0: context=gfx3d_user TTBR0=0x874fb4000 (write translation fault)
06-14 14:41:48.482     0     0 F kgsl-3d0: FAULTING BLOCK: CCU
06-14 14:41:48.482     0     0 E kgsl-3d0: ---- premature free ----
06-14 14:41:48.482     0     0 E kgsl-3d0: [4004400000-4005B52000] (vk_devicememory) was already freed by pid 7479
06-14 14:41:48.482     0     0 F kgsl-3d0: ---- nearby memory ----
06-14 14:41:48.482     0     0 E kgsl-3d0: [00000040043FC000 - 00000040043FFFFF]   (pid = 7479) (vk_cmdbuffer)
06-14 14:41:48.482     0     0 F kgsl-3d0: <- fault @ 0000004004f0eb00
06-14 14:41:48.482     0     0 E kgsl-3d0: [0000004005B52000 - 00000040072A1FFF]   (pid = 7479) (vk_devicememory)
06-14 14:41:48.482     0     0 F kgsl-3d0: GPU PAGE FAULT: addr = 4004EEA980 pid= 7479 name=maloney.ziptide drawctxt=405504 context pid = 0
06-14 14:41:48.482     0     0 F kgsl-3d0: context=gfx3d_user TTBR0=0x874fb4000 (write translation fault)
06-14 14:41:48.482     0     0 F kgsl-3d0: FAULTING BLOCK: CCU
06-14 14:41:48.482     0     0 E kgsl-3d0: ---- premature free ----
06-14 14:41:48.482     0     0 E kgsl-3d0: [4004400000-4005B52000] (vk_devicememory) was already freed by pid 7479
06-14 14:41:48.482     0     0 F kgsl-3d0: ---- nearby memory ----
06-14 14:41:48.482     0     0 E kgsl-3d0: [00000040043FC000 - 00000040043FFFFF]   (pid = 7479) (vk_cmdbuffer)
06-14 14:41:48.482     0     0 F kgsl-3d0: <- fault @ 0000004004eea980
06-14 14:41:48.482     0     0 E kgsl-3d0: [0000004005B52000 - 00000040072A1FFF]   (pid = 7479) (vk_devicememory)
06-14 14:41:48.482     0     0 F kgsl-3d0: GPU PAGE FAULT: addr = 4004EDC580 pid= 7479 name=maloney.ziptide drawctxt=405504 context pid = 0
06-14 14:41:48.482     0     0 F kgsl-3d0: context=gfx3d_user TTBR0=0x874fb4000 (write translation fault)
06-14 14:41:48.482     0     0 F kgsl-3d0: FAULTING BLOCK: CCU
06-14 14:41:48.482     0     0 E kgsl-3d0: ---- premature free ----
06-14 14:41:48.482     0     0 E kgsl-3d0: [4004400000-4005B52000] (vk_devicememory) was already freed by pid 7479
06-14 14:41:48.482     0     0 F kgsl-3d0: ---- nearby memory ----
06-14 14:41:48.482     0     0 E kgsl-3d0: [00000040043FC000 - 00000040043FFFFF]   (pid = 7479) (vk_cmdbuffer)
06-14 14:41:48.482     0     0 F kgsl-3d0: <- fault @ 0000004004edc580
06-14 14:41:48.482     0     0 E kgsl-3d0: [0000004005B52000 - 00000040072A1FFF]   (pid = 7479) (vk_devicememory)
06-14 14:41:48.482     0     0 F kgsl-3d0: GPU PAGE FAULT: addr = 4004EB2580 pid= 7479 name=maloney.ziptide drawctxt=405504 context pid = 0
06-14 14:41:48.482     0     0 F kgsl-3d0: context=gfx3d_user TTBR0=0x874fb4000 (write translation fault)
06-14 14:41:48.482     0     0 F kgsl-3d0: FAULTING BLOCK: CCU
06-14 14:41:48.482     0     0 E kgsl-3d0: ---- premature free ----
06-14 14:41:48.482     0     0 E kgsl-3d0: [4004400000-4005B52000] (vk_devicememory) was already freed by pid 7479
06-14 14:41:48.482     0     0 F kgsl-3d0: ---- nearby memory ----
06-14 14:41:48.482     0     0 E kgsl-3d0: [00000040043FC000 - 00000040043FFFFF]   (pid = 7479) (vk_cmdbuffer)
06-14 14:41:48.482     0     0 F kgsl-3d0: <- fault @ 0000004004eb2580
06-14 14:41:48.482     0     0 E kgsl-3d0: [0000004005B52000 - 00000040072A1FFF]   (pid = 7479) (vk_devicememory)
06-14 14:41:48.814     0     0 W healthd : battery l=96 v=4244 t=34.0 h=2 st=2 c=-179814 fc=4411000 cc=102 chg=u
06-14 14:41:48.903     0     0 I CAM_INFO: CAM-ISP: __cam_isp_ctx_flush_req_in_top_state: 6201 Last request id to flush is 0, ctx_id:10
06-14 14:41:48.904     0     0 I CAM_INFO: CAM-ISP: __cam_isp_ctx_flush_req_in_top_state: 6223 Stop HW complete. Reset HW next.
06-14 14:41:48.905     0     0 I CAM_INFO: CAM-SENSOR: cam_sensor_driver_cmd: 1391 21:41:48.969 CAM_STOP_DEV Success for og0ve1b sensor_id:0xdead,sensor_slave_addr:0xc0
06-14 14:41:48.922     0     0 I CAM_INFO: CAM-ISP: __cam_isp_ctx_flush_req_in_top_state: 6201 Last request id to flush is 0, ctx_id:11
06-14 14:41:48.923     0     0 I CAM_INFO: CAM-ISP: __cam_isp_ctx_flush_req_in_top_state: 6223 Stop HW complete. Reset HW next.
06-14 14:41:48.924     0     0 I CAM_INFO: CAM-SENSOR: cam_sensor_driver_cmd: 1391 21:41:48.988 CAM_STOP_DEV Success for og0ve1b sensor_id:0xdead,sensor_slave_addr:0xc0
06-14 14:41:48.948     0     0 I CAM_INFO: CAM-ISP: __cam_isp_ctx_flush_req_in_top_state: 6201 Last request id to flush is 0, ctx_id:4
06-14 14:41:48.948     0     0 I CAM_INFO: CAM-ISP: __cam_isp_ctx_flush_req_in_top_state: 6223 Stop HW complete. Reset HW next.
06-14 14:41:48.949     0     0 I CAM_INFO: CAM-SENSOR: cam_sensor_driver_cmd: 1391 21:41:49.13 CAM_STOP_DEV Success for og0ve1b sensor_id:0xdead,sensor_slave_addr:0xc0
06-14 14:41:48.986     0     0 I CAM_INFO: CAM-ISP: __cam_isp_ctx_flush_req_in_top_state: 6201 Last request id to flush is 0, ctx_id:5
06-14 14:41:48.986     0     0 I CAM_INFO: CAM-ISP: __cam_isp_ctx_flush_req_in_top_state: 6223 Stop HW complete. Reset HW next.
06-14 14:41:48.988     0     0 I CAM_INFO: CAM-SENSOR: cam_sensor_driver_cmd: 1391 21:41:49.52 CAM_STOP_DEV Success for og0ve1b sensor_id:0xdead,sensor_slave_addr:0xc0
06-14 14:41:48.988     0     0 I CAM_WARN: CAM-CPAS: cam_cpas_hw_stop: 1986 Client=[1][csiphy][1] qchannel shut down while top gdsc is still on 1
06-14 14:41:49.068     0     0 I CAM_INFO: CAM-ISP: cam_ife_mgr_release_hw: 11425 21:41:49.132 Release HW success ctx id: 10
06-14 14:41:49.071     0     0 I CAM_INFO: CAM-SENSOR: cam_sensor_driver_cmd: 1270 CAM_RELEASE_DEV Success for og0ve1b sensor_id:0xdead, slave_addr:0xc0
06-14 14:41:49.072     0     0 I CAM_INFO: CAM-ISP: cam_ife_mgr_release_hw: 11425 21:41:49.136 Release HW success ctx id: 11
06-14 14:41:49.075     0     0 I CAM_INFO: CAM-SENSOR: cam_sensor_driver_cmd: 1270 CAM_RELEASE_DEV Success for og0ve1b sensor_id:0xdead, slave_addr:0xc0
06-14 14:41:49.075     0     0 I CAM_INFO: CAM-ISP: cam_ife_mgr_release_hw: 11425 21:41:49.140 Release HW success ctx id: 4
06-14 14:41:49.079     0     0 I CAM_INFO: CAM-SENSOR: cam_sensor_driver_cmd: 1270 CAM_RELEASE_DEV Success for og0ve1b sensor_id:0xdead, slave_addr:0xc0
06-14 14:41:49.079     0     0 I CAM_INFO: CAM-ISP: cam_ife_mgr_release_hw: 11425 21:41:49.143 Release HW success ctx id: 5
06-14 14:41:49.083     0     0 I CAM_INFO: CAM-SENSOR: cam_sensor_driver_cmd: 1270 CAM_RELEASE_DEV Success for og0ve1b sensor_id:0xdead, slave_addr:0xc0
06-14 14:41:49.769     0     0 W healthd : battery l=96 v=4273 t=34.0 h=2 st=2 c=185307 fc=4411000 cc=102 chg=u
06-14 14:41:52.227     0     0 I waipio-asoc-snd soc: spf_core_platform:sound: check_userspace_service_state: pcm_id 32 state 0
06-14 14:41:52.233     0     0 I Minidump: Ignoring minidump region FRPC_1.
06-14 14:41:52.234     0     0 I waipio-asoc-snd soc: spf_core_platform:sound: check_userspace_service_state: pcm_id 31 state 0
06-14 14:41:52.730     0     0 W healthd : battery l=96 v=4282 t=34.0 h=2 st=2 c=270270 fc=4411000 cc=102 chg=u
06-14 14:41:59.794     0     0 W healthd : battery l=96 v=4291 t=34.0 h=2 st=2 c=347542 fc=4411000 cc=102 chg=u
06-14 14:42:09.804     0     0 W healthd : battery l=96 v=4295 t=34.0 h=2 st=2 c=336556 fc=4411000 cc=102 chg=u
06-14 14:42:13.989     0     0 W healthd : battery l=96 v=4294 t=34.0 h=2 st=2 c=308723 fc=4411000 cc=102 chg=u
06-14 14:42:18.265     0     0 W healthd : battery l=96 v=4295 t=34.0 h=2 st=2 c=309822 fc=4411000 cc=102 chg=u
06-14 14:42:19.818     0     0 W healthd : battery l=96 v=4290 t=34.0 h=2 st=2 c=230718 fc=4411000 cc=102 chg=u
06-14 14:42:29.827     0     0 W healthd : battery l=96 v=4300 t=34.0 h=2 st=2 c=344246 fc=4411000 cc=102 chg=u
06-14 14:42:33.976     0     0 W healthd : battery l=96 v=4299 t=34.0 h=2 st=2 c=333626 fc=4411000 cc=102 chg=u
06-14 14:42:36.669     0     0 W healthd : battery l=97 v=4300 t=34.0 h=2 st=2 c=339852 fc=4411000 cc=102 chg=u
06-14 14:42:39.884     0     0 W healthd : battery l=97 v=4301 t=34.0 h=2 st=2 c=348641 fc=4411000 cc=102 chg=u
06-14 14:42:49.845     0     0 W healthd : battery l=97 v=4300 t=34.0 h=2 st=2 c=319710 fc=4411000 cc=102 chg=u
06-14 14:42:59.855     0     0 W healthd : battery l=97 v=4303 t=34.0 h=2 st=2 c=338387 fc=4411000 cc=102 chg=u
06-14 14:43:09.865     0     0 W healthd : battery l=97 v=4304 t=34.0 h=2 st=2 c=346810 fc=4411000 cc=102 chg=u
06-14 14:43:19.877     0     0 W healthd : battery l=97 v=4302 t=34.0 h=2 st=2 c=299934 fc=4411000 cc=102 chg=u
06-14 14:43:29.888     0     0 W healthd : battery l=97 v=4305 t=33.0 h=2 st=2 c=344979 fc=4411000 cc=102 chg=u
06-14 14:43:39.945     0     0 W healthd : battery l=97 v=4305 t=33.0 h=2 st=2 c=321907 fc=4411000 cc=102 chg=u
06-14 14:43:49.908     0     0 W healthd : battery l=97 v=4309 t=33.0 h=2 st=2 c=383432 fc=4411000 cc=102 chg=u
06-14 14:43:51.654     0     0 I syncboss_miscfifo a88000.spi: syncboss_nrf@0:miscfifo@0: miscfifo syncboss_stream0 opened by vendor.oculus.hardware.sensors@1.0-service (956) is full
06-14 14:43:59.917     0     0 W healthd : battery l=97 v=4311 t=33.0 h=2 st=2 c=389658 fc=4411000 cc=102 chg=u
06-14 14:44:09.928     0     0 W healthd : battery l=97 v=4310 t=33.0 h=2 st=2 c=374276 fc=4411000 cc=102 chg=u
06-14 14:44:19.173     0     0 W healthd : battery l=97 v=4304 t=33.0 h=2 st=2 c=283454 fc=4411000 cc=102 chg=u
06-14 14:44:19.938     0     0 W healthd : battery l=97 v=4303 t=33.0 h=2 st=2 c=251593 fc=4411000 cc=102 chg=u
06-14 14:44:29.932     0     0 W healthd : battery l=97 v=4311 t=33.0 h=2 st=2 c=370980 fc=4411000 cc=102 chg=u
06-14 14:44:33.981     0     0 W healthd : battery l=97 v=4306 t=33.0 h=2 st=2 c=297004 fc=4411000 cc=102 chg=u
06-14 14:44:40.003     0     0 W healthd : battery l=97 v=4307 t=33.0 h=2 st=2 c=357430 fc=4411000 cc=102 chg=u
06-14 14:44:49.965     0     0 W healthd : battery l=97 v=4313 t=33.0 h=2 st=2 c=375375 fc=4411000 cc=102 chg=u
06-14 14:44:59.974     0     0 W healthd : battery l=97 v=4313 t=33.0 h=2 st=2 c=371347 fc=4411000 cc=102 chg=u
06-14 14:45:09.988     0     0 W healthd : battery l=97 v=4313 t=33.0 h=2 st=2 c=364022 fc=4411000 cc=102 chg=u
06-14 14:45:19.997     0     0 W healthd : battery l=97 v=4314 t=33.0 h=2 st=2 c=376840 fc=4411000 cc=102 chg=u
06-14 14:45:30.013     0     0 W healthd : battery l=97 v=4315 t=33.0 h=2 st=2 c=376840 fc=4411000 cc=102 chg=u
06-14 14:45:40.063     0     0 W healthd : battery l=97 v=4315 t=33.0 h=2 st=2 c=368051 fc=4411000 cc=102 chg=u
06-14 14:45:50.027     0     0 W healthd : battery l=97 v=4315 t=33.0 h=2 st=2 c=372445 fc=4411000 cc=102 chg=u
06-14 14:46:00.039     0     0 W healthd : battery l=97 v=4315 t=33.0 h=2 st=2 c=354134 fc=4411000 cc=102 chg=u
06-14 14:46:10.046     0     0 W healthd : battery l=97 v=4316 t=33.0 h=2 st=2 c=362557 fc=4411000 cc=102 chg=u
06-14 14:46:20.045     0     0 W healthd : battery l=97 v=4312 t=33.0 h=2 st=2 c=354500 fc=4411000 cc=102 chg=u
06-14 14:46:20.067     0     0 W healthd : battery l=97 v=4312 t=33.0 h=2 st=2 c=354500 fc=4411000 cc=102 chg=u
06-14 14:46:30.070     0     0 W healthd : battery l=97 v=4317 t=33.0 h=2 st=2 c=371347 fc=4411000 cc=102 chg=u
06-14 14:46:33.976     0     0 W healthd : battery l=97 v=4313 t=33.0 h=2 st=2 c=309822 fc=4411000 cc=102 chg=u
06-14 14:46:40.123     0     0 W healthd : battery l=97 v=4315 t=33.0 h=2 st=2 c=384531 fc=4411000 cc=102 chg=u
06-14 14:46:50.087     0     0 W healthd : battery l=97 v=4318 t=33.0 h=2 st=2 c=372445 fc=4411000 cc=102 chg=u
06-14 14:47:00.101     0     0 W healthd : battery l=97 v=4319 t=33.0 h=2 st=2 c=370980 fc=4411000 cc=102 chg=u
06-14 14:47:10.109     0     0 W healthd : battery l=97 v=4320 t=33.0 h=2 st=2 c=393686 fc=4411000 cc=102 chg=u
06-14 14:47:14.128     0     0 W healthd : battery l=97 v=4320 t=33.0 h=2 st=2 c=390390 fc=4411000 cc=102 chg=u
06-14 14:47:20.117     0     0 W healthd : battery l=97 v=4320 t=33.0 h=2 st=2 c=386728 fc=4411000 cc=102 chg=u
06-14 14:47:30.129     0     0 W healthd : battery l=97 v=4322 t=33.0 h=2 st=2 c=398447 fc=4411000 cc=102 chg=u
06-14 14:47:37.376     0     0 I PMIC input: KPDPWR status=0x80, KPDPWR_ON=0
06-14 14:47:37.410     0     0 I [drm:dsi_display_set_mode [msm_drm]] [msm-dsi-info]: mdp_transfer_time=0, hactive=1920, vactive=3664, fps=72, clk_rate=0
06-14 14:47:37.410     0     0 I [drm:dsi_ctrl_isr_configure [msm_drm]] [msm-dsi-info]: dsi-ctrl-0: IRQ 412 registered
06-14 14:47:37.410     0     0 I [drm:dsi_ctrl_isr_configure [msm_drm]] [msm-dsi-info]: dsi-ctrl-1: IRQ 413 registered
06-14 14:47:37.417     0     0 I CAM_INFO: CAM-SENSOR: cam_sensor_driver_cmd: 1211 CAM_ACQUIRE_DEV Success for og0ve1b id:0xdead,slave-addr:0xc0 crm:[0]
06-14 14:47:37.418    21    21 I CAM_INFO: CAM-SMMU: cam_smmu_map_user_iova: 3257 fd=719 already in list [21:47:37:482] cb=ife idx=0 handle=18388 len=757760,give same addr back
06-14 14:47:37.418     0     0 I CAM_INFO: CAM-CRM: cam_req_mgr_link_v3: 4951 link reserved 0000000000000000 0 trigger_type:1 num_devs:2 sess_hdl:14221824 no_crm:4
06-14 14:47:37.419     0     0 I CAM_INFO: CAM-ISP: cam_ife_hw_mgr_print_acquire_info: 2027 21:47:37.484 Acquired Single IFE[9] with [0 pix] [0 pd] [1 rdi] ports for ctx:2 per_port_enabled :0 sensor:0 ul: 1
06-14 14:47:37.419     0     0 I CAM_INFO: CAM-ISP: __cam_isp_ctx_acquire_hw_v2: 9792 NO CRM session,top state machine assigned for no crm ctx 2
06-14 14:47:37.447     0     0 I CAM_INFO: CAM-SENSOR: cam_sensor_driver_cmd: 1211 CAM_ACQUIRE_DEV Success for og0ve1b id:0xdead,slave-addr:0xc0 crm:[0]
06-14 14:47:37.447    21    21 I CAM_INFO: CAM-SMMU: cam_smmu_map_user_iova: 3257 fd=736 already in list [21:47:37:511] cb=ife idx=0 handle=18388 len=757760,give same addr back
06-14 14:47:37.447     0     0 I CAM_INFO: CAM-CRM: cam_req_mgr_link_v3: 4951 link reserved 0000000000000000 0 trigger_type:1 num_devs:2 sess_hdl:5571077 no_crm:4
06-14 14:47:37.449     0     0 I CAM_INFO: CAM-ISP: cam_ife_hw_mgr_print_acquire_info: 2027 21:47:37.513 Acquired Single IFE[8] with [0 pix] [0 pd] [1 rdi] ports for ctx:3 per_port_enabled :0 sensor:1 ul: 1
06-14 14:47:37.449     0     0 I CAM_INFO: CAM-ISP: __cam_isp_ctx_acquire_hw_v2: 9792 NO CRM session,top state machine assigned for no crm ctx 3
06-14 14:47:37.472     0     0 I vd6281  : spi speed set : 4174000
06-14 14:47:37.472     0     0 I vd6281  : nb of samples per chunk  : 4096
06-14 14:47:37.472     0     0 I vd6281  : sample width in bytes: 64
06-14 14:47:37.472     0     0 I init    : processing action (sys.hmt.mounted=1) from (/vendor/etc/init/hw/init.panther.rc:15)
06-14 14:47:37.473     0     0 I init    : processing action (sys.hmt.mounted=1) from (/vendor/etc/init/hw/init.anorak.rc:365)
06-14 14:47:37.475     0     0 I CAM_INFO: CAM-SENSOR: cam_sensor_driver_cmd: 1211 CAM_ACQUIRE_DEV Success for og0ve1b id:0xdead,slave-addr:0xc0 crm:[0]
06-14 14:47:37.476    21    21 I CAM_INFO: CAM-SMMU: cam_smmu_map_user_iova: 3257 fd=762 already in list [21:47:37:540] cb=ife idx=0 handle=18388 len=757760,give same addr back
06-14 14:47:37.476     0     0 I CAM_INFO: CAM-CRM: cam_req_mgr_link_v3: 4951 link reserved 0000000000000000 0 trigger_type:1 num_devs:2 sess_hdl:7275018 no_crm:4
06-14 14:47:37.476     0     0 I CAM_INFO: CAM-ISP: cam_ife_hw_mgr_print_acquire_info: 2027 21:47:37.540 Acquired Single IFE[7] with [0 pix] [0 pd] [1 rdi] ports for ctx:12 per_port_enabled :0 sensor:2 ul: 1
06-14 14:47:37.476     0     0 I CAM_INFO: CAM-ISP: __cam_isp_ctx_acquire_hw_v2: 9792 NO CRM session,top state machine assigned for no crm ctx 12
06-14 14:47:37.503     0     0 I CAM_INFO: CAM-SENSOR: cam_sensor_driver_cmd: 1211 CAM_ACQUIRE_DEV Success for og0ve1b id:0xdead,slave-addr:0xc0 crm:[0]
06-14 14:47:37.504    21    21 I CAM_INFO: CAM-SMMU: cam_smmu_map_user_iova: 3257 fd=790 already in list [21:47:37:568] cb=ife idx=0 handle=18388 len=757760,give same addr back
06-14 14:47:37.504     0     0 I CAM_INFO: CAM-CRM: cam_req_mgr_link_v3: 4951 link reserved 0000000000000000 0 trigger_type:1 num_devs:2 sess_hdl:4325903 no_crm:4
06-14 14:47:37.504     0     0 I CAM_INFO: CAM-ISP: cam_ife_hw_mgr_print_acquire_info: 2027 21:47:37.568 Acquired Single IFE[6] with [0 pix] [0 pd] [1 rdi] ports for ctx:13 per_port_enabled :0 sensor:3 ul: 1
06-14 14:47:37.504     0     0 I CAM_INFO: CAM-ISP: __cam_isp_ctx_acquire_hw_v2: 9792 NO CRM session,top state machine assigned for no crm ctx 13
06-14 14:47:37.515     0     0 W healthd : battery l=97 v=4285 t=32.0 h=2 st=3 c=-150516 fc=4411000 cc=102 chg=u
06-14 14:47:37.526     0     0 I PMIC input: KPDPWR status=0x00, KPDPWR_ON=0
06-14 14:47:37.600     0     0 I binder  : 905:23046 transaction reply to 2712:8621 failed 22089123/29201/-1, code 0 size 36-8 line 3571
06-14 14:47:37.600     0     0 I binder  : send failed reply for transaction 22089122 to 2712:8621
06-14 14:47:37.826     0     0 I CAM_INFO: CAM-SENSOR: cam_sensor_driver_cmd: 1211 CAM_ACQUIRE_DEV Success for imx471 id:0x471,slave-addr:0x34 crm:[0]
06-14 14:47:37.830    21    21 I CAM_INFO: CAM-SMMU: cam_smmu_map_user_iova: 3257 fd=863 already in list [21:47:37:894] cb=ife idx=0 handle=18388 len=573440,give same addr back
06-14 14:47:37.832    21    21 I CAM_INFO: CAM-SMMU: cam_smmu_map_user_iova: 3257 fd=864 already in list [21:47:37:897] cb=ife idx=0 handle=18388 len=471040,give same addr back
06-14 14:47:37.833    21    21 I CAM_INFO: CAM-SMMU: cam_smmu_map_user_iova: 3257 fd=865 already in list [21:47:37:897] cb=ife idx=0 handle=18388 len=495616,give same addr back
06-14 14:47:37.852     0     0 I CAM_INFO: CAM-SENSOR: cam_sensor_driver_cmd: 1211 CAM_ACQUIRE_DEV Success for imx471 id:0x471,slave-addr:0x34 crm:[0]
06-14 14:47:37.857    21    21 I CAM_INFO: CAM-SMMU: cam_smmu_map_user_iova: 3257 fd=932 already in list [21:47:37:922] cb=ife idx=0 handle=18388 len=573440,give same addr back
06-14 14:47:37.858    21    21 I CAM_INFO: CAM-SMMU: cam_smmu_map_user_iova: 3257 fd=933 already in list [21:47:37:922] cb=ife idx=0 handle=18388 len=471040,give same addr back
06-14 14:47:37.858    21    21 I CAM_INFO: CAM-SMMU: cam_smmu_map_user_iova: 3257 fd=934 already in list [21:47:37:922] cb=ife idx=0 handle=18388 len=495616,give same addr back
06-14 14:47:37.862     0     0 I CAM_INFO: CAM-CRM: cam_req_mgr_link_v3: 4951 link reserved 0000000000000000 0 trigger_type:1 num_devs:2 sess_hdl:852500 no_crm:4
06-14 14:47:37.862     0     0 I CAM_INFO: CAM-ISP: cam_ife_hw_mgr_print_acquire_info: 2027 21:47:37.926 Acquired Single IFE[1] with [9 pix] [0 pd] [0 rdi] ports for ctx:14 per_port_enabled :0 sensor:-559038737 ul: 0
06-14 14:47:37.862     0     0 I CAM_INFO: CAM-ISP: __cam_isp_ctx_acquire_hw_v2: 9792 NO CRM session,top state machine assigned for no crm ctx 14
06-14 14:47:37.866     0     0 I CAM_INFO: CAM-ISP: __cam_isp_ctx_start_dev_in_ready: 10826 Start IFE device ctx 14 with irq state machine [Activated State Machine IRQ] in initial SubState [SOF] UL_path 0
06-14 14:47:37.866     0     0 I CAM_INFO: CAM-SENSOR: cam_sensor_driver_cmd: 1352 21:47:37.931 CAM_START_DEV[5] Success for imx471 sensor_id:0x471,sensor_slave_addr:0x34
06-14 14:47:37.866     0     0 I CAM_INFO: CAM-CRM: cam_req_mgr_link_v3: 4951 link reserved 0000000000000000 0 trigger_type:1 num_devs:2 sess_hdl:852500 no_crm:4
06-14 14:47:37.867     0     0 I CAM_INFO: CAM-ISP: cam_ife_hw_mgr_print_acquire_info: 2027 21:47:37.931 Acquired Single IFE[0] with [9 pix] [0 pd] [0 rdi] ports for ctx:15 per_port_enabled :0 sensor:-559038737 ul: 0
06-14 14:47:37.867     0     0 I CAM_INFO: CAM-ISP: __cam_isp_ctx_acquire_hw_v2: 9792 NO CRM session,top state machine assigned for no crm ctx 15
06-14 14:47:37.871     0     0 I CAM_INFO: CAM-ISP: __cam_isp_ctx_start_dev_in_ready: 10826 Start IFE device ctx 15 with irq state machine [Activated State Machine IRQ] in initial SubState [SOF] UL_path 0
06-14 14:47:37.872     0     0 I CAM_INFO: CAM-SENSOR: cam_sensor_driver_cmd: 1352 21:47:37.936 CAM_START_DEV[4] Success for imx471 sensor_id:0x471,sensor_slave_addr:0x34
06-14 14:47:37.921     0     0 I input   : Device 0x1A318B3C1DEF4847 as /devices/virtual/input/input21
06-14 14:47:37.935     0     0 I input   : Device 0x848CEE838AB0D855 as /devices/virtual/input/input22
06-14 14:47:37.949     0     0 I CAM_INFO: CAM-ISP: __cam_isp_ctx_start_dev_in_ready: 10826 Start IFE device ctx 3 with irq state machine [RDI Only Activated State Machine IRQ] in initial SubState [EPOCH] UL_path 1
06-14 14:47:37.949     0     0 I CAM_INFO: CAM-SENSOR: cam_sensor_driver_cmd: 1352 21:47:38.14 CAM_START_DEV[1] Success for og0ve1b sensor_id:0xdead,sensor_slave_addr:0xc0
06-14 14:47:37.949     0     0 I CAM_INFO: CAM-ISP: __cam_isp_ctx_start_dev_in_ready: 10826 Start IFE device ctx 12 with irq state machine [RDI Only Activated State Machine IRQ] in initial SubState [EPOCH] UL_path 1
06-14 14:47:37.950     0     0 I CAM_INFO: CAM-ISP: __cam_isp_ctx_start_dev_in_ready: 10826 Start IFE device ctx 2 with irq state machine [RDI Only Activated State Machine IRQ] in initial SubState [EPOCH] UL_path 1
06-14 14:47:37.950     0     0 I CAM_INFO: CAM-ISP: __cam_isp_ctx_start_dev_in_ready: 10826 Start IFE device ctx 13 with irq state machine [RDI Only Activated State Machine IRQ] in initial SubState [EPOCH] UL_path 1
06-14 14:47:37.950     0     0 I CAM_INFO: CAM-SENSOR: cam_sensor_driver_cmd: 1352 21:47:38.14 CAM_START_DEV[2] Success for og0ve1b sensor_id:0xdead,sensor_slave_addr:0xc0
06-14 14:47:37.950     0     0 I CAM_INFO: CAM-SENSOR: cam_sensor_driver_cmd: 1352 21:47:38.14 CAM_START_DEV[0] Success for og0ve1b sensor_id:0xdead,sensor_slave_addr:0xc0
06-14 14:47:37.950     0     0 I CAM_INFO: CAM-SENSOR: cam_sensor_driver_cmd: 1352 21:47:38.15 CAM_START_DEV[3] Success for og0ve1b sensor_id:0xdead,sensor_slave_addr:0xc0
06-14 14:47:38.007 17632 17632 E wlan    : [17632:E:REGULATORY] reg_chan_opclass_to_freq: Invalid opclass
06-14 14:47:38.041 17632 17632 I wlan    : [17632:I:OSIF] scan start scan id 40972
06-14 14:47:38.098     0     0 I         : Info: adsprpc (8241): 577: 577: cvp-dsp-thread: fastrpc_driver_register: fastrpc driver qcom,fastcv0 registered with handle 1257
06-14 14:47:38.098     0     0 I msm_cvp : sess: Opening cvp instance: 0000000000000000 pid = 577 tgid = 577
06-14 14:47:38.101     0     0 I msm_cvp : pwr: cvp (eva) powered on
06-14 14:47:38.106     0     0 I synx    : info: synx_initialize: 2303: [sess :14] session created cvp-kernel-client
06-14 14:47:38.125     0     0 I CAM_ERR : CAM-ISP: __cam_isp_ctx_rdi_only_epoch_in_top_state: 7751 epoch with no req in active list ctx:2 res_id:0
06-14 14:47:38.125     0     0 I CAM_ERR : CAM-ISP: __cam_isp_ctx_rdi_only_epoch_in_top_state: 7751 epoch with no req in active list ctx:13 res_id:0
06-14 14:47:38.125     0     0 I CAM_ERR : CAM-ISP: __cam_isp_ctx_rdi_only_epoch_in_top_state: 7751 epoch with no req in active list ctx:3 res_id:0
06-14 14:47:38.125     0     0 I CAM_ERR : CAM-ISP: __cam_isp_ctx_rdi_only_epoch_in_top_state: 7751 epoch with no req in active list ctx:12 res_id:0
06-14 14:47:38.179     0     0 I [drm:dsi_display_set_mode [msm_drm]] [msm-dsi-info]: mdp_transfer_time=0, hactive=1920, vactive=3664, fps=90, clk_rate=0
06-14 14:47:38.275     0     0 W kgsl_iommu_print_fault: 889 callbacks suppressed
06-14 14:47:38.275     0     0 F kgsl-3d0: GPU PAGE FAULT: addr = 4002B41800 pid= 7479 name=maloney.ziptide drawctxt=405504 context pid = 0
06-14 14:47:38.275     0     0 F kgsl-3d0: context=gfx3d_user TTBR0=0x874fb4000 (read translation fault)
06-14 14:47:38.275     0     0 F kgsl-3d0: FAULTING BLOCK: Flag cache
06-14 14:47:38.275     0     0 E kgsl-3d0: ---- premature free ----
06-14 14:47:38.275     0     0 E kgsl-3d0: [4001400000-4002B52000] (vk_devicememory) was already freed by pid 7479
06-14 14:47:38.275     0     0 F kgsl-3d0: ---- nearby memory ----
06-14 14:47:38.275     0     0 E kgsl-3d0: [00000040013FB000 - 00000040013FEFFF]   (pid = 7479) (vk_cmdbuffer)
06-14 14:47:38.275     0     0 F kgsl-3d0: <- fault @ 0000004002b41800
06-14 14:47:38.275     0     0 E kgsl-3d0: [0000004002B52000 - 0000004002B85FFF]   (pid = 7479) (vk_image)
06-14 14:47:38.275     0     0 F kgsl-3d0: GPU PAGE FAULT: addr = 4001F02F00 pid= 7479 name=maloney.ziptide drawctxt=405504 context pid = 0
06-14 14:47:38.275     0     0 F kgsl-3d0: context=gfx3d_user TTBR0=0x874fb4000 (write translation fault)
06-14 14:47:38.275     0     0 F kgsl-3d0: FAULTING BLOCK: CCU
06-14 14:47:38.275     0     0 E kgsl-3d0: ---- premature free ----
06-14 14:47:38.275     0     0 E kgsl-3d0: [4001400000-4002B52000] (vk_devicememory) was already freed by pid 7479
06-14 14:47:38.275     0     0 F kgsl-3d0: ---- nearby memory ----
06-14 14:47:38.275     0     0 E kgsl-3d0: [00000040013FB000 - 00000040013FEFFF]   (pid = 7479) (vk_cmdbuffer)
06-14 14:47:38.275     0     0 F kgsl-3d0: <- fault @ 0000004001f02f00
06-14 14:47:38.275     0     0 E kgsl-3d0: [0000004002B52000 - 0000004002B85FFF]   (pid = 7479) (vk_image)
06-14 14:47:38.275     0     0 F kgsl-3d0: GPU PAGE FAULT: addr = 4001EE4F00 pid= 7479 name=maloney.ziptide drawctxt=405504 context pid = 0
06-14 14:47:38.275     0     0 F kgsl-3d0: context=gfx3d_user TTBR0=0x874fb4000 (write translation fault)
06-14 14:47:38.275     0     0 F kgsl-3d0: FAULTING BLOCK: CCU
06-14 14:47:38.275     0     0 E kgsl-3d0: ---- premature free ----
06-14 14:47:38.275     0     0 E kgsl-3d0: [4001400000-4002B52000] (vk_devicememory) was already freed by pid 7479
06-14 14:47:38.275     0     0 F kgsl-3d0: ---- nearby memory ----
06-14 14:47:38.275     0     0 E kgsl-3d0: [00000040013FB000 - 00000040013FEFFF]   (pid = 7479) (vk_cmdbuffer)
06-14 14:47:38.275     0     0 F kgsl-3d0: <- fault @ 0000004001ee4f00
06-14 14:47:38.275     0     0 E kgsl-3d0: [0000004002B52000 - 0000004002B85FFF]   (pid = 7479) (vk_image)
06-14 14:47:38.275     0     0 F kgsl-3d0: GPU PAGE FAULT: addr = 4001E8FF00 pid= 7479 name=maloney.ziptide drawctxt=405504 context pid = 0
06-14 14:47:38.275     0     0 F kgsl-3d0: context=gfx3d_user TTBR0=0x874fb4000 (write translation fault)
06-14 14:47:38.275     0     0 F kgsl-3d0: FAULTING BLOCK: CCU
06-14 14:47:38.275     0     0 E kgsl-3d0: ---- premature free ----
06-14 14:47:38.275     0     0 E kgsl-3d0: [4001400000-4002B52000] (vk_devicememory) was already freed by pid 7479
06-14 14:47:38.275     0     0 F kgsl-3d0: ---- nearby memory ----
06-14 14:47:38.275     0     0 E kgsl-3d0: [00000040013FB000 - 00000040013FEFFF]   (pid = 7479) (vk_cmdbuffer)
06-14 14:47:38.275     0     0 F kgsl-3d0: <- fault @ 0000004001e8ff00
06-14 14:47:38.275     0     0 E kgsl-3d0: [0000004002B52000 - 0000004002B85FFF]   (pid = 7479) (vk_image)
06-14 14:47:38.275     0     0 F kgsl-3d0: GPU PAGE FAULT: addr = 4001E98280 pid= 7479 name=maloney.ziptide drawctxt=405504 context pid = 0
06-14 14:47:38.275     0     0 F kgsl-3d0: context=gfx3d_user TTBR0=0x874fb4000 (write translation fault)
06-14 14:47:38.275     0     0 F kgsl-3d0: FAULTING BLOCK: CCU
06-14 14:47:38.275     0     0 E kgsl-3d0: ---- premature free ----
06-14 14:47:38.275     0     0 E kgsl-3d0: [4001400000-4002B52000] (vk_devicememory) was already freed by pid 7479
06-14 14:47:38.275     0     0 F kgsl-3d0: ---- nearby memory ----
06-14 14:47:38.275     0     0 E kgsl-3d0: [00000040013FB000 - 00000040013FEFFF]   (pid = 7479) (vk_cmdbuffer)
06-14 14:47:38.275     0     0 F kgsl-3d0: <- fault @ 0000004001e98280
06-14 14:47:38.275     0     0 E kgsl-3d0: [0000004002B52000 - 0000004002B85FFF]   (pid = 7479) (vk_image)
06-14 14:47:38.275     0     0 F kgsl-3d0: GPU PAGE FAULT: addr = 4001E71A80 pid= 7479 name=maloney.ziptide drawctxt=405504 context pid = 0
06-14 14:47:38.275     0     0 F kgsl-3d0: context=gfx3d_user TTBR0=0x874fb4000 (write translation fault)
06-14 14:47:38.275     0     0 F kgsl-3d0: FAULTING BLOCK: CCU
06-14 14:47:38.275     0     0 E kgsl-3d0: ---- premature free ----
06-14 14:47:38.275     0     0 E kgsl-3d0: [4001400000-4002B52000] (vk_devicememory) was already freed by pid 7479
06-14 14:47:38.275     0     0 F kgsl-3d0: ---- nearby memory ----
06-14 14:47:38.275     0     0 E kgsl-3d0: [00000040013FB000 - 00000040013FEFFF]   (pid = 7479) (vk_cmdbuffer)
06-14 14:47:38.275     0     0 F kgsl-3d0: <- fault @ 0000004001e71a80
06-14 14:47:38.275     0     0 E kgsl-3d0: [0000004002B52000 - 0000004002B85FFF]   (pid = 7479) (vk_image)
06-14 14:47:38.275     0     0 F kgsl-3d0: GPU PAGE FAULT: addr = 4001E82280 pid= 7479 name=maloney.ziptide drawctxt=405504 context pid = 0
06-14 14:47:38.275     0     0 F kgsl-3d0: context=gfx3d_user TTBR0=0x874fb4000 (write translation fault)
06-14 14:47:38.275     0     0 F kgsl-3d0: FAULTING BLOCK: CCU
06-14 14:47:38.275     0     0 E kgsl-3d0: ---- premature free ----
06-14 14:47:38.275     0     0 E kgsl-3d0: [4001400000-4002B52000] (vk_devicememory) was already freed by pid 7479
06-14 14:47:38.275     0     0 F kgsl-3d0: ---- nearby memory ----
06-14 14:47:38.275     0     0 E kgsl-3d0: [00000040013FB000 - 00000040013FEFFF]   (pid = 7479) (vk_cmdbuffer)
06-14 14:47:38.275     0     0 F kgsl-3d0: <- fault @ 0000004001e82280
06-14 14:47:38.275     0     0 E kgsl-3d0: [0000004002B52000 - 0000004002B85FFF]   (pid = 7479) (vk_image)
06-14 14:47:38.276     0     0 F kgsl-3d0: GPU PAGE FAULT: addr = 4001E66B00 pid= 7479 name=maloney.ziptide drawctxt=405504 context pid = 0
06-14 14:47:38.276     0     0 F kgsl-3d0: context=gfx3d_user TTBR0=0x874fb4000 (write translation fault)
06-14 14:47:38.276     0     0 F kgsl-3d0: FAULTING BLOCK: CCU
06-14 14:47:38.276     0     0 E kgsl-3d0: ---- premature free ----
06-14 14:47:38.276     0     0 E kgsl-3d0: [4001400000-4002B52000] (vk_devicememory) was already freed by pid 7479
06-14 14:47:38.276     0     0 F kgsl-3d0: ---- nearby memory ----
06-14 14:47:38.276     0     0 E kgsl-3d0: [00000040013FB000 - 00000040013FEFFF]   (pid = 7479) (vk_cmdbuffer)
06-14 14:47:38.276     0     0 F kgsl-3d0: <- fault @ 0000004001e66b00
06-14 14:47:38.276     0     0 E kgsl-3d0: [0000004002B52000 - 0000004002B85FFF]   (pid = 7479) (vk_image)
06-14 14:47:38.276     0     0 F kgsl-3d0: GPU PAGE FAULT: addr = 4001E83B00 pid= 7479 name=maloney.ziptide drawctxt=405504 context pid = 0
