06-14 14:28:16.630  3314  3314 I [SEO] ShellSpatialWindowManagerService:  CreateVolumetricWindowPanel for bf0b2728-64d0-40b6-b1f4-1ddb7f918945VolumetricWindowToken { scope = 1, token = android.os.BinderProxy@291be18, persistableToken = bf0b2728-64d0-40b6-b1f4-1ddb7f918945 } parent
06-14 14:28:16.630  3314  3314 I [SEO] ShellApplicationJNI: nativeOnVolumetricWindowCreated
06-14 14:28:16.631 22307 22793 E AppManagerClient: Failed to log event. Ex: Field oldConnectionState_ for ai not found. Known fields are [public static final ai ai.e, public static volatile bj4 ai.f]
06-14 14:28:16.631 22307 22793 E AppManagerClient: java.lang.RuntimeException: Field oldConnectionState_ for ai not found. Known fields are [public static final ai ai.e, public static volatile bj4 ai.f]
06-14 14:28:16.631 22307 22793 E AppManagerClient: 	at yu6.t(chromium-OculusBrowser.apk-stable-569700652:70)
06-14 14:28:16.631 22307 22793 E AppManagerClient: 	at yu6.q(chromium-OculusBrowser.apk-stable-569700652:52)
06-14 14:28:16.631 22307 22793 E AppManagerClient: 	at rc9.a(chromium-OculusBrowser.apk-stable-569700652:143)
06-14 14:28:16.631 22307 22793 E AppManagerClient: 	at zi4.a(chromium-OculusBrowser.apk-stable-569700652:24)
06-14 14:28:16.631 22307 22793 E AppManagerClient: 	at xh.get(chromium-OculusBrowser.apk-stable-569700652:9)
06-14 14:28:16.631 22307 22793 E AppManagerClient: 	at horizonos.os.telemetry.TelemetryManager.reportPlatformEvent(TelemetryManager.java:143)
06-14 14:28:16.631 22307 22793 E AppManagerClient: 	at mh.c(chromium-OculusBrowser.apk-stable-569700652:4)
06-14 14:28:16.631 22307 22793 E AppManagerClient: 	at tu.g(chromium-OculusBrowser.apk-stable-569700652:82)
06-14 14:28:16.631 22307 22793 E AppManagerClient: 	at tu.onServiceConnected(chromium-OculusBrowser.apk-stable-569700652:51)
06-14 14:28:16.631 22307 22793 E AppManagerClient: 	at android.app.LoadedApk$ServiceDispatcher.doConnected(LoadedApk.java:2274)
06-14 14:28:16.631 22307 22793 E AppManagerClient: 	at android.app.LoadedApk$ServiceDispatcher$RunConnection.run(LoadedApk.java:2307)
06-14 14:28:16.631 22307 22793 E AppManagerClient: 	at java.util.concurrent.ThreadPoolExecutor.runWorker(ThreadPoolExecutor.java:1145)
06-14 14:28:16.631 22307 22793 E AppManagerClient: 	at java.util.concurrent.ThreadPoolExecutor$Worker.run(ThreadPoolExecutor.java:644)
06-14 14:28:16.631 22307 22793 E AppManagerClient: 	at java.lang.Thread.run(Thread.java:1012)
06-14 14:28:16.632  3314  3314 D [SEO] ShellApplication: Sending command: controlBarLayout {"layer":"controlbar12","grab_target_u_left":0.16,"grab_target_u_right":0.7327273,"overflow_menu_button_u_left":0.087272726,"privacy_indicator_u_left":0,"is_theater_control_bar":false} to panelId 12
06-14 14:28:16.632  5800  5818 I AppManagerInternal: Caller(22307:com.oculus.browser) is already registered, replacing existing listener.
06-14 14:28:16.632  5800  5818 I AppManagerInternal: Registered Caller(22307:com.oculus.browser).
06-14 14:28:16.633 22307 22793 E AppManagerClient: Failed to log event. Ex: Field oldConnectionState_ for qh not found. Known fields are [public static final qh qh.e, public static volatile bj4 qh.f]
06-14 14:28:16.633 22307 22793 E AppManagerClient: java.lang.RuntimeException: Field oldConnectionState_ for qh not found. Known fields are [public static final qh qh.e, public static volatile bj4 qh.f]
06-14 14:28:16.633 22307 22793 E AppManagerClient: 	at yu6.t(chromium-OculusBrowser.apk-stable-569700652:70)
06-14 14:28:16.633 22307 22793 E AppManagerClient: 	at yu6.q(chromium-OculusBrowser.apk-stable-569700652:52)
06-14 14:28:16.633 22307 22793 E AppManagerClient: 	at rc9.a(chromium-OculusBrowser.apk-stable-569700652:143)
06-14 14:28:16.633 22307 22793 E AppManagerClient: 	at zi4.a(chromium-OculusBrowser.apk-stable-569700652:24)
06-14 14:28:16.633 22307 22793 E AppManagerClient: 	at nh.get(chromium-OculusBrowser.apk-stable-569700652:9)
06-14 14:28:16.633 22307 22793 E AppManagerClient: 	at horizonos.os.telemetry.TelemetryManager.reportPlatformEvent(TelemetryManager.java:143)
06-14 14:28:16.633 22307 22793 E AppManagerClient: 	at mh.a(chromium-OculusBrowser.apk-stable-569700652:4)
06-14 14:28:16.633 22307 22793 E AppManagerClient: 	at tu.g(chromium-OculusBrowser.apk-stable-569700652:55)
06-14 14:28:16.633 22307 22793 E AppManagerClient: 	at tu.e(chromium-OculusBrowser.apk-stable-569700652:107)
06-14 14:28:16.633 22307 22793 E AppManagerClient: 	at zq7.a(chromium-OculusBrowser.apk-stable-569700652:34)
06-14 14:28:16.633 22307 22793 E AppManagerClient: 	at ou.a(chromium-OculusBrowser.apk-stable-569700652:3)
06-14 14:28:16.633 22307 22793 E AppManagerClient: 	at su.b(chromium-OculusBrowser.apk-stable-569700652:3)
06-14 14:28:16.633 22307 22793 E AppManagerClient: 	at tu.onServiceConnected(chromium-OculusBrowser.apk-stable-569700652:122)
06-14 14:28:16.633 22307 22793 E AppManagerClient: 	at android.app.LoadedApk$ServiceDispatcher.doConnected(LoadedApk.java:2274)
06-14 14:28:16.633 22307 22793 E AppManagerClient: 	at android.app.LoadedApk$ServiceDispatcher$RunConnection.run(LoadedApk.java:2307)
06-14 14:28:16.633 22307 22793 E AppManagerClient: 	at java.util.concurrent.ThreadPoolExecutor.runWorker(ThreadPoolExecutor.java:1145)
06-14 14:28:16.633 22307 22793 E AppManagerClient: 	at java.util.concurrent.ThreadPoolExecutor$Worker.run(ThreadPoolExecutor.java:644)
06-14 14:28:16.633 22307 22793 E AppManagerClient: 	at java.lang.Thread.run(Thread.java:1012)
06-14 14:28:16.634  3314  3638 I [SEO] PanelAppLaunchInfo: PanelAppLaunchInfo componentString:com.oculus.systemux/com.oculus.panelapp.virtualobjects.VirtualObjectsActivity packageName:com.oculus.systemux serviceName:com.oculus.panelapp.virtualobjects.VirtualObjectsActivity componentName:com.oculus.systemux/com.oculus.panelapp.virtualobjects.VirtualObjectsActivity
06-14 14:28:16.634  3314  3638 I [SEO] HostPlatform: Retrieving component launch information for package (com.oculus.systemux) and service (com.oculus.panelapp.virtualobjects.VirtualObjectsActivity)
06-14 14:28:16.634  3314  3638 I [SEO] PanelAppLaunchInfo: SetMultiLayer shouldAllowLayerSupport_ [1] name [#main = mr_ed || portal = portal_overlay_0 || portal_overlay_1 = portal_overlay_2 || portal_overlay_3 = portal_overlay_4 || media_hotspot_layer = ig_hotspot_layer || loft_hotspot_layer = media_space_hotspot_layer || simple_home_hub_hotspot_layer = browser_hotspot_layer || ] componentName [com.oculus.systemux/com.oculus.panelapp.virtualobjects.VirtualObjectsActivity]
06-14 14:28:16.634 22307 22793 E AppManagerClient: Failed to log event. Ex: Field oldConnectionState_ for vh not found. Known fields are [public static final vh vh.e, public static volatile bj4 vh.f]
06-14 14:28:16.634 22307 22793 E AppManagerClient: java.lang.RuntimeException: Field oldConnectionState_ for vh not found. Known fields are [public static final vh vh.e, public static volatile bj4 vh.f]
06-14 14:28:16.634 22307 22793 E AppManagerClient: 	at yu6.t(chromium-OculusBrowser.apk-stable-569700652:70)
06-14 14:28:16.634 22307 22793 E AppManagerClient: 	at yu6.q(chromium-OculusBrowser.apk-stable-569700652:52)
06-14 14:28:16.634 22307 22793 E AppManagerClient: 	at rc9.a(chromium-OculusBrowser.apk-stable-569700652:143)
06-14 14:28:16.634 22307 22793 E AppManagerClient: 	at zi4.a(chromium-OculusBrowser.apk-stable-569700652:24)
06-14 14:28:16.634 22307 22793 E AppManagerClient: 	at sh.get(chromium-OculusBrowser.apk-stable-569700652:9)
06-14 14:28:16.634 22307 22793 E AppManagerClient: 	at horizonos.os.telemetry.TelemetryManager.reportPlatformEvent(TelemetryManager.java:143)
06-14 14:28:16.634 22307 22793 E AppManagerClient: 	at mh.b(chromium-OculusBrowser.apk-stable-569700652:4)
06-14 14:28:16.634 22307 22793 E AppManagerClient: 	at tu.g(chromium-OculusBrowser.apk-stable-569700652:26)
06-14 14:28:16.634 22307 22793 E AppManagerClient: 	at tu.e(chromium-OculusBrowser.apk-stable-569700652:261)
06-14 14:28:16.634 22307 22793 E AppManagerClient: 	at zq7.a(chromium-OculusBrowser.apk-stable-569700652:34)
06-14 14:28:16.634 22307 22793 E AppManagerClient: 	at ou.a(chromium-OculusBrowser.apk-stable-569700652:3)
06-14 14:28:16.634 22307 22793 E AppManagerClient: 	at su.b(chromium-OculusBrowser.apk-stable-569700652:3)
06-14 14:28:16.634 22307 22793 E AppManagerClient: 	at tu.onServiceConnected(chromium-OculusBrowser.apk-stable-569700652:122)
06-14 14:28:16.634 22307 22793 E AppManagerClient: 	at android.app.LoadedApk$ServiceDispatcher.doConnected(LoadedApk.java:2274)
06-14 14:28:16.634 22307 22793 E AppManagerClient: 	at android.app.LoadedApk$ServiceDispatcher$RunConnection.run(LoadedApk.java:2307)
06-14 14:28:16.634 22307 22793 E AppManagerClient: 	at java.util.concurrent.ThreadPoolExecutor.runWorker(ThreadPoolExecutor.java:1145)
06-14 14:28:16.634 22307 22793 E AppManagerClient: 	at java.util.concurrent.ThreadPoolExecutor$Worker.run(ThreadPoolExecutor.java:644)
06-14 14:28:16.634 22307 22793 E AppManagerClient: 	at java.lang.Thread.run(Thread.java:1012)
06-14 14:28:16.636 22307 22790 E AppManagerClient: Failed to log event. Ex: Field oldConnectionState_ for ai not found. Known fields are [public static final ai ai.e, public static volatile bj4 ai.f]
06-14 14:28:16.636 22307 22790 E AppManagerClient: java.lang.RuntimeException: Field oldConnectionState_ for ai not found. Known fields are [public static final ai ai.e, public static volatile bj4 ai.f]
06-14 14:28:16.636 22307 22790 E AppManagerClient: 	at yu6.t(chromium-OculusBrowser.apk-stable-569700652:70)
06-14 14:28:16.636 22307 22790 E AppManagerClient: 	at yu6.q(chromium-OculusBrowser.apk-stable-569700652:52)
06-14 14:28:16.636 22307 22790 E AppManagerClient: 	at rc9.a(chromium-OculusBrowser.apk-stable-569700652:143)
06-14 14:28:16.636 22307 22790 E AppManagerClient: 	at zi4.a(chromium-OculusBrowser.apk-stable-569700652:24)
06-14 14:28:16.636 22307 22790 E AppManagerClient: 	at xh.get(chromium-OculusBrowser.apk-stable-569700652:9)
06-14 14:28:16.636 22307 22790 E AppManagerClient: 	at horizonos.os.telemetry.TelemetryManager.reportPlatformEvent(TelemetryManager.java:143)
06-14 14:28:16.636 22307 22790 E AppManagerClient: 	at mh.c(chromium-OculusBrowser.apk-stable-569700652:4)
06-14 14:28:16.636 22307 22790 E AppManagerClient: 	at tu.g(chromium-OculusBrowser.apk-stable-569700652:82)
06-14 14:28:16.636 22307 22790 E AppManagerClient: 	at iu.run(chromium-OculusBrowser.apk-stable-569700652:39)
06-14 14:28:16.636 22307 22790 E AppManagerClient: 	at android.os.Handler.handleCallback(Handler.java:958)
06-14 14:28:16.636 22307 22790 E AppManagerClient: 	at android.os.Handler.dispatchMessage(Handler.java:99)
06-14 14:28:16.636 22307 22790 E AppManagerClient: 	at android.os.Looper.loopOnce(Looper.java:218)
06-14 14:28:16.636 22307 22790 E AppManagerClient: 	at android.os.Looper.loop(Looper.java:310)
06-14 14:28:16.636 22307 22790 E AppManagerClient: 	at android.os.HandlerThread.run(HandlerThread.java:67)
06-14 14:28:16.636 22307 22793 E AppManagerClient: Failed to log event. Ex: Field oldConnectionState_ for qh not found. Known fields are [public static final qh qh.e, public static volatile bj4 qh.f]
06-14 14:28:16.636 22307 22793 E AppManagerClient: java.lang.RuntimeException: Field oldConnectionState_ for qh not found. Known fields are [public static final qh qh.e, public static volatile bj4 qh.f]
06-14 14:28:16.636 22307 22793 E AppManagerClient: 	at yu6.t(chromium-OculusBrowser.apk-stable-569700652:70)
06-14 14:28:16.636 22307 22793 E AppManagerClient: 	at yu6.q(chromium-OculusBrowser.apk-stable-569700652:52)
06-14 14:28:16.636 22307 22793 E AppManagerClient: 	at rc9.a(chromium-OculusBrowser.apk-stable-569700652:143)
06-14 14:28:16.636 22307 22793 E AppManagerClient: 	at zi4.a(chromium-OculusBrowser.apk-stable-569700652:24)
06-14 14:28:16.636 22307 22793 E AppManagerClient: 	at nh.get(chromium-OculusBrowser.apk-stable-569700652:9)
06-14 14:28:16.636 22307 22793 E AppManagerClient: 	at horizonos.os.telemetry.TelemetryManager.reportPlatformEvent(TelemetryManager.java:143)
06-14 14:28:16.636 22307 22793 E AppManagerClient: 	at mh.a(chromium-OculusBrowser.apk-stable-569700652:4)
06-14 14:28:16.636 22307 22793 E AppManagerClient: 	at tu.g(chromium-OculusBrowser.apk-stable-569700652:55)
06-14 14:28:16.636 22307 22793 E AppManagerClient: 	at tu.e(chromium-OculusBrowser.apk-stable-569700652:107)
06-14 14:28:16.636 22307 22793 E AppManagerClient: 	at zq7.a(chromium-OculusBrowser.apk-stable-569700652:93)
06-14 14:28:16.636 22307 22793 E AppManagerClient: 	at ou.a(chromium-OculusBrowser.apk-stable-569700652:3)
06-14 14:28:16.636 22307 22793 E AppManagerClient: 	at su.b(chromium-OculusBrowser.apk-stable-569700652:3)
06-14 14:28:16.636 22307 22793 E AppManagerClient: 	at tu.onServiceConnected(chromium-OculusBrowser.apk-stable-569700652:122)
06-14 14:28:16.636 22307 22793 E AppManagerClient: 	at android.app.LoadedApk$ServiceDispatcher.doConnected(LoadedApk.java:2274)
06-14 14:28:16.636 22307 22793 E AppManagerClient: 	at android.app.LoadedApk$ServiceDispatcher$RunConnection.run(LoadedApk.java:2307)
06-14 14:28:16.636 22307 22793 E AppManagerClient: 	at java.util.concurrent.ThreadPoolExecutor.runWorker(ThreadPoolExecutor.java:1145)
06-14 14:28:16.636 22307 22793 E AppManagerClient: 	at java.util.concurrent.ThreadPoolExecutor$Worker.run(ThreadPoolExecutor.java:644)
06-14 14:28:16.636 22307 22793 E AppManagerClient: 	at java.lang.Thread.run(Thread.java:1012)
06-14 14:28:16.637  3314  3314 D [SEO] ShellApplication: Sending command: controlBarLayout {"layer":"controlbar13","grab_target_u_left":0.16,"grab_target_u_right":0.7327273,"overflow_menu_button_u_left":0.087272726,"privacy_indicator_u_left":0,"is_theater_control_bar":false} to panelId 12
06-14 14:28:16.638  1504  1515 I system_server: Background young concurrent copying GC freed 555276(20MB) AllocSpace objects, 43(1052KB) LOS objects, 32% free, 43MB/64MB, paused 79us,71us total 127.684ms
06-14 14:28:16.638 22307 22307 W ThreadPoolForeg: type=1400 audit(0.0:2367): avc:  denied  { read } for  name="u:object_r:userdebug_or_eng_prop:s0" dev="tmpfs" ino=442 scontext=u:r:oculus_browser_app:s0:c78,c256,c512,c768 tcontext=u:object_r:userdebug_or_eng_prop:s0 tclass=file permissive=0 app=com.oculus.browser
06-14 14:28:16.640 22307 22566 W libc    : Access denied finding property "ro.debuggable"
06-14 14:28:16.643  3314  3638 I [SEO] PanelAppLaunchInfo: NativeAppLaunchConfigurationJson ({"componentName":"com.oculus.systemux\/com.oculus.panelapp.virtualobjects.VirtualObjectsActivity","com.meta.libraries.appmanager.CLIENT_VERSION":1,"com.oculus.socialplatform.fbpermission.PARTIES_API_PROVIDER":"","com.oculus.facebook.fbpermission.ACCESS_BUGREPORT_PROVIDER":"","oculus_preferences_assistant_dictation":2131623937,"oculus_preferences_systemux_notifications":2131623945,"com.oculus.auth.fbpermission.USE_DEVICE_AUTH":"","internalVersionName":"204.0.0.160.1183.13943a60a5c4 2026_06_01_06_43","com.oculus.auth.fbpermission.USE_ACCOUNTS_META":"","com.oculus.socialplatform.fbpermission.MESSENGER_VR_ACCOUNTS_CONTENT_PROVIDER_READ_ONLY":"","com.oculus.deviceconfig.PARAMS_MAP_PATH":"assets\/params_map.txt","com.oculus.socialplatform.fbpermission.FRIEND_LIST_CONTENT_PROVIDER":"","android.content.APP_RESTRICTIONS":2131886081,"oculus_preferences_controllersettings_panelapp":2131623939,"oculus_preferences_anytimeui":2131623949,"oculus_preferences_call_api":2131623938,"oculus_preferences_ocui":2131623942,"com.google.android.ALLOW_PHISHING_DETECTION":false,"com.oculus.ocms.fbpermission.APP_USER_CONSENT":"","oculus_preferences_androiddialog_panelapp":2131623936,"oculus_preferences_appname":2131623944,"com.oculus.igvr.fbpermission.ACCESS_BUGREPORT_PROVIDER":"","com.oculus.presence.fbpermission.GROUPING":"","com.oculus.socialplatform.fbpermission.ACCESS_COMMUNICATOR_MLVPROVIDER":"","com.oculus.presence.fbpermission.RTGQL":"","com.facebook.build_rule":"bin_systemux_arm64_release_fbsign","com.facebook.build_time":"1780321485000L","com.oculus.ocms.fbpermission.LIBRARY_PROVIDER":"","com.facebook.build_id":985169528,"com.facebook.versioncontrol.branch":"master","com.oculus.livingroom.fbpermission.ACCESS_DOWNLOADER":"","com.oculus.lazy_gpumem_allocation":true,"com.oculus.assistant.panel.version":11,"com.oculus.auth.fbpermission.USE_ACCOUNTS_OCULUS":"","com.facebook.versioncontrol.revision":"MASTER","com.oculus.presence.fbpermission.HYPERSPACE":"","oculus_preferences_systemux":2131623949,"oculus_preferences_ims":2131623941,"com.oculus.common.activetaskbarhelper.fbpermission.CALL_SERVICE":"","com.facebook.package_type":"release","colorMode":0,"activityLabel":"SystemUX","activityIcon":0,"com.oculus.vrshell.supports_loading_state":false,"com.oculus.vrshell.layer_definition":2130903063,"com.oculus.vrshell.supports_free_resizing":false,"com.oculus.vrshell.supports_layers":true,"isVrApplication":false,"isVolumeAperture":false,"versionName":"204.0.0.160.1183"})
06-14 14:28:16.643  3314  3638 I [SEO] PanelAppLaunchInfo: launchParameters (sourceId,0,rebuildForExisting2DActivity,false,preferControlBarPolicy,true,preferImmersiveMenuPolicy,false,nativeAppLaunchConfiguration,{"componentName":"com.oculus.systemux\/com.oculus.panelapp.virtualobjects.VirtualObjectsActivity","com.meta.libraries.appmanager.CLIENT_VERSION":1,"com.oculus.socialplatform.fbpermission.PARTIES_API_PROVIDER":"","com.oculus.facebook.fbpermission.ACCESS_BUGREPORT_PROVIDER":"","oculus_preferences_assistant_dictation":2131623937,"oculus_preferences_systemux_notifications":2131623945,"com.oculus.auth.fbpermission.USE_DEVICE_AUTH":"","internalVersionName":"204.0.0.160.1183.13943a60a5c4 2026_06_01_06_43","com.oculus.auth.fbpermission.USE_ACCOUNTS_META":"","com.oculus.socialplatform.fbpermission.MESSENGER_VR_ACCOUNTS_CONTENT_PROVIDER_READ_ONLY":"","com.oculus.deviceconfig.PARAMS_MAP_PATH":"assets\/params_map.txt","com.oculus.socialplatform.fbpermission.FRIEND_LIST_CONTENT_PROVIDER":"","android.content.APP_RESTRICTIONS":2131886081,"oculus_preferences_controllersettings_panelapp":2131623939,"oculus_preferences_anytimeui":2131623949,"oculus_preferences_call_api":2131623938,"oculus_preferences_ocui":2131623942,"com.google.android.ALLOW_PHISHING_DETECTION":false,"com.oculus.ocms.fbpermission.APP_USER_CONSENT":"","oculus_preferences_androiddialog_panelapp":2131623936,"oculus_preferences_appname":2131623944,"com.oculus.igvr.fbpermission.ACCESS_BUGREPORT_PROVIDER":"","com.oculus.presence.fbpermission.GROUPING":"","com.oculus.socialplatform.fbpermission.ACCESS_COMMUNICATOR_MLVPROVIDER":"","com.oculus.presence.fbpermission.RTGQL":"","com.facebook.build_rule":"bin_systemux_arm64_release_fbsign","com.facebook.build_time":"1780321485000L","com.oculus.ocms.fbpermission.LIBRARY_PROVIDER":"","com.facebook.build_id":985169528,"com.facebook.versioncontrol.branch":"master","com.oculus.livingroom.fbpermission.ACCESS_DOWNLOADER":"","com.oculus.lazy_gpumem_allocation":true,"com.oculus.assistant.panel.version":11,"com.oculus.auth.fbpermission.USE_ACCOUNTS_OCULUS":"","com.facebook.versioncontrol.revision":"MASTER","com.oculus.presence.fbpermission.HYPERSPACE":"","oculus_preferences_systemux":2131623949,"oculus_preferences_ims":2131623941,"com.oculus.common.activetaskbarhelper.fbpermission.CALL_SERVICE":"","com.facebook.package_type":"release","colorMode":0,"activityLabel":"SystemUX","activityIcon":0,"com.oculus.vrshell.supports_loading_state":false,"com.oculus.vrshell.layer_definition":2130903063,"com.oculus.vrshell.supports_free_resizing":false,"com.oculus.vrshell.supports_layers":true,"isVrApplication":false,"isVolumeAperture":false,"versionName":"204.0.0.160.1183"},targetId,-1,isLaunchedFromAppPersistence,false,intent_action,com.oculus.vrshell.intent.action.LAUNCH,launch_mode,singleInstance,intent_flags,268500992,activity_surface_width,500,launch_target_component_name,com.oculus.systemux/com.oculus.panelapp.virtualobjects.VirtualObjectsActivity,target,Default,launchTimestamp,0,launchId,04b2c206-7091-4e8d-a03f-3d18b0031201,intent_data,com.oculus.systemux/com.oculus.panelapp.virtualobjects.VirtualObjectsActivity,skipAppUpgradeCheck,false,activity_intent,true,defaultLaunchReason,0,isReprojectedOsDialog,false,abortLaunchIfLaunchChecksRequired,false,activity_surface_height,800,isUiAutomatorTest,false,isHomeIntent,false,singlePassCompositionEnabled,true)
06-14 14:28:16.643  3314  3638 I [SEO] PanelAppLaunchInfo: Layer for reprojected android app com.oculus.systemux with settings: 1
06-14 14:28:16.644  3314  3638 I [SEO] ShellApp: CreatePanelApp( com.oculus.systemux/com.oculus.panelapp.virtualobjects.VirtualObjectsActivity )
06-14 14:28:16.644  3314  3638 I [SEO] PanelAppHost: PanelAppHost constructor, panelId:146 (com.oculus.systemux/com.oculus.panelapp.virtualobjects.VirtualObjectsActivity)
06-14 14:28:16.647  3314 29703 D .oculus.vrshell: PlayerBase::~PlayerBase()
06-14 14:28:16.647  3314  3638 I [SEO] PanelAppHost: Created layers: #main[1] mr_ed[0] portal[0] portal_overlay_0[0] portal_overlay_1[0] portal_overlay_2[0] portal_overlay_3[0] portal_overlay_4[0] media_hotspot_layer[0] ig_hotspot_layer[0] loft_hotspot_layer[0] media_space_hotspot_layer[0] simple_home_hub_hotspot_layer[0] browser_hotspot_layer[0] wall_panel_layer[0] 
06-14 14:28:16.647  3314  3638 W [SEO] ShellApplication: No VolumetricWindowToken found for panelId: 146
06-14 14:28:16.647  3314  3638 I [SEO] PanelAppHost: Calling sendPanelLaunchIntent for panel app 146 (com.oculus.systemux/com.oculus.panelapp.virtualobjects.VirtualObjectsActivity)
06-14 14:28:16.647  3314  3638 D [SEO] ShellApplication: sendApkPanelLaunchIntent: packageName=com.oculus.systemux, serviceClassName=com.oculus.panelapp.virtualobjects.VirtualObjectsActivity
06-14 14:28:16.648  3314 29703 D .oculus.vrshell: PlayerBase::~PlayerBase()
06-14 14:28:16.651  1504  1546 E libprocessgroup: couldn't write HzosExt flag ALLOW_RT to /proc/4028/hzos_ext_flags
06-14 14:28:16.652  3314  3638 I [SEO] 02X: Created ReprojectedPanelAppInfo for panelid:146 with component=com.oculus.systemux/com.oculus.panelapp.virtualobjects.VirtualObjectsActivity.
06-14 14:28:16.652  3314  3638 I [SEO] 03Q: onPanelStateChange: true for component com.oculus.systemux/com.oculus.panelapp.virtualobjects.VirtualObjectsActivity with id 146
06-14 14:28:16.652  3314  3638 D [SEO] ShellApplication: Notifying state updated to FOREGROUND for panel app 146
06-14 14:28:16.652  3314  3638 V [SEO] 02X: onPanelStateChange: 146, state=true
06-14 14:28:16.652  3314  3638 I [SEO] 03Q: onPanelStateChange: true for component com.oculus.systemux/com.oculus.panelapp.virtualobjects.VirtualObjectsActivity with id 146
06-14 14:28:16.652  3314  3314 D [SEO] ShellApplication: Sending command: controlBarState {"displayName":"SystemUX","controlBarMenu":{"controlBarMenuItems":{"back":{"enabled":true}}},"overflowMenu":{"textButtons":[{"action":"report","autoClose":true,"icon":{"systemIcon":"bug"},"enabled":true,"text":"Report a Problem","defaultClickSound":false}]}} to panelId 146
06-14 14:28:16.652  3314  3638 I [SEO] PanelAppHost: Panel app (panelId:146) (com.oculus.systemux/com.oculus.panelapp.virtualobjects.VirtualObjectsActivity) changing state from startup to foreground
06-14 14:28:16.652  3314  3638 D [SEO] ShellApplication: Notifying state updated to FOREGROUND for panel app 146
06-14 14:28:16.652  3314  3638 V [SEO] 02X: onPanelStateChange: 146, state=true
06-14 14:28:16.652  3314  3638 I [SEO] 03Q: onPanelStateChange: true for component com.oculus.systemux/com.oculus.panelapp.virtualobjects.VirtualObjectsActivity with id 146
06-14 14:28:16.652  3314  3314 D [SEO] ShellApplication: Sending command: configure 4 500 800 0 0 2 to panelId 146
06-14 14:28:16.652  3314  3314 D [SEO] ShellApplication: Sending command: layerOptions {"layerName":"#main","superSampleNormal":false} to panelId 146
06-14 14:28:16.652  3314  3314 D [SEO] ShellApplication: Sending command: layerHittestable #main 1 1 to panelId 146
06-14 14:28:16.652  3314  3314 D [SEO] ShellApplication: Sending command: layerCursor #main 1 default 1 to panelId 146
06-14 14:28:16.652  3314  3314 D [SEO] ShellApplication: Sending command: loading complete to panelId 146
06-14 14:28:16.653  3314  3638 I OpenXR_Performance: xrPerfSettingsSetPerformanceLevelEXT [package=com.oculus.vrshell, domain=cpu, level=boost]
06-14 14:28:16.653  3314  3638 W [SEO] ControlBarManager: Failed to find control bar host for control bar layout.
06-14 14:28:16.653  3314  3638 W [SEO] ControlBarManager: Failed to find control bar host for control bar layout.
06-14 14:28:16.654  3314  3638 W [SEO] ControlBarManager: Failed to find control bar host for control bar layout.
06-14 14:28:16.654  3314  3638 W [SEO] ControlBarManager: Failed to find control bar host for control bar layout.
06-14 14:28:16.654  3314  3638 I [SEO] PanelAppAnalytics: First frame latency: 0.010 for id 146 com.oculus.systemux/com.oculus.panelapp.virtualobjects.VirtualObjectsActivity
06-14 14:28:16.657  1504  1517 W System  : A resource failed to call release. 
06-14 14:28:16.657  1504  1517 W System  : A resource failed to call release. 
06-14 14:28:16.657  1504  1517 W System  : A resource failed to call release. 
06-14 14:28:16.657  1504  1517 W System  : A resource failed to call release. 
06-14 14:28:16.657  1504  1517 W System  : A resource failed to call release. 
06-14 14:28:16.657  1504  1517 W System  : A resource failed to call release. 
06-14 14:28:16.657  1504  1517 W System  : A resource failed to call release. 
06-14 14:28:16.658  1504  1517 W System  : A resource failed to call release. 
06-14 14:28:16.661  1504  1517 W System  : A resource failed to call release. 
06-14 14:28:16.661  1504  1517 W System  : A resource failed to call release. 
06-14 14:28:16.661  1504  1517 W System  : A resource failed to call release. 
06-14 14:28:16.661  1504  1517 W System  : A resource failed to call release. 
06-14 14:28:16.661  1504  1517 W System  : A resource failed to call release. 
06-14 14:28:16.661  1504  1517 W System  : A resource failed to call release. 
06-14 14:28:16.661  1504  1517 W System  : A resource failed to call release. 
06-14 14:28:16.661  1504  1517 W System  : A resource failed to call release. 
06-14 14:28:16.662  3314  3638 I SpaceManagerClient: Acquired window space for vwToken 'bf0b2728-64d0-40b6-b1f4-1ddb7f918945'
06-14 14:28:16.663  3314  3638 I OpenXR_Anchor: executeAnchorQueries: split anchor query enabled
06-14 14:28:16.666  3314  3638 W ShellHsr: Task: postFrameJobsOutstanding exceeds nominal limit 21 > 20, this likely means there is a problem in execution
06-14 14:28:16.668  3314  3638 I [SEO] PanelRenderLayer: ResetSurface #main 500 x 800 x 0 - shape:landscape_cylinder stereo:mono isStereoSizeCorrected:false isAperture: false
06-14 14:28:16.668  3314  3638 I [SEO] PanelCommandHandler: Called layerOptions with {"layerName":"#main","superSampleNormal":false}
06-14 14:28:16.669   925  1920 I Tracking: CONSTELLATION_Left: [Throttled count=74] P+C Left: Not reinitializing 6DoF filter yet (no valid pose from vision).
06-14 14:28:16.676  5800  5818 I CloudBackupManager: Cloud Backup enabled status: EligibleForBackup
06-14 14:28:16.679 22307 22793 E AppManagerClient: Failed to log event. Ex: Field oldConnectionState_ for vh not found. Known fields are [public static final vh vh.e, public static volatile bj4 vh.f]
06-14 14:28:16.679 22307 22793 E AppManagerClient: java.lang.RuntimeException: Field oldConnectionState_ for vh not found. Known fields are [public static final vh vh.e, public static volatile bj4 vh.f]
06-14 14:28:16.679 22307 22793 E AppManagerClient: 	at yu6.t(chromium-OculusBrowser.apk-stable-569700652:70)
06-14 14:28:16.679 22307 22793 E AppManagerClient: 	at yu6.q(chromium-OculusBrowser.apk-stable-569700652:52)
06-14 14:28:16.679 22307 22793 E AppManagerClient: 	at rc9.a(chromium-OculusBrowser.apk-stable-569700652:143)
06-14 14:28:16.679 22307 22793 E AppManagerClient: 	at zi4.a(chromium-OculusBrowser.apk-stable-569700652:24)
06-14 14:28:16.679 22307 22793 E AppManagerClient: 	at sh.get(chromium-OculusBrowser.apk-stable-569700652:9)
06-14 14:28:16.679 22307 22793 E AppManagerClient: 	at horizonos.os.telemetry.TelemetryManager.reportPlatformEvent(TelemetryManager.java:143)
06-14 14:28:16.679 22307 22793 E AppManagerClient: 	at mh.b(chromium-OculusBrowser.apk-stable-569700652:4)
06-14 14:28:16.679 22307 22793 E AppManagerClient: 	at tu.g(chromium-OculusBrowser.apk-stable-569700652:26)
06-14 14:28:16.679 22307 22793 E AppManagerClient: 	at tu.e(chromium-OculusBrowser.apk-stable-569700652:261)
06-14 14:28:16.679 22307 22793 E AppManagerClient: 	at zq7.a(chromium-OculusBrowser.apk-stable-569700652:93)
06-14 14:28:16.679 22307 22793 E AppManagerClient: 	at ou.a(chromium-OculusBrowser.apk-stable-569700652:3)
06-14 14:28:16.679 22307 22793 E AppManagerClient: 	at su.b(chromium-OculusBrowser.apk-stable-569700652:3)
06-14 14:28:16.679 22307 22793 E AppManagerClient: 	at tu.onServiceConnected(chromium-OculusBrowser.apk-stable-569700652:122)
06-14 14:28:16.679 22307 22793 E AppManagerClient: 	at android.app.LoadedApk$ServiceDispatcher.doConnected(LoadedApk.java:2274)
06-14 14:28:16.679 22307 22793 E AppManagerClient: 	at android.app.LoadedApk$ServiceDispatcher$RunConnection.run(LoadedApk.java:2307)
06-14 14:28:16.679 22307 22793 E AppManagerClient: 	at java.util.concurrent.ThreadPoolExecutor.runWorker(ThreadPoolExecutor.java:1145)
06-14 14:28:16.679 22307 22793 E AppManagerClient: 	at java.util.concurrent.ThreadPoolExecutor$Worker.run(ThreadPoolExecutor.java:644)
06-14 14:28:16.679 22307 22793 E AppManagerClient: 	at java.lang.Thread.run(Thread.java:1012)
06-14 14:28:16.680 22307 22790 E AppManagerClient: Failed to log event. Ex: Field oldConnectionState_ for ai not found. Known fields are [public static final ai ai.e, public static volatile bj4 ai.f]
06-14 14:28:16.680 22307 22790 E AppManagerClient: java.lang.RuntimeException: Field oldConnectionState_ for ai not found. Known fields are [public static final ai ai.e, public static volatile bj4 ai.f]
06-14 14:28:16.680 22307 22790 E AppManagerClient: 	at yu6.t(chromium-OculusBrowser.apk-stable-569700652:70)
06-14 14:28:16.680 22307 22790 E AppManagerClient: 	at yu6.q(chromium-OculusBrowser.apk-stable-569700652:52)
06-14 14:28:16.680 22307 22790 E AppManagerClient: 	at rc9.a(chromium-OculusBrowser.apk-stable-569700652:143)
06-14 14:28:16.680 22307 22790 E AppManagerClient: 	at zi4.a(chromium-OculusBrowser.apk-stable-569700652:24)
06-14 14:28:16.680 22307 22790 E AppManagerClient: 	at xh.get(chromium-OculusBrowser.apk-stable-569700652:9)
06-14 14:28:16.680 22307 22790 E AppManagerClient: 	at horizonos.os.telemetry.TelemetryManager.reportPlatformEvent(TelemetryManager.java:143)
06-14 14:28:16.680 22307 22790 E AppManagerClient: 	at mh.c(chromium-OculusBrowser.apk-stable-569700652:4)
06-14 14:28:16.680 22307 22790 E AppManagerClient: 	at tu.g(chromium-OculusBrowser.apk-stable-569700652:82)
06-14 14:28:16.680 22307 22790 E AppManagerClient: 	at iu.run(chromium-OculusBrowser.apk-stable-569700652:39)
06-14 14:28:16.680 22307 22790 E AppManagerClient: 	at android.os.Handler.handleCallback(Handler.java:958)
06-14 14:28:16.680 22307 22790 E AppManagerClient: 	at android.os.Handler.dispatchMessage(Handler.java:99)
06-14 14:28:16.680 22307 22790 E AppManagerClient: 	at android.os.Looper.loopOnce(Looper.java:218)
06-14 14:28:16.680 22307 22790 E AppManagerClient: 	at android.os.Looper.loop(Looper.java:310)
06-14 14:28:16.680 22307 22790 E AppManagerClient: 	at android.os.HandlerThread.run(HandlerThread.java:67)
06-14 14:28:16.680 22307 22790 E AppManagerClient: Failed to log event. Ex: Field oldConnectionState_ for ai not found. Known fields are [public static final ai ai.e, public static volatile bj4 ai.f]
06-14 14:28:16.680 22307 22790 E AppManagerClient: java.lang.RuntimeException: Field oldConnectionState_ for ai not found. Known fields are [public static final ai ai.e, public static volatile bj4 ai.f]
06-14 14:28:16.680 22307 22790 E AppManagerClient: 	at yu6.t(chromium-OculusBrowser.apk-stable-569700652:70)
06-14 14:28:16.680 22307 22790 E AppManagerClient: 	at yu6.q(chromium-OculusBrowser.apk-stable-569700652:52)
06-14 14:28:16.680 22307 22790 E AppManagerClient: 	at rc9.a(chromium-OculusBrowser.apk-stable-569700652:143)
06-14 14:28:16.680 22307 22790 E AppManagerClient: 	at zi4.a(chromium-OculusBrowser.apk-stable-569700652:24)
06-14 14:28:16.680 22307 22790 E AppManagerClient: 	at xh.get(chromium-OculusBrowser.apk-stable-569700652:9)
06-14 14:28:16.680 22307 22790 E AppManagerClient: 	at horizonos.os.telemetry.TelemetryManager.reportPlatformEvent(TelemetryManager.java:143)
06-14 14:28:16.680 22307 22790 E AppManagerClient: 	at mh.c(chromium-OculusBrowser.apk-stable-569700652:4)
06-14 14:28:16.680 22307 22790 E AppManagerClient: 	at tu.g(chromium-OculusBrowser.apk-stable-569700652:82)
06-14 14:28:16.680 22307 22790 E AppManagerClient: 	at iu.run(chromium-OculusBrowser.apk-stable-569700652:83)
06-14 14:28:16.680 22307 22790 E AppManagerClient: 	at android.os.Handler.handleCallback(Handler.java:958)
06-14 14:28:16.680 22307 22790 E AppManagerClient: 	at android.os.Handler.dispatchMessage(Handler.java:99)
06-14 14:28:16.680 22307 22790 E AppManagerClient: 	at android.os.Looper.loopOnce(Looper.java:218)
06-14 14:28:16.680 22307 22790 E AppManagerClient: 	at android.os.Looper.loop(Looper.java:310)
06-14 14:28:16.680 22307 22790 E AppManagerClient: 	at android.os.HandlerThread.run(HandlerThread.java:67)
06-14 14:28:16.684 22307 22790 E AppManagerClient: Failed to log event. Ex: Field oldConnectionState_ for qh not found. Known fields are [public static final qh qh.e, public static volatile bj4 qh.f]
06-14 14:28:16.684 22307 22790 E AppManagerClient: java.lang.RuntimeException: Field oldConnectionState_ for qh not found. Known fields are [public static final qh qh.e, public static volatile bj4 qh.f]
06-14 14:28:16.684 22307 22790 E AppManagerClient: 	at yu6.t(chromium-OculusBrowser.apk-stable-569700652:70)
06-14 14:28:16.684 22307 22790 E AppManagerClient: 	at yu6.q(chromium-OculusBrowser.apk-stable-569700652:52)
06-14 14:28:16.684 22307 22790 E AppManagerClient: 	at rc9.a(chromium-OculusBrowser.apk-stable-569700652:143)
06-14 14:28:16.684 22307 22790 E AppManagerClient: 	at zi4.a(chromium-OculusBrowser.apk-stable-569700652:24)
06-14 14:28:16.684 22307 22790 E AppManagerClient: 	at nh.get(chromium-OculusBrowser.apk-stable-569700652:9)
06-14 14:28:16.684 22307 22790 E AppManagerClient: 	at horizonos.os.telemetry.TelemetryManager.reportPlatformEvent(TelemetryManager.java:143)
06-14 14:28:16.684 22307 22790 E AppManagerClient: 	at mh.a(chromium-OculusBrowser.apk-stable-569700652:4)
06-14 14:28:16.684 22307 22790 E AppManagerClient: 	at tu.g(chromium-OculusBrowser.apk-stable-569700652:55)
06-14 14:28:16.684 22307 22790 E AppManagerClient: 	at tu.e(chromium-OculusBrowser.apk-stable-569700652:107)
06-14 14:28:16.684 22307 22790 E AppManagerClient: 	at zq7.a(chromium-OculusBrowser.apk-stable-569700652:93)
06-14 14:28:16.684 22307 22790 E AppManagerClient: 	at ou.a(chromium-OculusBrowser.apk-stable-569700652:3)
06-14 14:28:16.684 22307 22790 E AppManagerClient: 	at su.a(chromium-OculusBrowser.apk-stable-569700652:3)
06-14 14:28:16.684 22307 22790 E AppManagerClient: 	at iu.run(chromium-OculusBrowser.apk-stable-569700652:97)
06-14 14:28:16.684 22307 22790 E AppManagerClient: 	at android.os.Handler.handleCallback(Handler.java:958)
06-14 14:28:16.684 22307 22790 E AppManagerClient: 	at android.os.Handler.dispatchMessage(Handler.java:99)
06-14 14:28:16.684 22307 22790 E AppManagerClient: 	at android.os.Looper.loopOnce(Looper.java:218)
06-14 14:28:16.684 22307 22790 E AppManagerClient: 	at android.os.Looper.loop(Looper.java:310)
06-14 14:28:16.684 22307 22790 E AppManagerClient: 	at android.os.HandlerThread.run(HandlerThread.java:67)
06-14 14:28:16.695  1504  1546 E libprocessgroup: couldn't write HzosExt flag ALLOW_RT to /proc/4028/hzos_ext_flags
06-14 14:28:16.699  4028  4044 W ransportservice: Reducing the number of considered missed Gc histogram windows from 102 to 100
06-14 14:28:16.702  5800  5818 I CloudBackupManager: Cloud Backup enabled status: EligibleForBackup
06-14 14:28:16.702 22307 22790 E AppManagerClient: Failed to log event. Ex: Field oldConnectionState_ for vh not found. Known fields are [public static final vh vh.e, public static volatile bj4 vh.f]
06-14 14:28:16.702 22307 22790 E AppManagerClient: java.lang.RuntimeException: Field oldConnectionState_ for vh not found. Known fields are [public static final vh vh.e, public static volatile bj4 vh.f]
06-14 14:28:16.702 22307 22790 E AppManagerClient: 	at yu6.t(chromium-OculusBrowser.apk-stable-569700652:70)
06-14 14:28:16.702 22307 22790 E AppManagerClient: 	at yu6.q(chromium-OculusBrowser.apk-stable-569700652:52)
06-14 14:28:16.702 22307 22790 E AppManagerClient: 	at rc9.a(chromium-OculusBrowser.apk-stable-569700652:143)
06-14 14:28:16.702 22307 22790 E AppManagerClient: 	at zi4.a(chromium-OculusBrowser.apk-stable-569700652:24)
06-14 14:28:16.702 22307 22790 E AppManagerClient: 	at sh.get(chromium-OculusBrowser.apk-stable-569700652:9)
06-14 14:28:16.702 22307 22790 E AppManagerClient: 	at horizonos.os.telemetry.TelemetryManager.reportPlatformEvent(TelemetryManager.java:143)
06-14 14:28:16.702 22307 22790 E AppManagerClient: 	at mh.b(chromium-OculusBrowser.apk-stable-569700652:4)
06-14 14:28:16.702 22307 22790 E AppManagerClient: 	at tu.g(chromium-OculusBrowser.apk-stable-569700652:26)
06-14 14:28:16.702 22307 22790 E AppManagerClient: 	at tu.e(chromium-OculusBrowser.apk-stable-569700652:261)
06-14 14:28:16.702 22307 22790 E AppManagerClient: 	at zq7.a(chromium-OculusBrowser.apk-stable-569700652:93)
06-14 14:28:16.702 22307 22790 E AppManagerClient: 	at ou.a(chromium-OculusBrowser.apk-stable-569700652:3)
06-14 14:28:16.702 22307 22790 E AppManagerClient: 	at su.a(chromium-OculusBrowser.apk-stable-569700652:3)
06-14 14:28:16.702 22307 22790 E AppManagerClient: 	at iu.run(chromium-OculusBrowser.apk-stable-569700652:97)
06-14 14:28:16.702 22307 22790 E AppManagerClient: 	at android.os.Handler.handleCallback(Handler.java:958)
06-14 14:28:16.702 22307 22790 E AppManagerClient: 	at android.os.Handler.dispatchMessage(Handler.java:99)
06-14 14:28:16.702 22307 22790 E AppManagerClient: 	at android.os.Looper.loopOnce(Looper.java:218)
06-14 14:28:16.702 22307 22790 E AppManagerClient: 	at android.os.Looper.loop(Looper.java:310)
06-14 14:28:16.702 22307 22790 E AppManagerClient: 	at android.os.HandlerThread.run(HandlerThread.java:67)
06-14 14:28:16.703 22307 22790 E AppManagerClient: Failed to log event. Ex: Field oldConnectionState_ for ai not found. Known fields are [public static final ai ai.e, public static volatile bj4 ai.f]
06-14 14:28:16.703 22307 22790 E AppManagerClient: java.lang.RuntimeException: Field oldConnectionState_ for ai not found. Known fields are [public static final ai ai.e, public static volatile bj4 ai.f]
06-14 14:28:16.703 22307 22790 E AppManagerClient: 	at yu6.t(chromium-OculusBrowser.apk-stable-569700652:70)
06-14 14:28:16.703 22307 22790 E AppManagerClient: 	at yu6.q(chromium-OculusBrowser.apk-stable-569700652:52)
06-14 14:28:16.703 22307 22790 E AppManagerClient: 	at rc9.a(chromium-OculusBrowser.apk-stable-569700652:143)
06-14 14:28:16.703 22307 22790 E AppManagerClient: 	at zi4.a(chromium-OculusBrowser.apk-stable-569700652:24)
06-14 14:28:16.703 22307 22790 E AppManagerClient: 	at xh.get(chromium-OculusBrowser.apk-stable-569700652:9)
06-14 14:28:16.703 22307 22790 E AppManagerClient: 	at horizonos.os.telemetry.TelemetryManager.reportPlatformEvent(TelemetryManager.java:143)
06-14 14:28:16.703 22307 22790 E AppManagerClient: 	at mh.c(chromium-OculusBrowser.apk-stable-569700652:4)
06-14 14:28:16.703 22307 22790 E AppManagerClient: 	at tu.g(chromium-OculusBrowser.apk-stable-569700652:82)
06-14 14:28:16.703 22307 22790 E AppManagerClient: 	at iu.run(chromium-OculusBrowser.apk-stable-569700652:39)
06-14 14:28:16.703 22307 22790 E AppManagerClient: 	at android.os.Handler.handleCallback(Handler.java:958)
06-14 14:28:16.703 22307 22790 E AppManagerClient: 	at android.os.Handler.dispatchMessage(Handler.java:99)
06-14 14:28:16.703 22307 22790 E AppManagerClient: 	at android.os.Looper.loopOnce(Looper.java:218)
06-14 14:28:16.703 22307 22790 E AppManagerClient: 	at android.os.Looper.loop(Looper.java:310)
06-14 14:28:16.703 22307 22790 E AppManagerClient: 	at android.os.HandlerThread.run(HandlerThread.java:67)
06-14 14:28:16.706  2712  3025 I @@@     : setgraphicbuffers: SUCCESS posting result to queue
06-14 14:28:16.732  3314  3638 I ShellHsr: Embodiment: Setting Avatar 196609 to visible because we are entering AvatarsCoreLoadingState::Ready.
06-14 14:28:16.732  3314  3638 I ShellHsr: AvatarSocketManager: [AvatarSocketManager] Changed request from AvatarLoadingState to set avatar props 196609 to Default
06-14 14:28:16.738 22307 22307 I cr_PanelApp: [Panel0] NavUI didFinishLoad -1 panel-app-nav
06-14 14:28:16.739 22307 22307 I chromium: [INFO:content/browser/web_contents/web_contents_impl.cc:9784] WebContentsImpl Loading end: ID = 13
06-14 14:28:16.763  3314  3638 I OpenXR_Anchor: executeAnchorQueries: split anchor query enabled
06-14 14:28:16.773 22307 22323 W System  : A resource failed to call release. 
06-14 14:28:16.773 22307 22323 W System  : A resource failed to call close. 
06-14 14:28:16.775  1227  3569 E PersistableBundle: Unrecognized type: -1
06-14 14:28:16.775  1227  3569 E PersistableBundle: Failed at frameworks/native/libs/binder/PersistableBundle.cpp:462 (readFromParcelInner)
06-14 14:28:16.775  1227  3569 E PersistableBundle: Failed at frameworks/native/libs/binder/PersistableBundle.cpp:462 (readFromParcelInner)
06-14 14:28:16.775  1227  3569 I IPCThreadState: oneway function results for code 1 on binder at 0xb400007d7debbd40 will be dropped but finished with status BAD_TYPE
06-14 14:28:16.777  1227  3569 E PersistableBundle: Unrecognized type: -1
06-14 14:28:16.777  1227  3569 E PersistableBundle: Failed at frameworks/native/libs/binder/PersistableBundle.cpp:462 (readFromParcelInner)
06-14 14:28:16.777  1227  3569 E PersistableBundle: Failed at frameworks/native/libs/binder/PersistableBundle.cpp:462 (readFromParcelInner)
06-14 14:28:16.777  1227  3569 I IPCThreadState: oneway function results for code 1 on binder at 0xb400007d7debbd40 will be dropped but finished with status BAD_TYPE
06-14 14:28:16.777  1227  3569 E PersistableBundle: Unrecognized type: -1
06-14 14:28:16.777  1227  3569 E PersistableBundle: Failed at frameworks/native/libs/binder/PersistableBundle.cpp:462 (readFromParcelInner)
06-14 14:28:16.777  1227  3569 E PersistableBundle: Failed at frameworks/native/libs/binder/PersistableBundle.cpp:462 (readFromParcelInner)
06-14 14:28:16.777  1227  3569 I IPCThreadState: oneway function results for code 1 on binder at 0xb400007d7debbd40 will be dropped but finished with status BAD_TYPE
06-14 14:28:16.777  1227  3569 E PersistableBundle: Unrecognized type: -1
06-14 14:28:16.777  1227  3569 E PersistableBundle: Failed at frameworks/native/libs/binder/PersistableBundle.cpp:462 (readFromParcelInner)
06-14 14:28:16.777  1227  3569 E PersistableBundle: Failed at frameworks/native/libs/binder/PersistableBundle.cpp:462 (readFromParcelInner)
06-14 14:28:16.777  1227  3569 I IPCThreadState: oneway function results for code 1 on binder at 0xb400007d7debbd40 will be dropped but finished with status BAD_TYPE
06-14 14:28:16.778  1227  3568 E PersistableBundle: Unrecognized type: -1
06-14 14:28:16.778  1227  3568 E PersistableBundle: Failed at frameworks/native/libs/binder/PersistableBundle.cpp:462 (readFromParcelInner)
06-14 14:28:16.778  1227  3568 E PersistableBundle: Failed at frameworks/native/libs/binder/PersistableBundle.cpp:462 (readFromParcelInner)
06-14 14:28:16.778  1227  3568 I IPCThreadState: oneway function results for code 1 on binder at 0xb400007d7debbd40 will be dropped but finished with status BAD_TYPE
06-14 14:28:16.778  1227  3568 E PersistableBundle: Unrecognized type: -1
06-14 14:28:16.778  1227  3568 E PersistableBundle: Failed at frameworks/native/libs/binder/PersistableBundle.cpp:462 (readFromParcelInner)
06-14 14:28:16.778  1227  3568 E PersistableBundle: Failed at frameworks/native/libs/binder/PersistableBundle.cpp:462 (readFromParcelInner)
06-14 14:28:16.778  1227  3568 I IPCThreadState: oneway function results for code 1 on binder at 0xb400007d7debbd40 will be dropped but finished with status BAD_TYPE
06-14 14:28:16.784 22450  6713 D TrafficStats: tagSocket(109) with statsTag=0xffffffff, statsUid=-1
06-14 14:28:16.785 22450 22834 D OpenGLRenderer: --- Failed to create image decoder with message 'unimplemented'
06-14 14:28:16.785 22450 22834 D OpenGLRenderer: --- Failed to create image decoder with message 'unimplemented'
06-14 14:28:16.785 22450 22834 D OpenGLRenderer: --- Failed to create image decoder with message 'unimplemented'
06-14 14:28:16.786 22450 22834 D OpenGLRenderer: --- Failed to create image decoder with message 'unimplemented'
06-14 14:28:16.786 22450 22834 D OpenGLRenderer: --- Failed to create image decoder with message 'unimplemented'
06-14 14:28:16.786 22450 22834 D OpenGLRenderer: --- Failed to create image decoder with message 'unimplemented'
06-14 14:28:16.786 22450 22834 D OpenGLRenderer: --- Failed to create image decoder with message 'unimplemented'
06-14 14:28:16.786   952  5441 I VD628x  : Flicker results: freq 100.000000, max 99.776993, dcr 31.452942, pct 0.059882, idx 0.010060, conf 0.210371, snr -4.432642, svm 0.046425, sus 1
06-14 14:28:16.787 22450 22834 D OpenGLRenderer: --- Failed to create image decoder with message 'unimplemented'
06-14 14:28:16.788 22450 22834 D OpenGLRenderer: --- Failed to create image decoder with message 'unimplemented'
06-14 14:28:16.790 22450  6722 D TrafficStats: tagSocket(130) with statsTag=0xffffffff, statsUid=-1
06-14 14:28:16.790 22450 22834 D OpenGLRenderer: --- Failed to create image decoder with message 'unimplemented'
06-14 14:28:16.790 22450 22834 D OpenGLRenderer: --- Failed to create image decoder with message 'unimplemented'
06-14 14:28:16.790 22450 22834 D OpenGLRenderer: --- Failed to create image decoder with message 'unimplemented'
06-14 14:28:16.790 22450 22834 D OpenGLRenderer: --- Failed to create image decoder with message 'unimplemented'
06-14 14:28:16.790 22450 22834 D OpenGLRenderer: --- Failed to create image decoder with message 'unimplemented'
06-14 14:28:16.790 22450 22834 D OpenGLRenderer: --- Failed to create image decoder with message 'unimplemented'
06-14 14:28:16.790 22450 22834 D OpenGLRenderer: --- Failed to create image decoder with message 'unimplemented'
06-14 14:28:16.790 22450 22834 D OpenGLRenderer: --- Failed to create image decoder with message 'unimplemented'
06-14 14:28:16.790 22450 22834 D OpenGLRenderer: --- Failed to create image decoder with message 'unimplemented'
06-14 14:28:16.790 22450 22834 D OpenGLRenderer: --- Failed to create image decoder with message 'unimplemented'
06-14 14:28:16.791 22450 22839 D OpenGLRenderer: --- Failed to create image decoder with message 'unimplemented'
06-14 14:28:16.791 22450 22839 D OpenGLRenderer: --- Failed to create image decoder with message 'unimplemented'
06-14 14:28:16.791 22450 22839 D OpenGLRenderer: --- Failed to create image decoder with message 'unimplemented'
06-14 14:28:16.791 22450 22839 D OpenGLRenderer: --- Failed to create image decoder with message 'unimplemented'
06-14 14:28:16.791 22450 22839 D OpenGLRenderer: --- Failed to create image decoder with message 'unimplemented'
06-14 14:28:16.791 22450 22839 D OpenGLRenderer: --- Failed to create image decoder with message 'unimplemented'
06-14 14:28:16.791 22450 22839 D OpenGLRenderer: --- Failed to create image decoder with message 'unimplemented'
06-14 14:28:16.791 22450 22839 D OpenGLRenderer: --- Failed to create image decoder with message 'unimplemented'
06-14 14:28:16.791 22450 22839 D OpenGLRenderer: --- Failed to create image decoder with message 'unimplemented'
06-14 14:28:16.791 22450 22839 D OpenGLRenderer: --- Failed to create image decoder with message 'unimplemented'
06-14 14:28:16.791 22450 22839 D OpenGLRenderer: --- Failed to create image decoder with message 'unimplemented'
06-14 14:28:16.791 22450 22839 D OpenGLRenderer: --- Failed to create image decoder with message 'unimplemented'
06-14 14:28:16.791 22450 22835 D OpenGLRenderer: --- Failed to create image decoder with message 'unimplemented'
06-14 14:28:16.791 22450 22835 D OpenGLRenderer: --- Failed to create image decoder with message 'unimplemented'
06-14 14:28:16.792 22450 22835 D OpenGLRenderer: --- Failed to create image decoder with message 'unimplemented'
06-14 14:28:16.792 22450 22835 D OpenGLRenderer: --- Failed to create image decoder with message 'unimplemented'
06-14 14:28:16.792 22450 22835 D OpenGLRenderer: --- Failed to create image decoder with message 'unimplemented'
06-14 14:28:16.792 22450 22835 D OpenGLRenderer: --- Failed to create image decoder with message 'unimplemented'
06-14 14:28:16.792 22450 22835 D OpenGLRenderer: --- Failed to create image decoder with message 'unimplemented'
06-14 14:28:16.792 22450 22835 D OpenGLRenderer: --- Failed to create image decoder with message 'unimplemented'
06-14 14:28:16.792 22450  6725 D TrafficStats: tagSocket(148) with statsTag=0xffffffff, statsUid=-1
06-14 14:28:16.792 22450 22835 D OpenGLRenderer: --- Failed to create image decoder with message 'unimplemented'
06-14 14:28:16.792 22450 22835 D OpenGLRenderer: --- Failed to create image decoder with message 'unimplemented'
06-14 14:28:16.792 22450 22835 D OpenGLRenderer: --- Failed to create image decoder with message 'unimplemented'
06-14 14:28:16.792 22450 22835 D OpenGLRenderer: --- Failed to create image decoder with message 'unimplemented'
06-14 14:28:16.793 22450 22835 D OpenGLRenderer: --- Failed to create image decoder with message 'unimplemented'
