06-14 14:28:16.793 22450 22835 D OpenGLRenderer: --- Failed to create image decoder with message 'unimplemented'
06-14 14:28:16.793 22450 22835 D OpenGLRenderer: --- Failed to create image decoder with message 'unimplemented'
06-14 14:28:16.793 22450 22835 D OpenGLRenderer: --- Failed to create image decoder with message 'unimplemented'
06-14 14:28:16.793 22450 22835 D OpenGLRenderer: --- Failed to create image decoder with message 'unimplemented'
06-14 14:28:16.793 22450 22835 D OpenGLRenderer: --- Failed to create image decoder with message 'unimplemented'
06-14 14:28:16.793 22450 22835 D OpenGLRenderer: --- Failed to create image decoder with message 'unimplemented'
06-14 14:28:16.793 22450 22859 D OpenGLRenderer: --- Failed to create image decoder with message 'unimplemented'
06-14 14:28:16.793 22450 22859 D OpenGLRenderer: --- Failed to create image decoder with message 'unimplemented'
06-14 14:28:16.793 22450 22859 D OpenGLRenderer: --- Failed to create image decoder with message 'unimplemented'
06-14 14:28:16.793 22450 22859 D OpenGLRenderer: --- Failed to create image decoder with message 'unimplemented'
06-14 14:28:16.793 22450 22859 D OpenGLRenderer: --- Failed to create image decoder with message 'unimplemented'
06-14 14:28:16.794 22450 22859 D OpenGLRenderer: --- Failed to create image decoder with message 'unimplemented'
06-14 14:28:16.794 22450 22859 D OpenGLRenderer: --- Failed to create image decoder with message 'unimplemented'
06-14 14:28:16.794 22450 22859 D OpenGLRenderer: --- Failed to create image decoder with message 'unimplemented'
06-14 14:28:16.794 22450 22859 D OpenGLRenderer: --- Failed to create image decoder with message 'unimplemented'
06-14 14:28:16.794 22450 22859 D OpenGLRenderer: --- Failed to create image decoder with message 'unimplemented'
06-14 14:28:16.794 22450 22859 D OpenGLRenderer: --- Failed to create image decoder with message 'unimplemented'
06-14 14:28:16.794 22450 22859 D OpenGLRenderer: --- Failed to create image decoder with message 'unimplemented'
06-14 14:28:16.794 22450 22835 D OpenGLRenderer: --- Failed to create image decoder with message 'unimplemented'
06-14 14:28:16.794 22450 22835 D OpenGLRenderer: --- Failed to create image decoder with message 'unimplemented'
06-14 14:28:16.794 22450 22835 D OpenGLRenderer: --- Failed to create image decoder with message 'unimplemented'
06-14 14:28:16.794 22450 22835 D OpenGLRenderer: --- Failed to create image decoder with message 'unimplemented'
06-14 14:28:16.794 22450 22835 D OpenGLRenderer: --- Failed to create image decoder with message 'unimplemented'
06-14 14:28:16.794 22450 22835 D OpenGLRenderer: --- Failed to create image decoder with message 'unimplemented'
06-14 14:28:16.794 22450 22835 D OpenGLRenderer: --- Failed to create image decoder with message 'unimplemented'
06-14 14:28:16.794 22450 22835 D OpenGLRenderer: --- Failed to create image decoder with message 'unimplemented'
06-14 14:28:16.795 22450 22835 D OpenGLRenderer: --- Failed to create image decoder with message 'unimplemented'
06-14 14:28:16.795 22450 22835 D OpenGLRenderer: --- Failed to create image decoder with message 'unimplemented'
06-14 14:28:16.795 22450 22835 D OpenGLRenderer: --- Failed to create image decoder with message 'unimplemented'
06-14 14:28:16.795 22450 22835 D OpenGLRenderer: --- Failed to create image decoder with message 'unimplemented'
06-14 14:28:16.795 22450 22835 D OpenGLRenderer: --- Failed to create image decoder with message 'unimplemented'
06-14 14:28:16.795 22450 22835 D OpenGLRenderer: --- Failed to create image decoder with message 'unimplemented'
06-14 14:28:16.795 22450 22835 D OpenGLRenderer: --- Failed to create image decoder with message 'unimplemented'
06-14 14:28:16.795 22450 22835 D OpenGLRenderer: --- Failed to create image decoder with message 'unimplemented'
06-14 14:28:16.795 22450 22835 D OpenGLRenderer: --- Failed to create image decoder with message 'unimplemented'
06-14 14:28:16.795 22450 22835 D OpenGLRenderer: --- Failed to create image decoder with message 'unimplemented'
06-14 14:28:16.795 22450 22835 D OpenGLRenderer: --- Failed to create image decoder with message 'unimplemented'
06-14 14:28:16.795 22450 22859 D OpenGLRenderer: --- Failed to create image decoder with message 'unimplemented'
06-14 14:28:16.795 22450 22859 D OpenGLRenderer: --- Failed to create image decoder with message 'unimplemented'
06-14 14:28:16.795 22450 22859 D OpenGLRenderer: --- Failed to create image decoder with message 'unimplemented'
06-14 14:28:16.795 22450 22859 D OpenGLRenderer: --- Failed to create image decoder with message 'unimplemented'
06-14 14:28:16.795 22450 22859 D OpenGLRenderer: --- Failed to create image decoder with message 'unimplemented'
06-14 14:28:16.795 22450 22859 D OpenGLRenderer: --- Failed to create image decoder with message 'unimplemented'
06-14 14:28:16.795 22450 22859 D OpenGLRenderer: --- Failed to create image decoder with message 'unimplemented'
06-14 14:28:16.796 22450 22859 D OpenGLRenderer: --- Failed to create image decoder with message 'unimplemented'
06-14 14:28:16.796 22450 22859 D OpenGLRenderer: --- Failed to create image decoder with message 'unimplemented'
06-14 14:28:16.796 22450 22859 D OpenGLRenderer: --- Failed to create image decoder with message 'unimplemented'
06-14 14:28:16.796 22450 22859 D OpenGLRenderer: --- Failed to create image decoder with message 'unimplemented'
06-14 14:28:16.796 22450 22859 D OpenGLRenderer: --- Failed to create image decoder with message 'unimplemented'
06-14 14:28:16.816 22307 22307 I chromium: [INFO:chrome/browser/android/oculus/panel_app.cc:1998] [Panel0] Sent loading complete command to shell
06-14 14:28:16.842  2478  2620 W WindowOnBackDispatcher: sendCancelIfRunning: isInProgress=falsecallback=android.view.ViewRootImpl$$ExternalSyntheticLambda18@7469812
06-14 14:28:16.843  1504  3159 W InputManager-JNI: Input channel object '5526a5d Splash Screen com.oculus.systemux (client)' was disposed without first being removed with the input manager!
06-14 14:28:16.844  1504  3850 D CoreBackPreview: Window{5526a5d u0 Splash Screen com.oculus.systemux EXITING}: Setting back callback null
06-14 14:28:16.856  4255 22026 I AutoStationaryHelper: [AutoStationaryHelper::getGuardianDataFromNearbyRoomscale] Checking 1 existing guardian data
06-14 14:28:16.856  4255 22026 I GuardianMapDataMgr: [GuardianMapDataMgr::isValidTrackedRoomscale] [1217868778] Valid=yes, Roomscale=yes, Anchor [6008fb15-f60f-454e-d96c-6d583cc528a4] Tracked=yes
06-14 14:28:16.856  4255 22026 I AutoStationaryHelper: [AutoStationaryHelper::getGuardianDataFromNearbyRoomscale] [1217868778] Distance to HMD: 2.701552
06-14 14:28:16.874  3314  3638 I OpenXR_Anchor: executeAnchorQueries: split anchor query enabled
06-14 14:28:16.919  3314  3638 I [SEO] HPIPersistenceExtension: Saving HPI persistence data
06-14 14:28:16.919  3314  3638 I [SEO] HPIPersistenceExtension: Saving HPI persistence data
06-14 14:28:16.919  3314  3638 I [SEO] PersistenceSystem: Saving persistence data: : {"persistenceIds":[{"id":"b52ed10c-85a1-4a36-6d33-c50a788f8391","kvs":{"hpi_data":[{"default_hpi_enabled":1,"hpi_item_id":"01","hpi_type":"mirror","is_default_hpi":1,"pos":[0.0,0.0,0.0],"rot":[1.0,0.0,0.0,0.0],"uuid":"hpiid_mirror_01_VR"}],"magneticStates":[{"spaceId":15746172486433180559,"surfaceOrientation":"space"}],"placements":[{"anchorId":"1bccd302-59ca-4d1d-a946-7e555ee83c5c","anchorType":"vr_spatial","densityDpi":0,"pixelDensityRadius":0.0,"placementType":"anchor","pos":[4.5,0.0,8.0],"rot":[0.707107,0.0,-0.707107,0.0],"sizeInMeters":[0.0,0.0,0.0],"spaceId":15746172486433180559,"universalResizeScale":1.0}]}},{"id":"a54f07f6-a0cd-2848-bc1b-a0da82f869f8","kvs":{"hpi_data":[{"default_hpi_enabled":1,"hpi_item_id":"6612721592127832","hpi_type":"portal","is_default_hpi":1,"pos":[0.0,0.0,0.0],"rot":[1.0,0.0,0.0,0.0],"uuid":"hpiid_portal_6612721592127832_VR"}],"magneticStates":[{"spaceId":15746172486433180559,"surfaceOrientation":"space"}],"placements":[{"anchorId":"74514d2b-ca32-4a53-82df-d63d7cf2947c","anchorType":"vr_spatial","densityDpi":0,"pixelDensityRadius":0.0,"placementType":"anchor","pos":[-7.208,0.0,-0.51],"rot":[0.707107,0.0,0.707107,0.0],"sizeInMeters":[0.0,0.0,0.0],"spaceId":15746172486433180559,"universalResizeScale":1.0}]}},{"id":"1d517862-686d-657f-9119-f6b03cb5c78f","kvs":{"apps":[{"autoLaunch":1,"launchComponent":"com.oculus.igvr/com.oculus.igvr.IgvrHomeWorldCanvasActivity","launchTarget":"Default","vwTokenId":"ea3b07c2-6623-4604-96aa-6481f0b8b7c1"}],"magneticStates":[{"spaceId":15746172486433180559,"surfaceOrientation":"vertical"}],"placements":[{"anchorId":"04ca99e3-e062-4709-9b37-9d36deadc6db","anchorType":"vr_spatial","densityDpi":0,"pixelDensityRadius":3.41046,"placementType":"anchor","pos":[-5.0,1.8,3.782],"rot":[-4.37722e-08,0.0,1.0,2.68882e-17],"sizeInMeters":[4.0,2.99907,0.0],"spaceId":15746172486433180559,"universalResizeScale":1.25023}],"pre_pinning_data":[{"augmentName":"IgvrHome","spaceId":15746172486433180559,"versionPinned":2,"wallLocatorRank":1}]}},{"id":"3d79b21e-7d23-4791-8303-3442cb541b37","kvs":{"surface_typing":[]},"name":"SurfaceInputs"},{"id":"44234371-36cf-f2b4-9cf7-c403ae51cce4","kvs":{"apps":[{"autoLaunch":1,"launchComponent":"com.oculus.browser/com.oculus.browser.BrowserActivity","launchTarget":"Default","vwTokenId":"6b04f009-1543-40c5-be81-af48d0bcbc1f"}],"magneticStates":[{"spaceId":15746172486433180559,"surfaceOrientation":"vertical"}],"placements":[{"anchorId":"a57425d9-bfac-47bd-8cdc-89dcfa9d844b","anchorType":"vr_spatial","densityDpi":0,"pixelDensityRadius":1.28916,"placementType":"anchor","pos":[5.82481,1.5,1.61896],"rot":[0.707107,-8.88178e-16,-0.707107,8.88178e-16],"sizeInMeters":[1.80001,1.125,0.0],"spaceId":15746172486433180559,"universalResizeScale":1.0}],"pre_pinning_data":[{"augmentName":"Browser","spaceId":15746172486433180559,"versionPinned":1,"wallLocatorRank":-1}]}}],"version":18}
06-14 14:28:16.941  3314  3638 I ShellHsr: Simulation: FogTravelComponent::Send kVistaEnterEffectCompleteEvent
06-14 14:28:16.965   925  1920 I Tracking: CONSTELLATION_Right: [Throttled count=24] P+C Right: Applying Consistent Zero Velocity Update during slow motion.
06-14 14:28:16.986  3314  3638 I OpenXR_Anchor: executeAnchorQueries: split anchor query enabled
06-14 14:28:16.996  1227  3566 E PersistableBundle: Unrecognized type: -1
06-14 14:28:16.996  1227  3566 E PersistableBundle: Failed at frameworks/native/libs/binder/PersistableBundle.cpp:462 (readFromParcelInner)
06-14 14:28:16.996  1227  3566 E PersistableBundle: Failed at frameworks/native/libs/binder/PersistableBundle.cpp:462 (readFromParcelInner)
06-14 14:28:16.996  1227  3566 I IPCThreadState: oneway function results for code 1 on binder at 0xb400007d7debbd40 will be dropped but finished with status BAD_TYPE
06-14 14:28:17.008  1227  3566 E PersistableBundle: Unrecognized type: -1
06-14 14:28:17.008  1227  3566 E PersistableBundle: Failed at frameworks/native/libs/binder/PersistableBundle.cpp:462 (readFromParcelInner)
06-14 14:28:17.008  1227  3566 E PersistableBundle: Failed at frameworks/native/libs/binder/PersistableBundle.cpp:462 (readFromParcelInner)
06-14 14:28:17.008  1227  3566 I IPCThreadState: oneway function results for code 1 on binder at 0xb400007d7debbd40 will be dropped but finished with status BAD_TYPE
06-14 14:28:17.031  3314  5453 I VrApi   : FPS=84/90,Prd=42ms,Tear=0,Early=31,Stale=8,Stale2/5/10/max=2/0/0/3,VSnc=1,Lat=-4,Fov=0,CPU4/GPU=0/0,2361/421MHz,OC=3F,TA=0/0/0,SP=N/N/N,Mem=3196MHz,Free=3477MB,PLS=0,Temp=35.0C/0.0C,TW=1.07ms,App=7.77ms,GD=0.00ms,CPU&GPU=25.82ms,LCnt=2(DR39,LM2),GPU%=0.62,CPU%=0.82(W0.84),CFL=11.91/15.88,ICFLp95=14.47,LD=0,SF=1.00,LP=0,DVFS=0,Preempt=328,PoseAgeP95=0.00
06-14 14:28:17.031  3314  5453 I VrApi   : ASW=12,Type=PTWFromStereo,E=0.000/0.000,D=0.000/0.000
06-14 14:28:17.040  1227  3566 E PersistableBundle: Unrecognized type: -1
06-14 14:28:17.040  1227  3566 E PersistableBundle: Failed at frameworks/native/libs/binder/PersistableBundle.cpp:462 (readFromParcelInner)
06-14 14:28:17.040  1227  3566 E PersistableBundle: Failed at frameworks/native/libs/binder/PersistableBundle.cpp:462 (readFromParcelInner)
06-14 14:28:17.040  1227  3566 I IPCThreadState: oneway function results for code 1 on binder at 0xb400007d7debbd40 will be dropped but finished with status BAD_TYPE
06-14 14:28:17.085  3314  4908 W ShellHsr: Renderer: RenderableFilter has 11 tags, which is more than 10. This is expected to be rare. If this becomes common, consider changing RenderableFilter logic to use something other than linear searches for filtering renderable tags (like registered bitsets).
06-14 14:28:17.092  3314  3638 I OpenXR_Anchor: executeAnchorQueries: split anchor query enabled
06-14 14:28:17.102  4746  5239 I DynamicObjectClient: Query Dynamic Object Tracker anchors
06-14 14:28:17.102  4746  5239 I DynamicObjectClient: Object in query has empty predictions or tracking flags
06-14 14:28:17.192  3314  3638 I OpenXR_Anchor: executeAnchorQueries: split anchor query enabled
06-14 14:28:17.253   956 21531 I libcamerahal: [INSIGHTS][2.00s] recv/ret/req heartbeat: cam0: 100/100/0, cam1: 100/100/0, cam2: 100/100/0, cam3: 100/100/0
06-14 14:28:17.302  3314  3638 I OpenXR_Anchor: executeAnchorQueries: split anchor query enabled
06-14 14:28:17.303  4746  5238 I [CT]    : SP:SM:SceneManager: queryAvailableAnchors: maxAnchors: 500, filter: 0, queryMultipleRoomsEnabledByOpenXrVersion: true, source: 1, appId: com.oculus.vrshell
06-14 14:28:17.322  2712  5474 I LayerRender: Explicit geometry layer count: 1, in slice 0
06-14 14:28:17.329  3314  3314 D MemoryPressureObserver: Updating listeners to memory pressure: some
06-14 14:28:17.346  4255  4255 I VrGuardianService: OnMemoryPressureStateUpdate: memoryPressure = Some
06-14 14:28:17.346  4255  4255 I VrGuardianService: JNICALL: onMemoryPressureChange: 1
06-14 14:28:17.416  3314  3638 I OpenXR_Anchor: executeAnchorQueries: split anchor query enabled
06-14 14:28:17.517  3314  3638 I OpenXR_Anchor: executeAnchorQueries: split anchor query enabled
06-14 14:28:17.540   952  5441 I VD628x  : Flicker results: freq 100.000000, max 150.026321, dcr 31.439259, pct 0.059768, idx 0.009340, conf 0.214939, snr -4.292672, svm 0.042602, sus 1
06-14 14:28:17.587  3314  3638 I [SEO] ShellFrameAnalytics: ShellFrame frameFunction: 11156us/10311696us, trace: 0us/86us, process commands: 8us/1838us, system update: 116us/8894us, render 126us/1770us, input processing 917us/5879us, input dispatch 110us/8883us, stale frames: 2588, refresh rate: 90
06-14 14:28:17.629  3314  3638 I OpenXR_Anchor: executeAnchorQueries: split anchor query enabled
06-14 14:28:17.740  3314  3638 I OpenXR_Anchor: executeAnchorQueries: split anchor query enabled
06-14 14:28:17.811   925  5516 D TrackingService: 1a318b3c1def4847: isControllerInHand(24303.18s): 0 ctEnabled: 1 btnPress(24293.39s): 0 *btnOrTpdTouch(24293.76s): 0 *btnOrTpdProx(24307.69s): 1 static(24303.18s): 0 thbstkOffCenter(24292.88s): 0 
06-14 14:28:17.811  2712  5474 I [CT]    : MIXEDREALITY: PassthroughApiManager: GetUpdatedLayerState: (every 2 seconds) PT is: ON numLayers: 0
06-14 14:28:17.811   925  5516 D TrackingService: [HANDTRACKING] Controller 1a318b3c1def4847 in hand: N, valid: Y
06-14 14:28:17.811  2358  5423 D ControllerManagement: RemoteService::recordControllerStatusUpdate: device 1a318b3c1def4847: status: CONNECTED_ACTIVE tracking: POSITION, errors: --
06-14 14:28:17.820  2712  3363 I ControllerHandsTransitionObserver: HANDTRACKING going to hand mode since there is no controller detected in hand
06-14 14:28:17.820  2712  3363 I ControllerHandsTransitionObserver: HANDTRACKING Setting pref store signal to Hands expecting response from VROS
06-14 14:28:17.827  2712  3363 W InputPreferenceStoreListener: HANDTRACKING SetMultimodalityEnabled to 0 but it is already 0
06-14 14:28:17.828  1263  1850 I TrackingFidelityService: Received hand/controller update: hand_tracking_enabled
06-14 14:28:17.829  2712  3363 I ServiceInputManager_Modality: HANDTRACKING processed new decision from ModalityTransitionsPolicyManager
06-14 14:28:17.829  2358  3388 D ControllerManagement: onHandTrackingStateChanged
06-14 14:28:17.830   962   962 W OculusWifi: TxPowerManager does not exist.
06-14 14:28:17.831  1263  1850 D TrackingFidelityService: TrackingFidelitySharedMemory - setFeatureFidelity: 16 0
06-14 14:28:17.832  1263  1850 I TrackingFidelityService: Request(s)={constellation:0,hands:3,environment_lighting:5,keyboard:5,scene_reconstruction:0,surface_inputs:0,}, Mux mode idx=7, name=lowLightHandsObjectFlood, score=-1012
06-14 14:28:17.832  1263  1850 I TrackingFidelityService: beginTransition[worldTracking]: lowLightControllerObjectFlood(3)->lowLightHandsObjectFlood(7)
06-14 14:28:17.832  1263  1850 I TrackingFidelityService: _applyMuxModeLockedInternal: Applying camera mux mode lowLightHandsObjectFlood via requestFeaturesWithFidelitiesLocked
06-14 14:28:17.832   956  1828 I SensorService: [worldTracking] Setting camera mux mode to 7
06-14 14:28:17.832   956  1828 I SensorService: updating CameraStream mux states
06-14 14:28:17.832   925  1922 I VrSensors-HidlWrapper: Sending mux states (multiple) update to client
06-14 14:28:17.832   925  1916 I VrSensors-HidlWrapper: Sending mux states (multiple) update to client
06-14 14:28:17.832   925  1922 I SensorDataTransforms: [iobt:iobt] Staging mux mode updates for {worldTracking: ind-7, seqId-106},
06-14 14:28:17.832   925  1916 I SensorDataTransforms: [iot:iot] Staging mux mode updates for {worldTracking: ind-7, seqId-106},
06-14 14:28:17.832   925  1916 I SensorDataTransforms: [iot:iot] Signaling start of the mode transition
06-14 14:28:17.832   925  1922 I SensorDataTransforms: [iobt:iobt] Mux mode updates successfully staged
06-14 14:28:17.832   925  1916 I TrackingService: [iot:iot] Start configuration update starting
06-14 14:28:17.832   925  1922 D TrackingService: [iobt]start onMuxStateUpdate. ModeId: lowLightControllerObjectFlood -> lowLightHandsObjectFlood
06-14 14:28:17.832   925  1916 I TrackingService: [iot:iot] Start configuration update done
06-14 14:28:17.832   925  1922 D TrackingService: [iobt][iobt]handleMuxModeNotification started for muxMode[worldTracking: lowLightHandsObjectFlood]
06-14 14:28:17.832   925  1921 I VrSensors-HidlWrapper: Sending mux states (multiple) update to client
06-14 14:28:17.832   925  1916 I SensorDataTransforms: [iot:iot] Mux mode updates successfully staged
06-14 14:28:17.832   925  1921 I SensorDataTransforms: [hand:hand] Staging mux mode updates for {worldTracking: ind-7, seqId-106},
06-14 14:28:17.832   925  1922 D TrackingService: [iobt][iobt]handleMuxModeNotification finished for muxMode[worldTracking: lowLightHandsObjectFlood]
06-14 14:28:17.832   925  1922 D TrackingService: [iobt]end onMuxStateUpdate. ModeId: lowLightControllerObjectFlood -> lowLightHandsObjectFlood
06-14 14:28:17.832   925  1916 D TrackingService: [iot]start onMuxStateUpdate. ModeId: lowLightControllerObjectFlood -> lowLightHandsObjectFlood
06-14 14:28:17.832   925  1922 I TrackingService: [                       iobt:iobt] Mux Mode Transition from sensor service: lowLightControllerObjectFlood -> lowLightHandsObjectFlood transition time: 0 ms
06-14 14:28:17.832   925  1921 I SensorDataTransforms: [hand:hand] Mux mode updates successfully staged
06-14 14:28:17.832   925  1916 D TrackingService: [iot][iot]handleMuxModeNotification started for muxMode[worldTracking: lowLightHandsObjectFlood]
06-14 14:28:17.832   925  1921 D TrackingService: [hand]start onMuxStateUpdate. ModeId: lowLightControllerObjectFlood -> lowLightHandsObjectFlood
06-14 14:28:17.832   925  1916 D TrackingService: [iot][iot]handleMuxModeNotification finished for muxMode[worldTracking: lowLightHandsObjectFlood]
06-14 14:28:17.832   925  1916 D TrackingService: [iot]end onMuxStateUpdate. ModeId: lowLightControllerObjectFlood -> lowLightHandsObjectFlood
06-14 14:28:17.832   925  1921 D TrackingService: [HANDTRACKINGGLUE] handleMuxModeNotification
06-14 14:28:17.832   925  1916 I TrackingService: [                         iot:iot] Mux Mode Transition from sensor service: lowLightControllerObjectFlood -> lowLightHandsObjectFlood transition time: 0 ms
06-14 14:28:17.832   925  1921 D TrackingService: [HANDTRACKINGGLUE] handleStateChange muxMode=lowLightHandsObjectFlood
06-14 14:28:17.832   925  1921 D TrackingService: [HANDTRACKINGGLUE] startCapability
06-14 14:28:17.832   925  1921 D TrackingService: [HANDTRACKINGGLUE] resumeCapability
06-14 14:28:17.832   925  1924 I VrSensors-HidlWrapper: Sending mux states (multiple) update to client
06-14 14:28:17.832   925  1924 D SensorControl: onMuxStateUpdate started for modeIdentifier[cameraSystemName[worldTracking]-modeId[7] ]
06-14 14:28:17.832   925  1924 I SensorDataTransforms: [ExpCtl:exposure_control_worldTracking] Staging mux mode updates for {worldTracking: ind-7, seqId-106},
06-14 14:28:17.832   956  1828 I SensorService: ending update to CameraStream mux states
06-14 14:28:17.833   956  1828 I FrameSetCollator: [{WT(0,1):RAW10}] Updated frame set period to 20000000, with all camera system activeSlots [[T,F,T,T,]]
06-14 14:28:17.833   956  1828 I FrameSetCollator: [{WT:RAW10}] Updated frame set period to 20000000, with all camera system activeSlots [[T,F,T,T,]]
06-14 14:28:17.833   956  1828 I FrameSetDispatcher: [{WT(0,1):RAW10}] Latest MuxModeSettings: 7
06-14 14:28:17.833   956  1828 I FrameSetDispatcher: [{WT(0,1):RAW10}] purpose: object, slots: SLOT_3 
06-14 14:28:17.833   956  1828 I FrameSetDispatcher: [{WT(0,1):RAW10}] purpose: mr_monochrome, slots: SLOT_0 SLOT_2 
06-14 14:28:17.833   956  1828 I FrameSetDispatcher: [{WT(0,1):RAW10}] purpose: iot, slots: SLOT_0 SLOT_2 
06-14 14:28:17.833   956  1828 I FrameSetDispatcher: [{WT(0,1):RAW10}] purpose: hand, slots: SLOT_0 SLOT_2 
06-14 14:28:17.833   956  1828 I FrameSetDispatcher: [{WT(0,1):RAW10}] purpose: active_slots, slots: SLOT_0 SLOT_2 SLOT_3 
06-14 14:28:17.833   956  1828 I FrameSetDispatcher: [{WT(0,1):RAW10}] purpose: iobt, slots: SLOT_0 SLOT_2 
06-14 14:28:17.833   956  1828 I FrameSetDispatcher: [{WT(0,1):RAW10}] purpose: exposure_control_worldTracking, slots: SLOT_0 SLOT_2 SLOT_3 
06-14 14:28:17.833   956  1828 I FrameSetDispatcher: [{WT(0,1):RAW10}] purpose: constellation, slots: 
06-14 14:28:17.833   956  1828 I FrameSetDispatcher: [{WT(0,1):RAW10}] purpose: ambient_controller, slots: 
06-14 14:28:17.833   956  1828 I FrameSetDispatcher: [{WT:RAW10}] Latest MuxModeSettings: 7
06-14 14:28:17.833   956  1828 I FrameSetDispatcher: [{WT:RAW10}] purpose: object, slots: SLOT_3 
06-14 14:28:17.833   956  1828 I FrameSetDispatcher: [{WT:RAW10}] purpose: mr_monochrome, slots: SLOT_0 SLOT_2 
06-14 14:28:17.833   956  1828 I FrameSetDispatcher: [{WT:RAW10}] purpose: iot, slots: SLOT_0 SLOT_2 
06-14 14:28:17.833  1257  1854 I VrSensors-HidlWrapper: Sending mux states (multiple) update to client
06-14 14:28:17.833   956  1828 I FrameSetDispatcher: [{WT:RAW10}] purpose: hand, slots: SLOT_0 SLOT_2 
06-14 14:28:17.833   956  1828 I FrameSetDispatcher: [{WT:RAW10}] purpose: active_slots, slots: SLOT_0 SLOT_2 SLOT_3 
06-14 14:28:17.833   956  1828 I FrameSetDispatcher: [{WT:RAW10}] purpose: iobt, slots: SLOT_0 SLOT_2 
06-14 14:28:17.833   956  1828 I FrameSetDispatcher: [{WT:RAW10}] purpose: exposure_control_worldTracking, slots: SLOT_0 SLOT_2 SLOT_3 
06-14 14:28:17.833   956  1828 I FrameSetDispatcher: [{WT:RAW10}] purpose: constellation, slots: 
06-14 14:28:17.833   956  1828 I FrameSetDispatcher: [{WT:RAW10}] purpose: ambient_controller, slots: 
06-14 14:28:17.833  1257  1854 I SensorDataTransforms: [MrStreamControl:mr_monochrome] Staging mux mode updates for {worldTracking: ind-7, seqId-106},
06-14 14:28:17.833  1257  1854 I SensorDataTransforms: [MrStreamControl:mr_monochrome] Mux mode updates successfully staged
06-14 14:28:17.833   956  1827 D CameraStream: [hand] Client [Hand(925)] attempting start
06-14 14:28:17.833   925  1923 I VrSensors-HidlWrapper: Sending mux states (multiple) update to client
06-14 14:28:17.833   925  1923 I SensorDataTransforms: [object:object] Staging mux mode updates for {worldTracking: ind-7, seqId-106},
06-14 14:28:17.833   925  1923 I SensorDataTransforms: [object:object] Signaling start of the mode transition
06-14 14:28:17.833   925  1923 I TrackingService: [object:object] Start configuration update starting
06-14 14:28:17.833   925  1923 I TrackingService: [object:object] Start configuration update done
06-14 14:28:17.833   925  1923 I SensorDataTransforms: [object:object] Mux mode updates successfully staged
06-14 14:28:17.833   925  1923 D TrackingService: [object]start onMuxStateUpdate. ModeId: lowLightControllerObjectFlood -> lowLightHandsObjectFlood
06-14 14:28:17.833   925  1923 D TrackingService: [object][object]handleMuxModeNotification started for muxMode[worldTracking: lowLightHandsObjectFlood]
06-14 14:28:17.833   925  1923 D TrackingService: [object][object]handleMuxModeNotification finished for muxMode[worldTracking: lowLightHandsObjectFlood]
06-14 14:28:17.833   925  1923 D TrackingService: [object]end onMuxStateUpdate. ModeId: lowLightControllerObjectFlood -> lowLightHandsObjectFlood
06-14 14:28:17.833   925  1923 I TrackingService: [                   object:object] Mux Mode Transition from sensor service: lowLightControllerObjectFlood -> lowLightHandsObjectFlood transition time: 0 ms
06-14 14:28:17.833   925  1924 I SensorDataTransforms: [ExpCtl:exposure_control_worldTracking] Signaling start of the mode transition
06-14 14:28:17.833   925  1924 I SensorDataTransforms: [ExpCtl:exposure_control_worldTracking] Mux mode updates successfully staged
06-14 14:28:17.833   925  1920 I VrSensors-HidlWrapper: Sending mux states (multiple) update to client
06-14 14:28:17.833   925  1924 D SensorControl: onMuxStateUpdate ended for modeIdentifier[cameraSystemName[worldTracking]-modeId[7] ]
06-14 14:28:17.833   925  1920 I SensorDataTransforms: [constellation:constellation] Staging mux mode updates for {worldTracking: ind-7, seqId-106},
06-14 14:28:17.833   925  1920 I SensorDataTransforms: [constellation:constellation] Signaling start of the mode transition
06-14 14:28:17.833   925  1920 I TrackingService: [constellation:constellation] Start configuration update starting
06-14 14:28:17.833   925  1920 I TrackingService: [constellation:constellation] Start configuration update done
06-14 14:28:17.833   925  1920 I SensorDataTransforms: [constellation:constellation] Mux mode updates successfully staged
06-14 14:28:17.833   925  1920 D TrackingService: [constellation]start onMuxStateUpdate. ModeId: lowLightControllerObjectFlood -> lowLightHandsObjectFlood
06-14 14:28:17.833   925  1920 D TrackingService: [constellation][constellation]handleMuxModeNotification started for muxMode[worldTracking: lowLightHandsObjectFlood]
06-14 14:28:17.833   956  1827 I FrameSetDispatcher: [{WT:RAW10}] Client pid=925 (Hand): Client thread[{WT:RAW10}:Hand] started
06-14 14:28:17.834   956  1033 I libsensortelemetry: Captured histograms for camera system color: dispatcher=has data, cameraSet=has data
06-14 14:28:17.834   956  1829 D CameraStream: [constellation] Client [Cnst(925)] attempting stop
06-14 14:28:17.834   956  1829 I FrameSetDispatcher: [{WT:RAW10}] Client pid=925 (Cnst): Client thread stopping
06-14 14:28:17.834   956  1033 I libsensortelemetry: Captured histograms for camera system worldTracking: dispatcher=has data, cameraSet=has data
06-14 14:28:17.834   956  1829 I CameraClientManager: [Cnst(925)][constellation] client stopped (estimated 0 started clients remaining)
06-14 14:28:17.834   956  1829 I CameraClientManager: [[Cnst(925)][constellation]] definitely stopping stream
06-14 14:28:17.834   956  1033 I libsensortelemetry: FrameSet 'wt_raw10' valid dispatches: count=187, allInvalidDrops=1, maxConsecutive=1
06-14 14:28:17.834   956  1827 I CameraClientManager: [Hand(925)][hand] client started (estimated 1 started clients total)
06-14 14:28:17.834   956  1827 I CameraClientManager: [[Hand(925)][hand]] definitely starting stream
06-14 14:28:17.834   956  1033 I libsensortelemetry: FrameSet 'col_fulps' valid dispatches: count=0, allInvalidDrops=0, maxConsecutive=0
06-14 14:28:17.834   956  1033 I libsensortelemetry: FrameSet 'wt_raw10' full framesets: fullCount=187, partialDrops=1, maxConsecutive=1
06-14 14:28:17.834   956  1033 I libsensortelemetry: FrameSet 'wt_0_1_raw10' full framesets: fullCount=0, partialDrops=0, maxConsecutive=0
06-14 14:28:17.834   956  1033 I libsensortelemetry: FrameSet 'col_fulps' full framesets: fullCount=0, partialDrops=0, maxConsecutive=0
06-14 14:28:17.836   934   960 I SyncBossFW: 5744828 [info   ] {NCM }: No slot with constellation capability found.
06-14 14:28:17.838  3314  3638 I OpenXR_ClientState: [OATS]: IP changed: /user/hand/right/interaction_profiles/meta/touch_controller_plus, -1
06-14 14:28:17.839  3314  3638 I OpenXR_ClientState: [OATS]: IP changed: unknown/interaction_profiles/meta/touch_controller_plus, 7
06-14 14:28:17.839   956  1828 D SensorService: Configured syncboss nice config: [{camera_set: 1, num_slots: 4, [ { tag: 128, default_exposure_us: 65535, default_gain: 65535, capabilities: 4, slot_length: 0, }, { tag: 129, default_exposure_us: 5000, default_gain: 48, capabilities: 12, slot_length: 0, }, { tag: 130, default_exposure_us: 65535, default_gain: 65535, capabilities: 20, slot_length: 0, }, { tag: 131, default_exposure_us: 65535, default_gain: 65535, capabilities: 4, slot_length: 0, }, ] shutter_period_us: 20000, }, {camera_set: 2, num_slots: 4, [ { tag: 128, default_exposure_us: 65535, default_gain: 65535, capabilities: 4, slot_length: 0, }, { tag: 129, default_exposure_us: 5000, default_gain: 48, capabilities: 12, slot_length: 0, }, { tag: 130, default_exposure_us: 65535, default_gain: 65535, capabilities: 20, slot_length: 0, }, { tag: 131, default_exposure_us: 65535, default_gain: 65535, capabilities: 4, slot_length: 0, }, ] shutter_period_us: 20000, }, ]
06-14 14:28:17.839   956  1829 I SensorService: [worldTracking] Stopping cameras for purpose constellation
06-14 14:28:17.839   956  1829 D NiceCameraSystem: CameraSystem stopping cameras for purpose constellation
06-14 14:28:17.839   956  1829 I SensorService: [worldTracking] Stopping camera streams for purpose: constellation
06-14 14:28:17.839  1263  1850 D TrackingFidelityService: TrackingFidelitySharedMemory - setFeatureFidelity: 10 0
06-14 14:28:17.839   956  1829 I CameraClientManager: [[Cnst(925)][constellation]] stream stop completed
06-14 14:28:17.839   956  1829 D CameraStream: [constellation] Client [Cnst(925)]: stop complete
06-14 14:28:17.839  1263  1850 I TrackingFidelityService: Setting feature fidelity for feature HANDS to fidelity 3 for muxMode lowLightHandsObjectFlood
06-14 14:28:17.839  1263  1850 D TrackingFidelityService: TrackingFidelitySharedMemory - setFeatureFidelity: 1 3
06-14 14:28:17.839  1263  1850 I TrackingFidelityService: Setting feature fidelity for feature ENVIRONMENT_LIGHTING to fidelity 5 for muxMode lowLightHandsObjectFlood
06-14 14:28:17.839  1263  1850 D TrackingFidelityService: TrackingFidelitySharedMemory - setFeatureFidelity: 17 5
06-14 14:28:17.839  1263  1850 I TrackingFidelityService: Setting feature fidelity for feature KEYBOARD to fidelity 2 for muxMode lowLightHandsObjectFlood
06-14 14:28:17.839  1263  1850 D TrackingFidelityService: TrackingFidelitySharedMemory - setFeatureFidelity: 7 2
06-14 14:28:17.839  1263  1850 D TrackingFidelityService: TrackingFidelitySharedMemory - setFeatureFidelity: 9 0
06-14 14:28:17.839   956  1827 I SensorService: [worldTracking] Starting cameras for purpose hand
06-14 14:28:17.839  1263  1850 D TrackingFidelityService: TrackingFidelitySharedMemory - setFeatureFidelity: 18 0
06-14 14:28:17.839  1263  1850 I TrackingFidelityService: endTransition[worldTracking]: lowLightControllerObjectFlood(3)->lowLightHandsObjectFlood(7), seqId=106, succeeded=true
06-14 14:28:17.839   956  1827 I NiceCameraSystem: FSC: Registering trigger syncboss log dump callback
06-14 14:28:17.839   956  1827 I FrameSetCollator: [{WT:RAW10}] Skipping start, already running (camera system worldTracking start count: 5)
06-14 14:28:17.839   956  1827 I SensorService: [worldTracking] Starting camera streams for purpose: hand, current muxmode = 7
06-14 14:28:17.839   956  1827 I CameraClientManager: [[Hand(925)][hand]] stream start completed
06-14 14:28:17.839   956  1827 D CameraStream: [hand] Client [Hand(925)]: start complete
06-14 14:28:17.839  1263  1850 I TrackingFidelityService: Received hand/controller update: multimodal_hands_and_controllers_enabled
06-14 14:28:17.839  3314  3638 I [SEO] ShellInputConfigurationDataProvider: InteractionMode changed, mode: Null activation method: No Device Present displayTimeActivated 24307.732596
06-14 14:28:17.839   956  1827 D CameraStream: [ambient_controller] Client [Cnst(925)] attempting stop
06-14 14:28:17.839   956  1827 I FrameSetDispatcher: [{WT:RAW10}] Client pid=925 (Cnst): Client thread stopping
06-14 14:28:17.840  1263  1850 D TrackingFidelityService: TrackingFidelitySharedMemory - setFeatureFidelity: 16 0
06-14 14:28:17.840   956  1827 I CameraClientManager: [Cnst(925)][ambient_controller] client stopped (estimated 0 started clients remaining)
06-14 14:28:17.840   956  1827 I CameraClientManager: [[Cnst(925)][ambient_controller]] definitely stopping stream
06-14 14:28:17.840   956  1827 I SensorService: [worldTracking] Stopping cameras for purpose ambient_controller
06-14 14:28:17.840   956  1827 D NiceCameraSystem: CameraSystem stopping cameras for purpose ambient_controller
06-14 14:28:17.840   956  1827 I SensorService: [worldTracking] Stopping camera streams for purpose: ambient_controller
06-14 14:28:17.840   956  1827 I CameraClientManager: [[Cnst(925)][ambient_controller]] stream stop completed
06-14 14:28:17.840   956  1827 D CameraStream: [ambient_controller] Client [Cnst(925)]: stop complete
06-14 14:28:17.840   925  1920 I Tracking: INPUT_TRACKING_ENGINE: InputTrackingEngine::onSuspend
06-14 14:28:17.840   925  1920 I Tracking: INPUT_TRACKING: Pipeline suspend()
06-14 14:28:17.840   925  1920 I Tracking: INPUT_TRACKING_ENGINE: InputTrackingEngine::onSuspend(): Done.
06-14 14:28:17.840   925  1920 D TrackingService: constellation: stopCameras finished
06-14 14:28:17.840   925  1920 D TrackingService: [constellation][constellation]handleMuxModeNotification finished for muxMode[worldTracking: lowLightHandsObjectFlood]
06-14 14:28:17.840   925  1920 D TrackingService: [constellation]end onMuxStateUpdate. ModeId: lowLightControllerObjectFlood -> lowLightHandsObjectFlood
06-14 14:28:17.840   925  1920 I TrackingService: [     constellation:constellation] Mux Mode Transition from sensor service: lowLightControllerObjectFlood -> lowLightHandsObjectFlood transition time: 6 ms
06-14 14:28:17.840  3314  3638 I OpenXR_Anchor: executeAnchorQueries: split anchor query enabled
06-14 14:28:17.840   925  1920 I VrSensors-HidlWrapper: Sending mux states (multiple) update to client
06-14 14:28:17.840   925  1920 I SensorDataTransforms: [constellation:ambient_controller] Staging mux mode updates for {worldTracking: ind-7, seqId-106},
06-14 14:28:17.840   925  1920 I SensorDataTransforms: [constellation:ambient_controller] Signaling start of the mode transition
06-14 14:28:17.840   925  1920 I TrackingService: [constellation:ambient_controller] Start configuration update starting
06-14 14:28:17.840   925  1920 I TrackingService: [constellation:ambient_controller] Start configuration update done
06-14 14:28:17.840   925  1920 I SensorDataTransforms: [constellation:ambient_controller] Mux mode updates successfully staged
06-14 14:28:17.840   925  1920 D TrackingService: [ambient_controller]start onMuxStateUpdate. ModeId: lowLightHandsObjectFlood -> lowLightHandsObjectFlood
06-14 14:28:17.840   925  1920 D TrackingService: [constellation][ambient_controller]handleMuxModeNotification started for muxMode[worldTracking: lowLightHandsObjectFlood]
06-14 14:28:17.840   925  1920 E TrackingService: Resetting MuxMode lowLightHandsObjectFlood which is already set
06-14 14:28:17.840   925  1920 D TrackingService: [ambient_controller]end onMuxStateUpdate. ModeId: lowLightHandsObjectFlood -> lowLightHandsObjectFlood
06-14 14:28:17.840   925  1920 I TrackingService: [constellation:ambient_controller] Mux Mode Transition from sensor service: lowLightHandsObjectFlood -> lowLightHandsObjectFlood transition time: 0 ms
06-14 14:28:17.840  1263  1850 I TrackingFidelityService: Request(s)={constellation:0,hands:3,environment_lighting:5,keyboard:5,scene_reconstruction:0,surface_inputs:0,}, Mux mode idx=7, name=lowLightHandsObjectFlood, score=-1012
06-14 14:28:17.841  1263  1850 I TrackingFidelityService: beginTransition[worldTracking]: lowLightHandsObjectFlood(7)->lowLightHandsObjectFlood(7)
06-14 14:28:17.841  1263  1850 I TrackingFidelityService: _applyMuxModeLockedInternal: Mode lowLightHandsObjectFlood already set. Returning.
06-14 14:28:17.841  1263  1850 I TrackingFidelityService: endTransition[worldTracking]: lowLightHandsObjectFlood(7)->lowLightHandsObjectFlood(7), seqId=-1, succeeded=true
06-14 14:28:17.841   934   960 I SyncBossFW: 5744828 [info   ] {NCM }: Found slot with hand_led capability
06-14 14:28:17.841   934   960 I SyncBossFW: 5744830 [info   ] {NCM }: No slot with constellation capability found.
06-14 14:28:17.841   934   960 I SyncBossFW: 5744830 [info   ] {NCM }: Found slot with hand_led capability
06-14 14:28:17.843   956  1808 E FrameSetCollator: [{WT:RAW10}] 1 FrameSets had unexpected timestamps (in the last 3699.50ms). Ex: slot 1 5744809.800ms -> 5744829.800ms (observed period: 20.000ms, expected period: 20.000ms (20.000ms))
06-14 14:28:17.844  3314  3638 W [SEO] InputOpenXr: Interaction Profile retrieval failed: /user/eyes_ext
06-14 14:28:17.850  3314  3638 I ShellHsr: Input: Destroying hand instance: hand=Right
06-14 14:28:17.851  3314  3638 I Shell   : ResMan : skinnedmesh records unloaded: asset=0000000000000000  data=0000007087eeb700,0000007087f92900,00000070ca24f380,00000070ca2a4280,00000070da654b00,00000070c9c91280,00000070c9db1b00,00000070c9e83080,00000070e1353100,00000070da08bc80,0000007064d61600,0000007064d61d80,00000070da3de780,00000070da3df400,00000070da3de280,00000070da3dea00,00000070ca24df80,00000070ca24f880,00000070c9f6b900,00000070c9f6cf80,00000070ab976380,00000070ab9b3280,00000070da3dea00,00000070da3df400,00000070da3e0a80,00000070da3e1700,0000007084507280,0000007084507a00,00000070852c9000,00000070852c9780,00000070889d2780,00000070889d2f00,  dstryFlg=1,1,1,1,1,1,1,1,1,1,1,1,1,1,1,1,1,1,1,1,1,1,1,1,1,1,1,1,1,1,1,1,  vec=0000000000000000/0000000000000000/0000000000000000,0000000000000000/0000000000000000/0000000000000000,0000000000000000/0000000000000000/0000000000000000,0000000000000000/0000000000000000/0000000000000000,0000000000000000/0000000000000000/0000000000000000,0000000000000000/0000000000000000/0000000000000000,0000000000000000/0000000000000000/0000000000000000,0000000000000000/0000000000000000/0000000000000000,0000000000000000/0000000000000000/0000000000000000,0000000000000000/0000000000000000/0000000000000000,0000000000000000/0000000000000000/0000000000000000,0000000000000000/0000000000000000/0000000000000000,0000000000000000/0000000000000000/0000000000000000,0000000000000000/0000000000000000/0000000000000000,0000000000000000/0000000000000000/0000000000000000,0000000000000000/0000000000000000/0000000000000000,0000000000000000/0000000000000000/0000000000000000,0000000000000000/0000000000000000/0000000000000000,0000000000000000/0000000000000000/0000000000000000,0000000000000000/0000000000000000/0000000000000000,0000000000000000/0000000000000000/0000000000000000,0000000000000000/0000000000000000/0000000000000000,0000000000000000/0000000000000000/0000000000000000,0000000000000000/0000000000000000/0000000000000000,0000000000000000/0000000000000000/0000000000000000,0000000000000000/0000000000000000/0000000000000000,0000000000000000/0000000000000000/0000000000000000,0000000000000000/0000000000000000/0000000000000000,0000000000000000/0000000000000000/0000000000000000,0000000000000000/0000000000000000/0000000000000000,0000000000000000/0000000000000000/0000000000000000,0000000000000000/0000000000000000/0000000000000000,  dstry=000000eff233ad55,000000eff233ad5a,000000eff921d457,000000eff921d45c,000000eff921d465,000000eff921d468,000000effc395db9,000000effc395dbc,000000effc5f36bb,000000effc5f36bf,000000effed07abc,000000effed07ac0,000000efff809fdc,000000efff809fe1,000000efff900de4,000000efff900de8,000000f009f6489d,000000f009f648a2,000000f009f648ae,000000f009f648b1,000000f02df7005b,000000f02df7005f,000000f02df8be8c,000000f02df8be91,000000f02e8ed2ed,000000f02e8ed2f1,000000f0395a4083,000000f0395a4086,000000f03c870aa9,000000f03c870aac,000000f03cc12030,000000f03cc12034,  unld=000000eff233ad74,000000eff233ad76,000000eff921d492,000000eff921d495,000000eff921d497,000000eff921d499,000000effc395dce,000000effc395dcf,000000effc5f36db,000000effc5f36de,000000effed07ad6,000000effed07ad8,000000efff80a000,000000efff80a002,000000efff900e04,000000efff900e06,000000f009f648dc,000000f009f648df,000000f009f648e1,000000f009f648e3,000000f02df7007b,000000f02df7007c,000000f02df8beb3,000000f02df8beb6,000000f02e8ed34b,000000f02e8ed34e,000000f0395a409b,000000f0395a409d,000000f03c870ace,000000f03c870ad0,000000f03cc12073,000000f03cc12075,
06-14 14:28:17.851   925  1921 I Tracking: NIMBLE:HTEngineUtil: Loaded user profile path: /odm/etc/handtracking/runtime/common/defaultProfile.msgpack
06-14 14:28:17.864   956  1808 E FrameSetCollator: [{WT:RAW10}] releasing incomplete frame set(1): (0:1, 1:1, 2:1, 3:1), (deadlineMissed, muxModeMisMatch) = (1, 0), (captureDevTs, currentTs, tolerance, current+tolerance) = (5744849800000, 5744829800000, 30000, 5744829830000), (frame.slotIndex) = (2), (frame.modeIndex, frameSet.modeIndex) = (3, 3)
06-14 14:28:17.867   925  1921 I Tracking: NIMBLE:UnifiedHandBodyTracking:ExposureControl: [Exposure] Settings: Algorithm nimble Mode low_exposure, initial exposure 0.004000000189989805, initial gain 4
06-14 14:28:17.867   925  1921 I Tracking: NIMBLE:UnifiedHandBodyTracking:ExposureControl: [Exposure] Initializing hand auto exposure algorithm
06-14 14:28:17.867   925  1921 I Tracking: NIMBLE:ExposureControl: Initializing exposure control unit for 4 cameras
06-14 14:28:17.874   925  1921 I Tracking: NIMBLE:DPE_HandTracker: No generic user profile provided, generating one from default profile
06-14 14:28:17.888   925  1921 I Tracking: NIMBLE:DPE_HandTracker: No user profile is provided, use the generic profile
06-14 14:28:17.888   925  1921 I Tracking: NIMBLE:DPE_HandTracker: Using Multi-View Detector
06-14 14:28:17.888   925  1921 I Tracking: NIMBLE:DPE_HandTracker: Using optimized resampling with modelTypes: 340YC10GCJ0DLK_0=4, 340YC10GCJ0DLK_1=4, 340YC10GCJ0DLK_2=4, 340YC10GCJ0DLK_3=4, 
06-14 14:28:17.888   925  1921 I Tracking: UnifiedHandBody: [SurfaceInputs] Pipeline::populateSurfaceInputsContext(), SKB [callback=not null, enabled=false, need=false], STP [callback=not null, enabled=false, need=false]
06-14 14:28:17.888   925  1921 I Tracking: NIMBLE:UnifiedHandBodyEngine: Initialized Hand Tracking Pipeline
06-14 14:28:17.888   925  1921 I Tracking: NIMBLE:SurfaceInputs:SurfaceCalibrationController: SurfaceCalibrationController resumed
06-14 14:28:17.888   925  1921 D TrackingService: [hand]end onMuxStateUpdate. ModeId: lowLightControllerObjectFlood -> lowLightHandsObjectFlood
06-14 14:28:17.888   925  1921 I TrackingService: [                       hand:hand] Mux Mode Transition from sensor service: lowLightControllerObjectFlood -> lowLightHandsObjectFlood transition time: 55 ms
06-14 14:28:17.888   925  1921 I VrSensors-HidlWrapper: Sending mux states (multiple) update to client
06-14 14:28:17.888   925  1921 I SensorDataTransforms: [hand:hand] Staging mux mode updates for {worldTracking: ind-7, seqId-106},
06-14 14:28:17.888   925  1921 W SensorDataTransforms: [hand:hand] A mux mode update is already staged for cs worldTracking mode 7 and sequence ID 106 and will be overwritten.
06-14 14:28:17.888   925  1921 I SensorDataTransforms: [hand:hand] Mux mode updates successfully staged
06-14 14:28:17.888   925  1921 D TrackingService: [hand]start onMuxStateUpdate. ModeId: lowLightHandsObjectFlood -> lowLightHandsObjectFlood
06-14 14:28:17.888   925  1921 D TrackingService: [HANDTRACKINGGLUE] handleMuxModeNotification
06-14 14:28:17.888   925  1921 E TrackingService: Resetting MuxMode lowLightHandsObjectFlood which is already set
06-14 14:28:17.888   925  1921 D TrackingService: [hand]end onMuxStateUpdate. ModeId: lowLightHandsObjectFlood -> lowLightHandsObjectFlood
06-14 14:28:17.888   925  1921 I TrackingService: [                       hand:hand] Mux Mode Transition from sensor service: lowLightHandsObjectFlood -> lowLightHandsObjectFlood transition time: 0 ms
06-14 14:28:17.891   934   960 I SyncBossFW: 5744880 [info   ] {LED }: bsp_led_stop_trigger
06-14 14:28:17.891   934   960 I SyncBossFW: 5744880 [info   ] {LED }: bsp_led_start_trigger
06-14 14:28:17.891   934   960 I SyncBossFW: 5744880 [info   ] {LEDM}: LED already started
06-14 14:28:17.898  2712  3363 I OSHandDataQuerier: OSSDKTRACKING HANDTRACKING HANDS ENABLED
06-14 14:28:17.898  2712  3363 I ServiceInputManager_Hand: HANDTRACKING Control Data last: 2 new: 1
06-14 14:28:17.898  2712  3363 I ServiceInputManager_Hand: HANDTRACKING Tracking Service reports hands ENABLED
06-14 14:28:17.898  2712  3363 I ControllerHandsTransitionObserver: HANDTRACKING New VROS control status: hands enabled
06-14 14:28:17.898  2712  3363 I ModalityTransitionsPolicyManager: HANDTRACKING: Switching to Hands only mode        HANDS
06-14 14:28:17.898  2712  3363 I ModalityTransitionsPolicyManager: HANDTRACKING: transition took 0.077686 seconds
06-14 14:28:17.906  3314  3638 I OpenXR_ClientState: [OATS]: IP changed: unknown/interaction_profiles/meta/touch_controller_plus, -1
06-14 14:28:17.906  3314  3638 I OpenXR_ClientState: [OATS]: IP changed: unknown/interaction_profiles/meta/touch_controller_plus, -1
06-14 14:28:17.910  3314  3638 W [SEO] InputOpenXr: Interaction Profile retrieval failed: /user/eyes_ext
06-14 14:28:17.948   956  1808 I FrameSetDispatcher: [{WT:RAW10}] 1 older Mux Mode settings are removed.
06-14 14:28:17.949   925  1921 D SensorDataTransforms: [hand:hand] Erased 4 stale entries from the staged mux states for worldTracking.
06-14 14:28:17.949   925  1921 I TrackingService: [hand:hand] Configuration update starting
06-14 14:28:17.949   925  1916 I TrackingService: [iot:iot] Configuration update starting
06-14 14:28:17.949   925  1921 I Tracking: NIMBLE:UnifiedHandBodyEngine: setCameraConfigurationHand() cameraIndex 0
06-14 14:28:17.949   925  1921 I Tracking: NIMBLE:CameraHandler: setCameraConfiguration() cameraIndex 0
06-14 14:28:17.949   925  1921 I Tracking: NIMBLE:UnifiedHandBodyEngine: setCameraConfigurationHand() cameraIndex 1
06-14 14:28:17.949   925  1916 I TrackingService: [iot:iot] Configuration update done
06-14 14:28:17.949   925  1921 I Tracking: NIMBLE:CameraHandler: setCameraConfiguration() cameraIndex 1
06-14 14:28:17.949   925  1921 I Tracking: NIMBLE:UnifiedHandBodyEngine: setCameraConfigurationHand() cameraIndex 2
06-14 14:28:17.949   925  1916 I TrackingService: [iot:iot] Finish configuration update starting
06-14 14:28:17.949   925  1921 I Tracking: NIMBLE:CameraHandler: setCameraConfiguration() cameraIndex 2
06-14 14:28:17.949   925  1921 I Tracking: NIMBLE:UnifiedHandBodyEngine: setCameraConfigurationHand() cameraIndex 3
06-14 14:28:17.949   925  1916 I TrackingService: [iot:iot] Finish configuration update done
06-14 14:28:17.949   925  1921 I Tracking: NIMBLE:CameraHandler: setCameraConfiguration() cameraIndex 3
06-14 14:28:17.949   925  1921 I TrackingService: [hand:hand] Configuration update done
06-14 14:28:17.949   925  1921 I TrackingService: [hand:hand] Finish configuration update starting
06-14 14:28:17.949   925  1921 I Tracking: NIMBLE:UnifiedHandBodyEngine: finishConfigurationUpdateHand()
06-14 14:28:17.949   925  1921 I Tracking: NIMBLE:CameraHandler: currentImageSensorConfigurations_ size is 4 in finishConfigurationUpdate()
06-14 14:28:17.949   925  1921 I Tracking: NIMBLE:CameraHandler: converting currentImageSensorConfigurations_ to engine camera config. numCameras_ 4, currentImageSensorConfigurations_ size 4
06-14 14:28:17.949   925  1924 I SensorControl: purpose=flexibleExposureControl cameraSystem=worldTracking modeIndex=lowLightHandsObjectFlood
06-14 14:28:17.949   925  1924 I SensorControl: Mapping slotIdx[3] cameraSystem [worldTracking] to controlPurposeName[flexibleExposureControl]
06-14 14:28:17.950   925  1924 I SensorControl: configureExposureAlgorithm: purpose=flexibleExposureControl
06-14 14:28:17.950   925  1924 I SensorControl: purpose=flexibleExposureControl  camera=0, exposure=[0.000015, 0.013000]  gain=[0.062500, 15.937500], nominalRateHz=12.500000
06-14 14:28:17.950   925  1924 I SensorControl: purpose=flexibleExposureControl  camera=1, exposure=[0.000015, 0.013000]  gain=[0.062500, 15.937500], nominalRateHz=12.500000
06-14 14:28:17.950   925  1924 I SensorControl: purpose=flexibleExposureControl  camera=2, exposure=[0.000015, 0.013000]  gain=[0.062500, 15.937500], nominalRateHz=12.500000
06-14 14:28:17.950   925  1924 I SensorControl: purpose=flexibleExposureControl  camera=3, exposure=[0.000015, 0.013000]  gain=[0.062500, 15.937500], nominalRateHz=12.500000
06-14 14:28:17.951  3314  3638 I OpenXR_Anchor: executeAnchorQueries: split anchor query enabled
06-14 14:28:17.951   925  1921 I TrackingService: [hand:hand] Finish configuration update done
06-14 14:28:17.951   925  1921 I Tracking: NIMBLE:UnifiedHandBodyTracking:Personalization: startIfNeeded(): Success
