--------- beginning of tracking
06-14 14:28:14.574   925  5516 D TrackingService: 848cee838ab0d855: isControllerInHand(24304.45s): 1 ctEnabled: 1 btnPress(24293.31s): 0 *btnOrTpdTouch(24293.87s): 0 *btnOrTpdProx(24293.91s): 0 static(24304.45s): 1 thbstkOffCenter(24293.29s): 0 
06-14 14:28:14.574   925  5516 D TrackingService: [HANDTRACKING] Controller 848cee838ab0d855 in hand: Y, valid: Y
06-14 14:28:14.574  2358  5423 D ControllerManagement: RemoteService::recordControllerStatusUpdate: device 848cee838ab0d855: status: CONNECTED_ACTIVE tracking: ORIENTATION, errors: --
--------- beginning of main
06-14 14:28:14.578  3314  3638 I OpenXR_ClientState: [OATS]: IP changed: unknown/interaction_profiles/meta/touch_controller_plus, -1
06-14 14:28:14.578  3314  3638 I OpenXR_ClientState: [OATS]: IP changed: /user/hand/left/interaction_profiles/meta/touch_controller_plus, 6
06-14 14:28:14.585  3314  3638 I OpenXR_Anchor: executeAnchorQueries: split anchor query enabled
06-14 14:28:14.588  3314  3638 W [SEO] InputOpenXr: Interaction Profile retrieval failed: /user/eyes_ext
06-14 14:28:14.596  3314  3638 I ShellHsr: Input: Creating hand instance: hand=Left
06-14 14:28:14.644  4255 22026 I AutoStationaryHelper: [AutoStationaryHelper::getGuardianDataFromNearbyRoomscale] Checking 1 existing guardian data
06-14 14:28:14.644  4255 22026 I GuardianMapDataMgr: [GuardianMapDataMgr::isValidTrackedRoomscale] [1217868778] Valid=yes, Roomscale=yes, Anchor [6008fb15-f60f-454e-d96c-6d583cc528a4] Tracked=yes
06-14 14:28:14.644  4255 22026 I AutoStationaryHelper: [AutoStationaryHelper::getGuardianDataFromNearbyRoomscale] [1217868778] Distance to HMD: 2.701660
06-14 14:28:14.663  3314  3638 I Shell   : ImmersiveTransitionSystem : immersive transition event: init=2e+12  sh=CTTI,CTTI,CTIS,FETR,BETR,CTIA,CTIN,CTTI,CTIS,ENTR,CTTO,CTIA,BETR,CTIN,CTTI,CTIS  sct=3d7f46a9,3d7f46af,3d7f4912,3d7f9ca5,3d7f9ca6,3d7f9cc1,3d7f9ccf,3d7f9d1a,3d7f9f7c,3d7fa52b,3d7fa537,3d7fa913,3d8021f7,3d802286,3d8022a4,3d8024fc,
06-14 14:28:14.663  3314  3638 I Shell   : ImmersiveTransitionSystem: Changed state from TransitionIn to Interstitial
06-14 14:28:14.669   925  1920 I Tracking: CONSTELLATION_Left: [Throttled count=75] P+C Left: Not reinitializing 6DoF filter yet (no valid pose from vision).
06-14 14:28:14.673  3314  4908 W ShellHsr: Renderer: getOrCreateMaterialCacheEntry failed to material->setTexture
06-14 14:28:14.673  3314  4908 W ShellHsr: Renderer: getOrCreateMaterialCacheEntry failed to material->setTexture
06-14 14:28:14.675  3314  3638 I Shell   : TransitionRenderSurfaceManager: Setting sort-key for layer 52 from 1008 to 199
06-14 14:28:14.677   925  5414 I Tracking: BOLT:HexagonTelemetry: Global DSP utilization: 3.35% (167 / 5003 ms), Scalar Util: 38.19%, HVX Util: 37.92%, HMX Util: 7.20%, DMA Active: 0.00%, Freq: 1094.4124336424688 MHz
06-14 14:28:14.677   925  5414 I Tracking: boltlib: DSP Rpc stats over 5003 ms: {"HexagonPyramid3x3Async":42,"a2e_boltnn_delegate":12,"controller_inference":25,"ofi_detector_34":2,"test_boltnn_airplane_mode":1}
06-14 14:28:14.685  3314  3638 I OpenXR_Anchor: executeAnchorQueries: split anchor query enabled
06-14 14:28:14.711  2712  5474 I MVSourceBase: ASW: HandleEyeTextureDependentResources => ReleaseEyeTextureDependentResource
06-14 14:28:14.711  2712  5474 I MVSourceBase: ASW: HandleEyeTextureDependentResources => InitEyeTexDependentResource
06-14 14:28:14.791  3314  3638 I OpenXR_Anchor: executeAnchorQueries: split anchor query enabled
06-14 14:28:14.892  3314  3638 I OpenXR_Anchor: executeAnchorQueries: split anchor query enabled
06-14 14:28:14.894  1227  1680 D TelemetryService: Upload complete after 132 ms with result: success
06-14 14:28:14.902  3314  3638 I Shell   : add cursor: 4249941259 (new count: 1)
06-14 14:28:14.914   925  1916 I Tracking: Vega: [INSIGHTS] Mode=DescriptorVega,6DoF,Agg=9s,Inl=1,34,44,Mem=99.2,FrameDur=8.3,14.9,PoseLat=1.5,8.6,CamImuLat=11.8,13.4,Jit=0.1,0.4,Drops(Cam=0,IMU=0),MeanIr=19005.6,Exp(1.3ms,g=1,I=61)(1.3ms,g=1,I=61)(10.2ms,g=14,I=62)(9.9ms,g=14,I=61)(0.0ms,g=0)(0.0ms,g=0),NonInertEnv=n
06-14 14:28:14.965   925  1920 I Tracking: CONSTELLATION_Right: [Throttled count=25] P+C Right: Applying Consistent Zero Velocity Update during slow motion.
06-14 14:28:14.969  1257  1914 I MRSS    : BOLT:HexagonTelemetry: Global DSP utilization: 3.76% (188 / 5002 ms), Scalar Util: 37.99%, HVX Util: 37.06%, HMX Util: 7.02%, DMA Active: 0.00%, Freq: 1017.6213087741696 MHz
06-14 14:28:14.969  1257  1914 I MRSS    : boltlib: DSP Rpc stats over 5002 ms: null
06-14 14:28:15.004  3314  3638 I OpenXR_Anchor: executeAnchorQueries: split anchor query enabled
06-14 14:28:15.045   925  1920 I Tracking: CONSTELLATION:VISION_STATUS: 0x1a318b3c1def4847 (R): [#Samples=63] 5742.030s | BlobDetection:[#BlobsDetected=(4.00, 0.00)]Matching:[MatchSuccess=1.000, MatchCost=(0.00549, 0.00000), #MatchedBlobs=(3.00, 0.00), #MatchedLeds=(3.00, 0.00), RematchM=0.000, SkipRefine=0.000] MatchMethod:[Prox=1.000, ConstBrute=0.000, AttiBrute=0.000, UnconstBrute=0.000] MatchResets[AnomBlobSize=0.000, SharedMatch=0.000, DenseReacq=0.000] | Fusion:[FusionError=0.000, ImuFromCamMs=(-5740549.800, 2116266.667), RematchF=0.000] FusionUpdates:[Successful=0.000, Reliable=0.000, TightFusion=0.000, FullPose=0.000, StaticPrior=0.000, StaticForHandTrans=0.000, PoseUpdateMD=(0.0000, 0.0000)] FusionResets[6DoFReset=0.000, ResetSuccess=0.000] FusionStatus[HasPosition=0.000, HasVelocity=0.000]  [Current time=5742.030s, last log time=5736.990s]
06-14 14:28:15.045   925  1920 I Tracking: CONSTELLATION:VISION_STATUS: 0x848cee838ab0d855 (L): [#Samples=63] 5742.030s | BlobDetection:[#BlobsDetected=(4.00, 0.00)]Matching:[MatchSuccess=0.000, MatchCost=(0.00000, 0.00000), #MatchedBlobs=(0.00, 0.00), #MatchedLeds=(0.00, 0.00), RematchM=0.000, SkipRefine=0.000] MatchMethod:[Prox=0.000, ConstBrute=0.000, AttiBrute=0.000, UnconstBrute=0.000] MatchResets[AnomBlobSize=0.000, SharedMatch=0.000, DenseReacq=0.000] | Fusion:[FusionError=0.000, ImuFromCamMs=(-5740549.800, 2116266.667), RematchF=0.000] FusionUpdates:[Successful=0.000, Reliable=0.000, TightFusion=0.000, FullPose=0.000, StaticPrior=0.000, StaticForHandTrans=0.000, PoseUpdateMD=(0.0000, 0.0000)] FusionResets[6DoFReset=0.000, ResetSuccess=0.000] FusionStatus[HasPosition=0.000, HasVelocity=0.000]  [Current time=5742.030s, last log time=5736.990s]
06-14 14:28:15.063  3314  4908 W ShellHsr: Renderer: RenderableFilter has 13 tags, which is more than 10. This is expected to be rare. If this becomes common, consider changing RenderableFilter logic to use something other than linear searches for filtering renderable tags (like registered bitsets).
06-14 14:28:15.102  4746  5239 I DynamicObjectClient: Query Dynamic Object Tracker anchors
06-14 14:28:15.102  4746  5239 I DynamicObjectClient: Object in query has empty predictions or tracking flags
06-14 14:28:15.105  3314  3638 I OpenXR_Anchor: executeAnchorQueries: split anchor query enabled
06-14 14:28:15.177  1227  1702 V telemetry-statsd: Fetched statsd reports. Config: 2 UID 1000 Initiator: periodic Report size: 80797
06-14 14:28:15.177  1227  1702 V telemetry-statsd: Fetched statsd reports. Config: 12 UID 1000 Initiator: periodic Report size: 62141
06-14 14:28:15.177  1227  1702 V telemetry-statsd: Fetched statsd reports. Config: 3 UID 1000 Initiator: periodic Report size: 20770
06-14 14:28:15.177  1227  1702 V telemetry-statsd: Fetched statsd reports. Config: 5 UID 1000 Initiator: periodic Report size: 20874
06-14 14:28:15.178  1227  1702 V telemetry-statsd: Fetched statsd reports. Config: 6 UID 1000 Initiator: periodic Report size: 21592
06-14 14:28:15.178  1227  1702 V telemetry-statsd: Fetched statsd reports. Config: 7 UID 1000 Initiator: periodic Report size: 19516
06-14 14:28:15.178  1227  1702 V telemetry-statsd: Fetched statsd reports. Config: 8 UID 1000 Initiator: periodic Report size: 19516
06-14 14:28:15.178  1227  1702 V telemetry-statsd: Fetched statsd reports. Config: 9 UID 1000 Initiator: periodic Report size: 19516
06-14 14:28:15.178  1227  1702 V telemetry-statsd: Fetched statsd reports. Config: 10 UID 1000 Initiator: periodic Report size: 19516
06-14 14:28:15.183   925  5516 D TrackingService: 848cee838ab0d855: isControllerInHand(24304.56s): 0 ctEnabled: 1 btnPress(24293.31s): 0 *btnOrTpdTouch(24293.87s): 0 *btnOrTpdProx(24293.91s): 0 static(24304.56s): 0 thbstkOffCenter(24293.29s): 0 
06-14 14:28:15.183   925  5516 D TrackingService: [HANDTRACKING] Controller 848cee838ab0d855 in hand: N, valid: Y
06-14 14:28:15.183  2358  5423 D ControllerManagement: RemoteService::recordControllerStatusUpdate: device 848cee838ab0d855: status: CONNECTED_ACTIVE tracking: ORIENTATION, errors: --
06-14 14:28:15.192  3314  3638 I OpenXR_ClientState: [OATS]: IP changed: /user/hand/left/interaction_profiles/meta/touch_controller_plus, -1
06-14 14:28:15.193  3314  3638 I OpenXR_ClientState: [OATS]: IP changed: unknown/interaction_profiles/meta/touch_controller_plus, 6
06-14 14:28:15.202  3314  3638 W [SEO] InputOpenXr: Interaction Profile retrieval failed: /user/eyes_ext
06-14 14:28:15.204  3314  3638 I ShellHsr: Input: Destroying hand instance: hand=Left
06-14 14:28:15.204  3314  3638 I OpenXR_Anchor: executeAnchorQueries: split anchor query enabled
06-14 14:28:15.205  4746  5238 I [CT]    : SP:SM:SceneManager: queryAvailableAnchors: maxAnchors: 500, filter: 0, queryMultipleRoomsEnabledByOpenXrVersion: true, source: 1, appId: com.oculus.vrshell
06-14 14:28:15.252   956 21531 I libcamerahal: [INSIGHTS][2.00s] recv/ret/req heartbeat: cam0: 89/89/0, cam1: 89/89/0, cam2: 89/89/0, cam3: 89/89/0
06-14 14:28:15.257  3314  4194 E TrexRenderModelPlugin: no modelBit retrieved from GetOffsetFromModelID 
06-14 14:28:15.268  3314  4194 I Shell   : Loading model  key 7 size 508088 
06-14 14:28:15.268  3314  4194 E TrexRenderModelPlugin: no modelBit retrieved from GetOffsetFromModelID 
06-14 14:28:15.276  1227  1690 W AtomToFalcoEventTranslator: Failed to translate atom id: 117268, failureType: FIELD_TYPE_MISMATCH, failureContext: Falco field layers_avg missing in protobuf data; Falco field layers_max missing in protobuf data; Falco field layers_min missing in protobuf data; 
06-14 14:28:15.276  1227  1690 W TelemetryService: Dropping Atom #117268 due to translation failure
06-14 14:28:15.284   952  5441 I VD628x  : Flicker results: freq 100.000000, max 99.824562, dcr 31.498652, pct 0.058823, idx 0.009536, conf 0.208786, snr -4.519422, svm 0.046036, sus 1
06-14 14:28:15.287  3314  3638 E ShellHsr: Embodiment: `libovravatar2` GazeFixerNode::Gaze Fixer Layer: can't find animation clip gazeFixup_L_lookDown.
06-14 14:28:15.287  3314  3638 E ShellHsr: Embodiment: `libovravatar2` GazeFixerNode::Gaze Fixer Layer: can't find animation clip gazeFixup_L_lookLeft.
06-14 14:28:15.287  3314  3638 E ShellHsr: Embodiment: `libovravatar2` GazeFixerNode::Gaze Fixer Layer: can't find animation clip gazeFixup_L_lookRight.
06-14 14:28:15.287  3314  3638 E ShellHsr: Embodiment: `libovravatar2` GazeFixerNode::Gaze Fixer Layer: can't find animation clip gazeFixup_L_lookUp.
06-14 14:28:15.287  3314  3638 E ShellHsr: Embodiment: `libovravatar2` GazeFixerNode::Gaze Fixer Layer: can't find animation clip gazeFixup_R_lookDown.
06-14 14:28:15.287  3314  3638 E ShellHsr: Embodiment: `libovravatar2` GazeFixerNode::Gaze Fixer Layer: can't find animation clip gazeFixup_R_lookLeft.
06-14 14:28:15.287  3314  3638 E ShellHsr: Embodiment: `libovravatar2` GazeFixerNode::Gaze Fixer Layer: can't find animation clip gazeFixup_R_lookRight.
06-14 14:28:15.287  3314  3638 E ShellHsr: Embodiment: `libovravatar2` GazeFixerNode::Gaze Fixer Layer: can't find animation clip gazeFixup_R_lookUp.
06-14 14:28:15.288  3314  3638 E ShellHsr: Embodiment: `libovravatar2` GazeFixerNode::Gaze Fixer Layer: can't find animation clip gazeFixup_L_lookDown.
06-14 14:28:15.288  3314  3638 E ShellHsr: Embodiment: `libovravatar2` GazeFixerNode::Gaze Fixer Layer: can't find animation clip gazeFixup_L_lookLeft.
06-14 14:28:15.288  3314  3638 E ShellHsr: Embodiment: `libovravatar2` GazeFixerNode::Gaze Fixer Layer: can't find animation clip gazeFixup_L_lookRight.
06-14 14:28:15.288  3314  3638 E ShellHsr: Embodiment: `libovravatar2` GazeFixerNode::Gaze Fixer Layer: can't find animation clip gazeFixup_L_lookUp.
06-14 14:28:15.288  3314  3638 E ShellHsr: Embodiment: `libovravatar2` GazeFixerNode::Gaze Fixer Layer: can't find animation clip gazeFixup_R_lookDown.
06-14 14:28:15.288  3314  3638 E ShellHsr: Embodiment: `libovravatar2` GazeFixerNode::Gaze Fixer Layer: can't find animation clip gazeFixup_R_lookLeft.
06-14 14:28:15.288  3314  3638 E ShellHsr: Embodiment: `libovravatar2` GazeFixerNode::Gaze Fixer Layer: can't find animation clip gazeFixup_R_lookRight.
06-14 14:28:15.288  3314  3638 E ShellHsr: Embodiment: `libovravatar2` GazeFixerNode::Gaze Fixer Layer: can't find animation clip gazeFixup_R_lookUp.
06-14 14:28:15.307  3314  3638 I ShellHsr: Embodiment: Setting Avatar 131073 to visible because we are entering AvatarsCoreLoadingState::Ready.
06-14 14:28:15.307  3314  3638 I ShellHsr: AvatarSocketManager: [AvatarSocketManager] Changed request from AvatarLoadingState to set avatar props 131073 to Default
06-14 14:28:15.312  3314  3638 I OpenXR_Anchor: executeAnchorQueries: split anchor query enabled
06-14 14:28:15.331  2712  3363 I FaceEyeTrackingServerManager_Impl: [FaceEyeTrackingServerManager] - orthofitManager is NULL.
06-14 14:28:15.361  3314  3638 I Shell   : ImmersiveTransitionSystem: Received HsrEnvironmentEvent isEnabled: 0
06-14 14:28:15.361  3314  3638 I Shell   : HomeLocomotionSystem::teleportPlayerToLoadPosition teleportPlayerToMatchingSpawnPoint with tag local and spawn seed (Session ID) -1
06-14 14:28:15.361  3314  3638 I ShellHsr: Gameplay: SpawnPointManager::pickSpawnPointForWorldSpawn; Picking the only matching spawn point: 0 0 -0.6
06-14 14:28:15.362  3314  3638 I ShellHsr: Config: ConfigChanged: horizon::avatars_core::AvatarsCoreConfig v59 (LocalConfigChange)
06-14 14:28:15.372  3314  3638 I ShellHsr: Animation: Activating Assets
06-14 14:28:15.372  3314  3638 I ShellHsr: Animation: ...using animator component skeleton 4002666485714147162:9862899241660141923:2292226755
06-14 14:28:15.372  3314  3638 I ShellHsr: Animation: using skeleton asset meta/central@assets/animation/butterflies/A_Butterfly_ChaseB.fbx:hzanim_skel:Skeleton_0 4002666485714147162:9862899241660141923:2292226755
06-14 14:28:15.372  3314  3638 I ShellHsr: Animation: ...animationDriverComponent.animations 'Take 001'
06-14 14:28:15.372  3314  3638 I ShellHsr: Animation: ...trying to register animation 'Take 001' meta/central@assets/animation/butterflies/A_Butterfly_ChaseB.fbx:hzanim_anim:Take 001 4002666485714147162:9862899241660141923:1496459219
06-14 14:28:15.372  3314  3638 I ShellHsr: Animation: Activating Assets
06-14 14:28:15.372  3314  3638 I ShellHsr: Animation: ...using animator component skeleton 4002666485714147162:11400289787294267810:2292226755
06-14 14:28:15.372  3314  3638 I ShellHsr: Animation: using skeleton asset meta/central@assets/animation/butterflies/A_Butterfly_RockA.fbx:hzanim_skel:Skeleton_0 4002666485714147162:11400289787294267810:2292226755
06-14 14:28:15.372  3314  3638 I ShellHsr: Animation: ...animationDriverComponent.animations 'Take 001'
06-14 14:28:15.372  3314  3638 I ShellHsr: Animation: ...trying to register animation 'Take 001' meta/central@assets/animation/butterflies/A_Butterfly_RockA.fbx:hzanim_anim:Take 001 4002666485714147162:11400289787294267810:1496459219
06-14 14:28:15.372  3314  3638 I ShellHsr: Animation: Activating Assets
06-14 14:28:15.372  3314  3638 I ShellHsr: Animation: ...using animator component skeleton 4002666485714147162:14114406531553165395:2292226755
06-14 14:28:15.372  3314  3638 I ShellHsr: Animation: using skeleton asset meta/central@assets/animation/butterflies/A_Butterfly_PlantsA.fbx:hzanim_skel:Skeleton_0 4002666485714147162:14114406531553165395:2292226755
06-14 14:28:15.372  3314  3638 I ShellHsr: Animation: ...animationDriverComponent.animations 'Take 001'
06-14 14:28:15.372  3314  3638 I ShellHsr: Animation: ...trying to register animation 'Take 001' meta/central@assets/animation/butterflies/A_Butterfly_PlantsA.fbx:hzanim_anim:Take 001 4002666485714147162:14114406531553165395:1496459219
06-14 14:28:15.372  3314  3638 I ShellHsr: Animation: Activating Assets
06-14 14:28:15.372  3314  3638 I ShellHsr: Animation: ...using animator component skeleton 4002666485714147162:7247164135115755106:2292226755
06-14 14:28:15.372  3314  3638 I ShellHsr: Animation: using skeleton asset meta/central@assets/animation/butterflies/A_Butterfly_ChaseA.fbx:hzanim_skel:Skeleton_0 4002666485714147162:7247164135115755106:2292226755
06-14 14:28:15.372  3314  3638 I ShellHsr: Animation: ...animationDriverComponent.animations 'Take 001'
06-14 14:28:15.373  3314  3638 I ShellHsr: Animation: ...trying to register animation 'Take 001' meta/central@assets/animation/butterflies/A_Butterfly_ChaseA.fbx:hzanim_anim:Take 001 4002666485714147162:7247164135115755106:1496459219
06-14 14:28:15.375  3314  3638 I ShellHsr: Renderer: Scene component onAdd skipping fog setting due to fog travel component.
06-14 14:28:15.379  4255 22026 I [CT]    : SP:AF:AnchorFramework: calculateRigidScenePose: Located 20 / 20 anchors in 67a17e81-21d2-91dd-2018-690c100336cf for calculating rigid scene pose for com.oculus.guardian
06-14 14:28:15.379  4255 22026 I [CT]    : SP:AF:AnchorAccuracy: New Rigid Scene calculated using 20 anchors attached to 2 IAs. 0.12212454400287243 seconds since last update
06-14 14:28:15.379  4255 22026 I [CT]    : SP:AF:AnchorAccuracy: Translation difference (mean/min/max): 0.024146519415080548 0.008131509646773338 0.08917167782783508
06-14 14:28:15.379  4255 22026 I [CT]    : SP:AF:AnchorAccuracy: Rotation difference (mean/min/max): 0.012746453983709216 0.008069917559623718 0.07691896706819534
06-14 14:28:15.379  4255 22026 I [CT]    : SP:AF:AnchorAccuracy: New scene origin pose: -2.8373026847839355 -0.6315489411354065 8.059688568115234 : 0.21697008609771729 -0.21697008609771729 0.6729962825775146 0.6729963421821594
06-14 14:28:15.379  4255 22026 I [CT]    : SP:AF:AnchorAccuracy: New scene origin pose moved: 3.0157830224197824e-06 translation 3.862822097744356e-07 rotation
06-14 14:28:15.400  3314  3638 W ShellHsr: Material: Texture parameter 'LightMap_Tx' does not exist on material 'meta/horizon_shared_shaders@shaders/isotropic/isotropicTiledRGBMasked.surface:shader'. Skipping this parameter...
06-14 14:28:15.406  3314  3638 I Shell   : remove cursor: 4249941259 (new count: 0)
06-14 14:28:15.414  3314  3638 E ShellHsr: Renderer: (Result)ErrorNotReady -32
06-14 14:28:15.414  3314  3638 E ShellHsr: Renderer: (Result)ErrorNotReady -32
06-14 14:28:15.414  3314  3638 I OpenXR_Anchor: executeAnchorQueries: split anchor query enabled
06-14 14:28:15.421  3314  3638 I ShellHsr: Audio: Adding entity with Bank Asset 12293612625969361106:2770803330415731413:3579376507.
06-14 14:28:15.422  3314  3638 I ShellHsr: Audio: Adding entity with Bank Asset 4002666485714147162:5421905773846296870:3579376507.
06-14 14:28:15.424  3314  3638 I ShellHsr: Audio: Loading Bank Asset ID: 12293612625969361106:2770803330415731413:3579376507
06-14 14:28:15.424  3314  3638 I ShellHsr: Audio: Bank Asset Name: meta/home_c25@audio/Footprint_C25_Main.bank:bank, Size (bytes): 1278912
06-14 14:28:15.424  3314  3638 I ShellHsr: Audio: Loading Bank Asset ID: 4002666485714147162:5421905773846296870:3579376507
06-14 14:28:15.424  3314  3638 I ShellHsr: Audio: Bank Asset Name: meta/central@assets/audio/Vista_Central_Main.bank:bank, Size (bytes): 7108256
06-14 14:28:15.429  3314  3638 E ShellHsr: Renderer: (Result)ErrorNotReady -32
06-14 14:28:15.429  3314  3638 E ShellHsr: Renderer: (Result)ErrorNotReady -32
06-14 14:28:15.433  3314  3638 E ShellHsr: Physics: World has multiple physics::SceneComponents! Already processed instance on entity ("Root", ent ID 1190005, from template ID 6650193137766458801 in package 17903630001450161443), ignoring instance on entity ("BackWall", ent ID 1194152, from template ID 9649741645405708419 in package 4002666485714147162)
06-14 14:28:15.440  3314  3638 I ShellHsr: Audio: Bank 263b1c39-5d00-46f7-a7bf-56feaeba30d8 contains 11 events
06-14 14:28:15.440  3314  3638 I ShellHsr: Audio: Event Description created. Guid: b4811b1f-6356-40c5-af05-4d025e4fa1a1
06-14 14:28:15.440  3314  3638 I ShellHsr: Audio: Event Description created. Guid: 0f52e043-8135-4600-8e64-5048ce2f7563
06-14 14:28:15.440  3314  3638 I ShellHsr: Audio: Event Description created. Guid: aa641d51-94dc-4d2e-9e0e-e2cc6a83c13f
06-14 14:28:15.440  3314  3638 I ShellHsr: Audio: Event Description created. Guid: 8193b659-8f39-455e-be79-c4c0d27f49bf
06-14 14:28:15.440  3314  3638 I ShellHsr: Audio: Event Description created. Guid: 40b99b7d-3ee2-4d31-b6ea-7c7d41642af7
06-14 14:28:15.440  3314  3638 I ShellHsr: Audio: Loaded parameter c073b708-dddc-488e-a277-2c360b093a8f for Event 9620cc8f-455c-4f13-b8da-c462a33ae9b2.
06-14 14:28:15.440  3314  3638 I ShellHsr: Audio: Event Description created. Guid: 9620cc8f-455c-4f13-b8da-c462a33ae9b2
06-14 14:28:15.440  3314  3638 I ShellHsr: Audio: Event Description created. Guid: 1f373da2-90fe-4d52-9e1e-8e3d3bb085b4
06-14 14:28:15.440  3314  3638 I ShellHsr: Audio: Event Description created. Guid: 1b5854c9-5995-4f1c-a2d2-1bdf5811a38f
06-14 14:28:15.440  3314  3638 I ShellHsr: Audio: Event Description created. Guid: 505e5dcb-14a1-46d4-99ca-c577da5259c7
06-14 14:28:15.440  3314  3638 I ShellHsr: Audio: Event Description created. Guid: a24f8ddb-757d-41dd-9c93-48d1fc60b4d6
06-14 14:28:15.440  3314  3638 I ShellHsr: Audio: Event Description created. Guid: d11ca6ec-67a4-4879-ba31-4ef59c9808c1
06-14 14:28:15.440  3314  3638 I ShellHsr: Audio: Bank 263b1c39-5d00-46f7-a7bf-56feaeba30d8 has 17 buses.
06-14 14:28:15.440  3314  3638 I ShellHsr: Audio: Bank Bus Object created. Guid: c1fb4600-fd81-4825-ad25-b28050a734fa
06-14 14:28:15.440  3314  3638 I ShellHsr: Audio: Bank Bus Object created. Guid: 26637e06-3709-4a3b-b039-7f8285c4b17e
06-14 14:28:15.440  3314  3638 I ShellHsr: Audio: Bank Bus Object created. Guid: 2a26b92d-8474-4f10-86f1-4072afd5b210
06-14 14:28:15.440  3314  3638 I ShellHsr: Audio: Bank Bus Object created. Guid: 72297851-7735-4b7f-98b0-34b1cebcf1fb
06-14 14:28:15.440  3314  3638 I ShellHsr: Audio: Bank Bus Object created. Guid: 5048875f-280f-453f-8e6e-acf5454033ca
06-14 14:28:15.440  3314  3638 I ShellHsr: Audio: Bank Bus Object created. Guid: b801955f-8771-4de9-b5e7-6732f81de456
06-14 14:28:15.440  3314  3638 I ShellHsr: Audio: Bank Bus Object created. Guid: 2365c977-2897-444d-97a5-3c39aa24841c
06-14 14:28:15.440  3314  3638 I ShellHsr: Audio: Bank Bus Object created. Guid: 3698ba9c-236a-4ea9-9140-90d1a57dac02
06-14 14:28:15.440  3314  3638 I ShellHsr: Audio: Bank Bus Object created. Guid: 6df15cfa-7629-4e3a-9237-bb8459881c68
06-14 14:28:15.440  3314  3638 I ShellHsr: Audio: Loaded bank 263b1c39-5d00-46f7-a7bf-56feaeba30d8
06-14 14:28:15.440  3314  3638 I ShellHsr: Audio: Bank 4fa6a10c-099d-4000-a615-d799de743b6e contains 18 events
06-14 14:28:15.440  3314  3638 I ShellHsr: Audio: Event Description created. Guid: 0fc6ff14-0e1d-49bb-a9ca-a2a9a02d0c24
06-14 14:28:15.440  3314  3638 I ShellHsr: Audio: Loaded parameter 8085bfc4-2904-47f4-861a-4b68859958bf for Event 902cea32-532a-48fb-9e36-2393f06e03f7.
06-14 14:28:15.440  3314  3638 I ShellHsr: Audio: Event Description created. Guid: 902cea32-532a-48fb-9e36-2393f06e03f7
06-14 14:28:15.440  3314  3638 I ShellHsr: Audio: Loaded parameter 8085bfc4-2904-47f4-861a-4b68859958bf for Event fa396749-e041-4a8a-a279-47bbe236a584.
06-14 14:28:15.440  3314  3638 I ShellHsr: Audio: Event Description created. Guid: fa396749-e041-4a8a-a279-47bbe236a584
06-14 14:28:15.440  3314  3638 I ShellHsr: Audio: Event Description created. Guid: 516acc58-18af-426a-b1f5-2aafb9168cd6
06-14 14:28:15.440  3314  3638 I ShellHsr: Audio: Loaded parameter a661a302-3052-4667-9151-94513fa05bd5 for Event 955e8865-367d-446c-9351-207f156c5090.
06-14 14:28:15.440  3314  3638 I ShellHsr: Audio: Event Description created. Guid: 955e8865-367d-446c-9351-207f156c5090
06-14 14:28:15.440  3314  3638 I ShellHsr: Audio: Event Description created. Guid: f2433b6a-7013-4b38-a352-f8f7b003a454
06-14 14:28:15.440  3314  3638 I ShellHsr: Audio: Event Description created. Guid: 560a6b74-439f-4b12-919b-4d8562164518
06-14 14:28:15.440  3314  3638 I ShellHsr: Audio: Event Description created. Guid: 4770c99a-4392-40fb-9323-2bbfa9eaa4aa
06-14 14:28:15.440  3314  3638 I ShellHsr: Audio: Event Description created. Guid: b4b8e6a1-cfb6-461b-89c0-bad5912804c5
06-14 14:28:15.440  3314  3638 I ShellHsr: Audio: Event Description created. Guid: 18443bb1-1d8e-4d73-ade6-e8b11ac4531c
06-14 14:28:15.440  3314  3638 I ShellHsr: Audio: Loaded parameter a661a302-3052-4667-9151-94513fa05bd5 for Event 1059aeb3-6d1d-4fbf-96bd-d0d1ece5a14a.
06-14 14:28:15.440  3314  3638 I ShellHsr: Audio: Event Description created. Guid: 1059aeb3-6d1d-4fbf-96bd-d0d1ece5a14a
06-14 14:28:15.440  3314  3638 I ShellHsr: Audio: Loaded parameter 8085bfc4-2904-47f4-861a-4b68859958bf for Event ccbadab5-1f10-4206-8138-ecc31b4f25e7.
06-14 14:28:15.440  3314  3638 I ShellHsr: Audio: Event Description created. Guid: ccbadab5-1f10-4206-8138-ecc31b4f25e7
06-14 14:28:15.440  3314  3638 I ShellHsr: Audio: Event Description created. Guid: dc5c69c7-8dfe-4049-99a8-8eb4899e23c0
06-14 14:28:15.440  3314  3638 I ShellHsr: Audio: Event Description created. Guid: 2e299acc-5d59-4d12-8816-7b6d3d0bd254
06-14 14:28:15.440  3314  3638 I ShellHsr: Audio: Loaded parameter 8085bfc4-2904-47f4-861a-4b68859958bf for Event d56f8bd4-0604-4468-aaec-d70676b54722.
06-14 14:28:15.440  3314  3638 I ShellHsr: Audio: Loaded parameter 10b00b32-63fd-4325-8e47-b3cd2d6b8706 for Event d56f8bd4-0604-4468-aaec-d70676b54722.
06-14 14:28:15.440  3314  3638 I ShellHsr: Audio: Event Description created. Guid: d56f8bd4-0604-4468-aaec-d70676b54722
06-14 14:28:15.440  3314  3638 I ShellHsr: Audio: Event Description created. Guid: f01390e9-d8a4-4418-ab19-96bd313f010b
06-14 14:28:15.440  3314  3638 I ShellHsr: Audio: Loaded parameter 8085bfc4-2904-47f4-861a-4b68859958bf for Event 4119b7fd-1546-486d-bffa-33d52c17b9dc.
06-14 14:28:15.440  3314  3638 I ShellHsr: Audio: Event Description created. Guid: 4119b7fd-1546-486d-bffa-33d52c17b9dc
06-14 14:28:15.440  3314  3638 I ShellHsr: Audio: Loaded parameter 10b00b32-63fd-4325-8e47-b3cd2d6b8706 for Event 3d548efe-44b6-4d52-8ade-5fd379aa1945.
06-14 14:28:15.440  3314  3638 I ShellHsr: Audio: Loaded parameter a661a302-3052-4667-9151-94513fa05bd5 for Event 3d548efe-44b6-4d52-8ade-5fd379aa1945.
06-14 14:28:15.440  3314  3638 I ShellHsr: Audio: Event Description created. Guid: 3d548efe-44b6-4d52-8ade-5fd379aa1945
06-14 14:28:15.440  3314  3638 I ShellHsr: Audio: Bank 4fa6a10c-099d-4000-a615-d799de743b6e has 17 buses.
06-14 14:28:15.440  3314  3638 I ShellHsr: Audio: Loaded bank 4fa6a10c-099d-4000-a615-d799de743b6e
06-14 14:28:15.446  3314  3638 I Shell   : ImmersiveTransitionSystem: Received HsrEnvironmentEvent isEnabled: 1
06-14 14:28:15.446  3314  3638 I Shell   : HomeLocomotionSystem::teleportPlayerToLoadPosition teleportPlayerToMatchingSpawnPoint with tag local and spawn seed (Session ID) -1
06-14 14:28:15.446  3314  3638 I ShellHsr: Gameplay: SpawnPointManager::pickSpawnPointForWorldSpawn; Picking the only matching spawn point: 0 0 -0.6
06-14 14:28:15.447  3314  3638 I ShellHsr: Shell: EnvironmentSystem::send kVistaEnterEffectStartEvent.
06-14 14:28:15.447  3314  3638 I ShellHsr: Simulation: FogTravelComponent::Received kVistaEnterEffectStartEvent for vista 'apk://com.meta.shell.env.vista.central/assets/scene.zip'.
06-14 14:28:15.447  3314  3638 I ShellHsr: Asset: Unregistering asset loader 'LooseFileAssetLoader' from asset context 0
06-14 14:28:15.447  3314  3638 I Shell   : closing archive: com.meta.shell.env.footprint.haven2025/assets/scene.zip (46.zip)
06-14 14:28:15.451  3314  3638 I ShellHsr: Asset: Unregistering asset loader 'LooseFileAssetLoader' from asset context 0
06-14 14:28:15.452  3314  3638 I Shell   : closing archive: com.meta.shell.env.vista.central/assets/scene.zip (47.zip)
06-14 14:28:15.458  3314  3638 I Shell   : EnvironmentSystem: Hsr environment loaded, Footprint: apk://com.meta.shell.env.footprint.haven2025/assets/scene.zip, Vista: apk://com.meta.shell.env.vista.central/assets/scene.zip
06-14 14:28:15.458  3314  3638 I [SEO] HPIManagementSystem: HPIManagementSystem: VR environment status changed, fetching VR environment locators, 2 locators fetched.
06-14 14:28:15.459  3314  3638 I [SEO] EnvironmentManager: Environment loaded, force update IREnvironmentData to ensure ShellEnv get latest data
06-14 14:28:15.459  3314  3638 I [SEO] TravelController: OnEnvironmentStatusChanged: loadState: 2, (env: apk://com.meta.shell.env.footprint.haven2025/assets/scene.zip, vista: apk://com.meta.shell.env.vista.central/assets/scene.zip currentTravelState: World Loading)
06-14 14:28:15.459  3314  3638 I [SEO] TransitionsController: OnEnvironmentStatusChanged:: environmentLoaded: [true]
06-14 14:28:15.459  3314  3638 I [SEO] TransitionsController: DelayEndHomeTransition: EndImmersiveTransition for VR Home World
06-14 14:28:15.459  3314  3638 I [SEO] TransitionsController: EndTravelPathway success=1 forceExit=0
06-14 14:28:15.459  3314  3638 I Shell   : ImmersiveTransitionSystem: Emplacing end request for current transition
06-14 14:28:15.459  3314  3638 I Shell   : ImmersiveTransitionSystem : immersive transition event: init=2e+12  sh=CTTI,CTIS,FETR,BETR,CTIA,CTIN,CTTI,CTIS,ENTR,CTTO,CTIA,BETR,CTIN,CTTI,CTIS,ENTR  sct=3d7f46af,3d7f4912,3d7f9ca5,3d7f9ca6,3d7f9cc1,3d7f9ccf,3d7f9d1a,3d7f9f7c,3d7fa52b,3d7fa537,3d7fa913,3d8021f7,3d802286,3d8022a4,3d8024fc,3d802818,
06-14 14:28:15.459  3314  3638 I Shell   : HsrSoundSystem::playOneShotSound2D for GUID 29940c7f-33f0-4309-92f3-02f080f0f6fb with event name vistaSwapOut
06-14 14:28:15.459  3314  3638 I Shell   : EnvironmentSystem : env state changed: init=2e+12  sh=ENVR,ULOD,VIST,ENVR,PASS,ENVR,ULOD,VIST,ULOD,VIST,ENVR,PASS,ENVR,ULOD,VIST,ENVR  sct=3d4cd998,3d4d0402,3d5e57f0,3d5e5ffd,3d5fe99f,3d5fe9ec,3d5fecd0,3d6cb723,3d6cb772,3d700dd1,3d7013c6,3d704cbe,3d704d11,3d704f9d,3d802255,3d802818,  envEnabled=1
06-14 14:28:15.459  3314  3638 I Shell   : ImmersiveTransitionSystem: Processing end request
06-14 14:28:15.459  3314  3638 I Shell   : ImmersiveTransitionSystem : immersive transition event: init=2e+12  sh=CTIS,FETR,BETR,CTIA,CTIN,CTTI,CTIS,ENTR,CTTO,CTIA,BETR,CTIN,CTTI,CTIS,ENTR,CTTO  sct=3d7f4912,3d7f9ca5,3d7f9ca6,3d7f9cc1,3d7f9ccf,3d7f9d1a,3d7f9f7c,3d7fa52b,3d7fa537,3d7fa913,3d8021f7,3d802286,3d8022a4,3d8024fc,3d802818,3d802818,
06-14 14:28:15.459  3314  3638 I Shell   : HsrSoundSystem::playEventSound2D for GUID bfd5fea8-0e8e-45d0-b27c-5cb14aa61280 with event name transitionDepthWipe
06-14 14:28:15.459  3314  3638 I Shell   : TransitionAudioManager: Playing pathway event transitionDepthWipe with ID transitionDepthWipe
06-14 14:28:15.459  3314  3638 I Shell   : ImmersiveTransitionSystem: Changed state from Interstitial to TransitionOut
06-14 14:28:15.459  3314  3638 I Shell   : TransitionDestinationPreviewManager: Destination Preview visibility set to 0
06-14 14:28:15.459  3314  3638 I Shell   : TransitionDestinationPreviewManager: clearDestinationPreviewAssets: TravelPortal default texture set to Asset ID 484424336704
06-14 14:28:15.460  3314  3638 I Shell   : TransitionDestinationPreviewManager: clearDestinationPreviewAssets: TravelPortal texture cleared to default texture: Asset ID 484424336704
06-14 14:28:15.464  3314  3638 I ShellHsr: Config: ConfigChanged: horizon::comfort_aid::ComfortAidConfig v29 (LocalConfigChange)
06-14 14:28:15.464  3314  3638 I ShellHsr: Config: ConfigChanged: horizon::avatars_core::AvatarsCoreConfig v60 (LocalConfigChange)
06-14 14:28:15.464  3314  3638 I ShellHsr: Config: ConfigChanged: horizon::avatar::AvatarConfig v29 (LocalConfigChange)
06-14 14:28:15.467  3314  3638 W ShellHsr: Material: Texture parameter '_FallbackThumbnail' does not exist on material 'meta/portal_assets@shaders/PortalMain.surface:shader'. Skipping this parameter...
06-14 14:28:15.467  3314  3638 W ShellHsr: Material: Texture parameter '_FallbackThumbnail' does not exist on material 'meta/portal_assets@shaders/PortalGlow.surface:shader'. Skipping this parameter...
06-14 14:28:15.467  3314  3638 W ShellHsr: Material: Texture parameter '_FallbackThumbnail' does not exist on material 'meta/portal_assets@shaders/PortalMain.surface:shader'. Skipping this parameter...
06-14 14:28:15.467  3314  3638 W ShellHsr: Material: Texture parameter '_FallbackThumbnail' does not exist on material 'meta/portal_assets@shaders/PortalMain.surface:shader'. Skipping this parameter...
06-14 14:28:15.480  3314  3638 E ShellHsr: World: Cannot add tracked component horizon::ColorComponent to entity 1193880 after initialization - falling back to addAsUntracked()
06-14 14:28:15.482  3314  3638 I Shell   : EnvironmentSystem: Vista 'apk://com.meta.shell.env.vista.central/assets/scene.zip' sublevel activated
06-14 14:28:15.482  3314  3638 E ShellHsr: World: Cannot add tracked component horizon::ColorComponent to entity 1193880 after initialization - falling back to addAsUntracked()
06-14 14:28:15.497  3314  3638 E ShellHsr: World: Cannot add tracked component horizon::ColorComponent to entity 1193880 after initialization - falling back to addAsUntracked()
06-14 14:28:15.499  2712  5474 I [CT]    : PTApiClients: 1/1:com.oculus.vrshell,PT=1,EnvDepth=0,VrMode=1,LCnt=0/2(rec=0,proj=0,bg=0),SppMeshes=1(vs=4,ts=2),SppInst=1(vs=4,ts=2),NS=0,Sty=0
06-14 14:28:15.514  3314  3638 E ShellHsr: World: Cannot add tracked component horizon::ColorComponent to entity 1193880 after initialization - falling back to addAsUntracked()
06-14 14:28:15.521  3314  3638 E ShellHsr: World: Cannot add tracked component horizon::ColorComponent to entity 1193880 after initialization - falling back to addAsUntracked()
06-14 14:28:15.522  3314  3638 I OpenXR_Anchor: executeAnchorQueries: split anchor query enabled
06-14 14:28:15.531  3314  3638 E ShellHsr: World: Cannot add tracked component horizon::ColorComponent to entity 1193880 after initialization - falling back to addAsUntracked()
06-14 14:28:15.541  3314  3638 E ShellHsr: World: Cannot add tracked component horizon::ColorComponent to entity 1193880 after initialization - falling back to addAsUntracked()
06-14 14:28:15.553  3314  3638 E ShellHsr: World: Cannot add tracked component horizon::ColorComponent to entity 1193880 after initialization - falling back to addAsUntracked()
06-14 14:28:15.564  3314  3638 E ShellHsr: World: Cannot add tracked component horizon::ColorComponent to entity 1193880 after initialization - falling back to addAsUntracked()
06-14 14:28:15.577  3314  3638 E ShellHsr: World: Cannot add tracked component horizon::ColorComponent to entity 1193880 after initialization - falling back to addAsUntracked()
06-14 14:28:15.590  3314  3638 E ShellHsr: World: Cannot add tracked component horizon::ColorComponent to entity 1193880 after initialization - falling back to addAsUntracked()
06-14 14:28:15.599  3314  3638 E ShellHsr: World: Cannot add tracked component horizon::ColorComponent to entity 1193880 after initialization - falling back to addAsUntracked()
06-14 14:28:15.608  3314  3638 E ShellHsr: World: Cannot add tracked component horizon::ColorComponent to entity 1193880 after initialization - falling back to addAsUntracked()
06-14 14:28:15.611  1088  1088 E libosutils: Failed to get real path of file '/sys/class/power_supply/bq27z561-0/fct', err: No such file or directory
06-14 14:28:15.612  1088  1088 E libosutils: Failed to get real path of file '/sys/class/power_supply/bq27z561-0/fct_state', err: No such file or directory
06-14 14:28:15.619  3314  3638 E ShellHsr: World: Cannot add tracked component horizon::ColorComponent to entity 1193880 after initialization - falling back to addAsUntracked()
06-14 14:28:15.630  3314  3638 E ShellHsr: World: Cannot add tracked component horizon::ColorComponent to entity 1193880 after initialization - falling back to addAsUntracked()
06-14 14:28:15.630  3314  3638 I OpenXR_Anchor: executeAnchorQueries: split anchor query enabled
06-14 14:28:15.641  3314  3638 E ShellHsr: World: Cannot add tracked component horizon::ColorComponent to entity 1193880 after initialization - falling back to addAsUntracked()
06-14 14:28:15.652  3314  3638 E ShellHsr: World: Cannot add tracked component horizon::ColorComponent to entity 1193880 after initialization - falling back to addAsUntracked()
06-14 14:28:15.663  3314  3638 E ShellHsr: World: Cannot add tracked component horizon::ColorComponent to entity 1193880 after initialization - falling back to addAsUntracked()
06-14 14:28:15.669  1257  1409 I MRSS    : MIXEDREALITY: CapabilityTelemetry: Found a stat too old, resetting it.
06-14 14:28:15.674  3314  3638 E ShellHsr: World: Cannot add tracked component horizon::ColorComponent to entity 1193880 after initialization - falling back to addAsUntracked()
06-14 14:28:15.685  3314  3638 E ShellHsr: World: Cannot add tracked component horizon::ColorComponent to entity 1193880 after initialization - falling back to addAsUntracked()
06-14 14:28:15.696  3314  3638 E ShellHsr: World: Cannot add tracked component horizon::ColorComponent to entity 1193880 after initialization - falling back to addAsUntracked()
06-14 14:28:15.708  3314  3638 E ShellHsr: World: Cannot add tracked component horizon::ColorComponent to entity 1193880 after initialization - falling back to addAsUntracked()
06-14 14:28:15.719  3314  3638 E ShellHsr: World: Cannot add tracked component horizon::ColorComponent to entity 1193880 after initialization - falling back to addAsUntracked()
06-14 14:28:15.730  3314  3638 E ShellHsr: World: Cannot add tracked component horizon::ColorComponent to entity 1193880 after initialization - falling back to addAsUntracked()
06-14 14:28:15.731  3314  3638 I OpenXR_Anchor: executeAnchorQueries: split anchor query enabled
06-14 14:28:15.741  3314  3638 E ShellHsr: World: Cannot add tracked component horizon::ColorComponent to entity 1193880 after initialization - falling back to addAsUntracked()
06-14 14:28:15.745  4255 22026 I AutoStationaryHelper: [AutoStationaryHelper::getGuardianDataFromNearbyRoomscale] Checking 1 existing guardian data
06-14 14:28:15.745  4255 22026 I GuardianMapDataMgr: [GuardianMapDataMgr::isValidTrackedRoomscale] [1217868778] Valid=yes, Roomscale=yes, Anchor [6008fb15-f60f-454e-d96c-6d583cc528a4] Tracked=yes
06-14 14:28:15.745  4255 22026 I AutoStationaryHelper: [AutoStationaryHelper::getGuardianDataFromNearbyRoomscale] [1217868778] Distance to HMD: 2.701422
06-14 14:28:15.753  3314  3638 E ShellHsr: World: Cannot add tracked component horizon::ColorComponent to entity 1193880 after initialization - falling back to addAsUntracked()
06-14 14:28:15.764  3314  3638 E ShellHsr: World: Cannot add tracked component horizon::ColorComponent to entity 1193880 after initialization - falling back to addAsUntracked()
06-14 14:28:15.775  3314  3638 E ShellHsr: World: Cannot add tracked component horizon::ColorComponent to entity 1193880 after initialization - falling back to addAsUntracked()
06-14 14:28:15.787  3314  3638 E ShellHsr: World: Cannot add tracked component horizon::ColorComponent to entity 1193880 after initialization - falling back to addAsUntracked()
06-14 14:28:15.796   956  1033 I DUMPSYS_LOG: {"additional_data":{"camera_fps":[{"fps":39.49766508367928,"frames":395,"id":0},{"fps":39.49766508367928,"frames":395,"id":1},{"fps":39.49766508367928,"frames":395,"id":2},{"fps":39.49766508367928,"frames":395,"id":3}]},"event":"CameraFPS","service":"SensorService","tid":"529506097968","ts":1781472495796707,"ts_proc":24305670630}
06-14 14:28:15.797  3314  3638 E ShellHsr: World: Cannot add tracked component horizon::ColorComponent to entity 1193880 after initialization - falling back to addAsUntracked()
06-14 14:28:15.799   902  1456 I PAL: SessionAlsaPcm: setParameters: 2515: mixer set module config status=0
--------- beginning of kernel
06-14 14:28:15.733     0     0 W healthd : battery l=96 v=4155 t=35.0 h=2 st=3 c=-1562294 fc=4411000 cc=102 chg=u
06-14 14:28:15.801  1807  1807 D BatteryUsageBroadcastReceiver: onReceive:android.intent.action.BATTERY_LEVEL_CHANGED
06-14 14:28:15.801  1807  1807 D BatteryUsageBroadcastReceiver: fetch data because of event: ACTION_BATTERY_LEVEL_CHANGED
06-14 14:28:15.809  3314  3638 E ShellHsr: World: Cannot add tracked component horizon::ColorComponent to entity 1193880 after initialization - falling back to addAsUntracked()
06-14 14:28:15.809  1504  1548 E system_server: Cannot obtain CPU frequency count
06-14 14:28:15.809  1504  1548 E system_server: Cannot obtain CPU frequency count
06-14 14:28:15.809  1504  1548 E system_server: Cannot obtain CPU frequency count
06-14 14:28:15.809  1504  1548 E system_server: Cannot read thread CPU times for PID 1504
06-14 14:28:15.810  2712  5474 I [CT]    : MIXEDREALITY: PassthroughApiManager: GetUpdatedLayerState: (every 2 seconds) PT is: ON numLayers: 0
06-14 14:28:15.819  3314  3638 E ShellHsr: World: Cannot add tracked component horizon::ColorComponent to entity 1193880 after initialization - falling back to addAsUntracked()
06-14 14:28:15.830  3314  3638 E ShellHsr: World: Cannot add tracked component horizon::ColorComponent to entity 1193880 after initialization - falling back to addAsUntracked()
06-14 14:28:15.831  3314  3638 I OpenXR_Anchor: executeAnchorQueries: split anchor query enabled
06-14 14:28:15.841  3314  3638 E ShellHsr: World: Cannot add tracked component horizon::ColorComponent to entity 1193880 after initialization - falling back to addAsUntracked()
06-14 14:28:15.850  5800  6078 I ExtractShader: [onAppGone] crowdsourcing enabled: false
06-14 14:28:15.852  3314  3638 E ShellHsr: World: Cannot add tracked component horizon::ColorComponent to entity 1193880 after initialization - falling back to addAsUntracked()
06-14 14:28:15.863  3314  3638 E ShellHsr: World: Cannot add tracked component horizon::ColorComponent to entity 1193880 after initialization - falling back to addAsUntracked()
06-14 14:28:15.875  3314  3638 E ShellHsr: World: Cannot add tracked component horizon::ColorComponent to entity 1193880 after initialization - falling back to addAsUntracked()
06-14 14:28:15.888  5800  5858 I ForegroundAppHandler: Changing in focus immersive app from (com.terrymaloney.ziptide) to ()
06-14 14:28:15.889  3314  3638 E ShellHsr: World: Cannot add tracked component horizon::ColorComponent to entity 1193880 after initialization - falling back to addAsUntracked()
06-14 14:28:15.898  3314  3638 E ShellHsr: World: Cannot add tracked component horizon::ColorComponent to entity 1193880 after initialization - falling back to addAsUntracked()
06-14 14:28:15.908  3314  3638 E ShellHsr: World: Cannot add tracked component horizon::ColorComponent to entity 1193880 after initialization - falling back to addAsUntracked()
06-14 14:28:15.920  3314  3638 E ShellHsr: World: Cannot add tracked component horizon::ColorComponent to entity 1193880 after initialization - falling back to addAsUntracked()
06-14 14:28:15.938  3314  3638 E ShellHsr: World: Cannot add tracked component horizon::ColorComponent to entity 1193880 after initialization - falling back to addAsUntracked()
06-14 14:28:15.939  3314  3638 I OpenXR_Anchor: executeAnchorQueries: split anchor query enabled
06-14 14:28:15.949  3314  3638 E ShellHsr: World: Cannot add tracked component horizon::ColorComponent to entity 1193880 after initialization - falling back to addAsUntracked()
06-14 14:28:15.960  3314  3638 E ShellHsr: World: Cannot add tracked component horizon::ColorComponent to entity 1193880 after initialization - falling back to addAsUntracked()
06-14 14:28:16.013   952  5441 I VD628x  : Flicker results: freq 100.000000, max 99.824989, dcr 31.475769, pct 0.059768, idx 0.009430, conf 0.208786, snr -4.438168, svm 0.046358, sus 1
06-14 14:28:16.031  3314  5453 I VrApi   : FPS=74/90,Prd=45ms,Tear=0,Early=23,Stale=51,Stale2/5/10/max=0/0/2/741,VSnc=1,Lat=-4,Fov=0,CPU4/GPU=0/0,2361/456MHz,OC=3F,TA=0/0/0,SP=N/N/N,Mem=2736MHz,Free=3477MB,PLS=0,Temp=35.0C/0.0C,TW=1.22ms,App=4.77ms,GD=0.00ms,CPU&GPU=16.23ms,LCnt=2(DR41,LM2),GPU%=0.43,CPU%=0.76(W0.78),CFL=11.47/16.03,ICFLp95=14.63,LD=0,SF=1.00,LP=0,DVFS=0,Preempt=196,PoseAgeP95=0.00
06-14 14:28:16.031  3314  5453 I VrApi   : ASW=24,Type=PTWFromStereo,E=0.000/0.000,D=0.000/0.000
06-14 14:28:16.033  3314  3638 I OpenXR_Anchor: executeAnchorQueries: split anchor query enabled
06-14 14:28:16.044  3314  3638 I [SEO] TravelController: OnTravelPathwayEnd: success: true TravelState:World Loading
06-14 14:28:16.044  3314  3638 I [SEO] TravelController: OnTravelSuccess: for World: 23962112766754633. Cleaning up state.
06-14 14:28:16.044  3314  3638 I [SEO] WorldManager: Requesting world change to World: 23962112766754633
06-14 14:28:16.044  3314  3638 I [SEO] PanelToggleController: Visibility toggled from false to true, reason system-initiated, source HomeTravelComplete, force hide false
06-14 14:28:16.044  3314  3638 I [SEO] TravelController: LogTravelStateChange: from current state: World Loading to state: Inactive  currentWorldId: [23962112766754633]
06-14 14:28:16.044  3314  3638 I Shell   : ImmersiveTransitionSystem : immersive transition event: init=2e+12  sh=FETR,BETR,CTIA,CTIN,CTTI,CTIS,ENTR,CTTO,CTIA,BETR,CTIN,CTTI,CTIS,ENTR,CTTO,CTIA  sct=3d7f9ca5,3d7f9ca6,3d7f9cc1,3d7f9ccf,3d7f9d1a,3d7f9f7c,3d7fa52b,3d7fa537,3d7fa913,3d8021f7,3d802286,3d8022a4,3d8024fc,3d802818,3d802818,3d802a61,
06-14 14:28:16.047  3314  3638 I Shell   : TransitionRenderSurfaceManager: Unregistering attachment swap before destroying layer
06-14 14:28:16.047  3314  3638 I ShellHsr: Renderer: MHE internal image wrapping external resource destroyed.  Vulkan image: 0x70aaeabd00  Format: R8G8B8A8Srgb  Dimensions: 1680x1760x1  Mip count: 1  Sample count: 1
06-14 14:28:16.047  3314  3638 I ShellHsr: Renderer: MHE internal image wrapping external resource destroyed.  Vulkan image: 0x70aaeab800  Format: R8G8B8A8Srgb  Dimensions: 1680x1760x1  Mip count: 1  Sample count: 1
06-14 14:28:16.047  3314  3638 I ShellHsr: Renderer: MHE internal image wrapping external resource destroyed.  Vulkan image: 0x70aaeab300  Format: R8G8B8A8Srgb  Dimensions: 1680x1760x1  Mip count: 1  Sample count: 1
06-14 14:28:16.047  3314  3638 I Shell   : ImmersiveTransitionSystem: Changed state from TransitionOut to Inactive
06-14 14:28:16.055  3314  3638 I [SEO] VrShellDesktopBase: Foreground desktop Spatial
06-14 14:28:16.055  3314  3638 I [SEO] PerformanceController: Sending Desktop Visibility Signal: 1
06-14 14:28:16.055  4255  5095 I VrGuardianService: com.oculus.vrshell -> GuardianSDKServer::SetTravelAndTransitionsInfoNoWait: isAppTransitionActive false, isWorldTravelActive false, travelDestinationWorldId 
06-14 14:28:16.055  3314  3638 I [SEO] PerformanceController: Sending Transitions State Signal: 0
06-14 14:28:16.055  4255  5095 I GuardianInterstitialRequestsHandler: [GuardianInterstitialRequestsHandler::setTravelAndTransitionsInfo] isAppTransitionActive: false, isWorldTravelActive: false, travelDestinationWorldId: 
06-14 14:28:16.055  4255  5095 I VrGuardianService: com.oculus.vrshell -> GuardianSDKServer::SetShellWorldManagerInfo to 3, com.oculus.vrshell
06-14 14:28:16.055  3314  3638 I [SEO] WorldManager: Frame: Setting world id to [23962112766754633] topActivity: [com.oculus.vrshell]
06-14 14:28:16.056  3314  3638 I [SEO] WorldManager: Processing world change OLD:  type 3 NEW: 23962112766754633 type 0
06-14 14:28:16.056  3314  3638 I [SEO] WorldManager: SetMRHomeWorldPassthrough, enable: 0, reason world id is set as non mr home world
06-14 14:28:16.056  3314  3638 D [SEO] 00F: Updating active world id to 23962112766754633 with type 0
--------- beginning of system
06-14 14:28:16.057  1504  3844 I WorldManagerService: Added World 23962112766754633 to the recent worlds stack
06-14 14:28:16.057  1504  3844 I WorldManagerService: Setting active world with ID: 23962112766754633 and tpye: 0
06-14 14:28:16.058  3314  3638 V [SEO] 07O: updateActiveWorld id: 23962112766754633 isWorldActive:true
06-14 14:28:16.059  3314  3638 I OpenXR_Performance: xrPerfSettingsSetPerformanceLevelEXT [package=com.oculus.vrshell, domain=cpu, level=sustained high]
06-14 14:28:16.059  3314  3638 I OpenXR_Performance: xrPerfSettingsSetPerformanceLevelEXT [package=com.oculus.vrshell, domain=gpu, level=sustained high]
06-14 14:28:16.059  3314  3638 I [SEO] AnchoringExperience: Setting anchoring active state to true, reason: Active
06-14 14:28:16.059 26603 26603 I [JITE] JITEducationEventReceiver: Received event: com.oculus.intent.action.WORLD_CHANGE
06-14 14:28:16.059 26603 26603 I [JITE] JITEducationEventReceiver: Notifying JITEducationService with event: com.oculus.intent.action.WORLD_CHANGE
06-14 14:28:16.059  3314  3638 I [SEO] PanelTetheringExperience: Setting tethering active true, reason: Active
06-14 14:28:16.061  3314  3638 I [SEO] SystemTaskBar: UpdateVisibility(Spatial, 0)
06-14 14:28:16.061  3314  3638 W [SEO] SystemTaskBar: Cancelling ShowTaskBarLayers: taskBarLayers not initialized
06-14 14:28:16.061  3314  3638 I [SEO] AnchoringSystem: Detected transition: space Empty to VR World 15746172486433180559 isAnchoringActive 1
06-14 14:28:16.061  3314  3638 I [SEO] AnchoringSystem: Found matching behavior apps
06-14 14:28:16.061  3314  3638 I [SEO] AnchoringSystem: Anchorable com.oculus.igvr/com.oculus.igvr.IgvrHomeWorldCanvasActivity already exists, persistence id 1d517862-686d-657f-9119-f6b03cb5c78f [com.oculus.igvr/com.oculus.igvr.IgvrHomeWorldCanvasActivity]
06-14 14:28:16.061  3314  3638 I [SEO] AnchoringSystem: Found matching behavior hpi_data
