06-14 14:28:22.982   956  1827 I XrCameraHal: XrStreamManager.cpp:stopStreaming: Camera (logical) 6 stopStreaming completed successfully, running_ is now 0
06-14 14:28:22.982   956  1827 I XrCameraHal: XrCameraPhysical.cpp:Stop: Camera 5 Stop successful, state changed to Stopped
06-14 14:28:22.982   956  1827 I libcamerahal: CameraBase::StopCamera: Camera 5 Stop() returned 1 (forceStop=0)
06-14 14:28:22.916     0     0 I CAM_INFO: CAM-ISP: __cam_isp_ctx_flush_req_in_top_state: 6201 Last request id to flush is 63, ctx_id:2
06-14 14:28:22.916     0     0 I CAM_INFO: CAM-ISP: __cam_isp_ctx_flush_req_in_top_state: 6223 Stop HW complete. Reset HW next.
06-14 14:28:22.916     0     0 I CAM_INFO: CAM-ISP: __cam_isp_ctx_flush_req_in_top_state: 6201 Last request id to flush is 63, ctx_id:3
06-14 14:28:22.917     0     0 I CAM_INFO: CAM-ISP: __cam_isp_ctx_flush_req_in_top_state: 6223 Stop HW complete. Reset HW next.
06-14 14:28:22.917     0     0 I CAM_WARN: CAM-CORE: cam_context_handle_flush_dev: 547 No flush device in dev 12517655, state 4
06-14 14:28:22.985   934   960 I SyncBossFW: 5749977 [info   ] {GCM }: general_cam_mgr_stop_streaming for cameras 0x30
06-14 14:28:22.989   934   960 I SyncBossFW: 5749981 [info   ] {GCM }: general_cam_mgr_deinit for cameras 0x30
06-14 14:28:23.013   956  1827 I XrCameraHal: XrCameraPhysical.cpp:DisableCamera: Camera 4 DisableCamera
06-14 14:28:23.013   956  1827 I XrCameraHal: Xr3AManager.cpp:onCameraDisabled: Camera 4 disabled for 3A processing
06-14 14:28:23.013   956  1827 I XrCameraHal: XrFrameDistributor.cpp:onDisableCamera: Camera 6: onDisableCamera for physical camera 4
06-14 14:28:23.013   956  1827 I XrCameraHal: XrCameraPhysical.cpp:DisableCamera: Camera 5 DisableCamera
06-14 14:28:23.013   956  1827 I XrCameraHal: Xr3AManager.cpp:onCameraDisabled: Camera 5 disabled for 3A processing
06-14 14:28:23.013   956  1827 I XrCameraHal: XrFrameDistributor.cpp:onDisableCamera: Camera 6: onDisableCamera for physical camera 5
06-14 14:28:23.013   956  1827 I XrCameraHal: XrStreamManager.cpp:teardownStreams: Camera (logical) 6 Camera teardownStreams()
06-14 14:28:23.013   956  1827 I XrCameraHal: XrStreamManager.cpp:teardownStreams: Camera (logical) 6 Camera close()
06-14 14:28:23.014   903   903 I SDM     : ResourceImpl::SetMaxBandwidthMode: new bandwidth mode=0
06-14 14:28:23.014   903   903 I SDM     : ResourceAlloc::SetMaxBandwidthMode: new bandwidth mode=0
06-14 14:28:22.917     0     0 I CAM_WARN: CAM-CORE: cam_context_handle_flush_dev: 547 No flush device in dev 7864603, state 4
06-14 14:28:22.950     0     0 I CAM_WARN: CAM-CORE: cam_context_handle_flush_dev: 547 No flush device in dev 12517655, state 4
06-14 14:28:22.950     0     0 I CAM_WARN: CAM-CORE: cam_context_handle_flush_dev: 547 No flush device in dev 7864603, state 4
06-14 14:28:22.950     0     0 I CAM_WARN: CAM-CORE: cam_context_handle_flush_dev: 547 No flush device in dev 12517655, state 4
06-14 14:28:22.950     0     0 I CAM_WARN: CAM-CORE: cam_context_handle_flush_dev: 547 No flush device in dev 7864603, state 4
06-14 14:28:22.952     0     0 I CAM_INFO: CAM-SENSOR: cam_sensor_driver_cmd: 1391 21:28:23.16 CAM_STOP_DEV Success for imx471 sensor_id:0x471,sensor_slave_addr:0x34
06-14 14:28:22.953     0     0 I CAM_INFO: CAM-ISP: cam_ife_mgr_release_hw: 11425 21:28:23.17 Release HW success ctx id: 2
06-14 14:28:22.955     0     0 I CAM_INFO: CAM-SENSOR: cam_sensor_driver_cmd: 1391 21:28:23.19 CAM_STOP_DEV Success for imx471 sensor_id:0x471,sensor_slave_addr:0x34
06-14 14:28:22.955     0     0 I CAM_INFO: CAM-ISP: cam_ife_mgr_release_hw: 11425 21:28:23.19 Release HW success ctx id: 3
06-14 14:28:23.032  3314  5453 I VrApi   : FPS=91/90,Prd=31ms,Tear=0,Early=0,Stale=0,Stale2/5/10/max=0/0/0/0,VSnc=1,Lat=-4,Fov=0,CPU4/GPU=0/0,2361/421MHz,OC=3F,TA=0/0/0,SP=N/N/N,Mem=3196MHz,Free=3477MB,PLS=0,Temp=35.0C/0.0C,TW=0.88ms,App=5.82ms,GD=0.00ms,CPU&GPU=15.17ms,LCnt=4(DR0,LM0),GPU%=0.63,CPU%=0.41(W0.48),CFL=11.75/15.24,ICFLp95=13.88,LD=0,SF=1.00,LP=0,DVFS=0,ShrpLCnt=1,ShrpR=0.000,SSLCnt=1/2,Preempt=360,PoseAgeP95=0.00
06-14 14:28:23.032  3314  5453 I VrApi   : ASW=0,Type=PTWFromStereo,E=0.000/0.000,D=0.000/0.000
06-14 14:28:23.040  3314  3638 I OpenXR_Anchor: executeAnchorQueries: split anchor query enabled
06-14 14:28:22.959     0     0 I CAM_INFO: CAM-SENSOR: cam_sensor_driver_cmd: 1270 CAM_RELEASE_DEV Success for imx471 sensor_id:0x471, slave_addr:0x34
06-14 14:28:23.060   956  1827 I CamX    : [ DUMP][HAL    ] camxhaldevice.cpp:3997 PrintErrorSummary() ==================================================================================
06-14 14:28:23.060   956  1827 I CamX    : [ DUMP][HAL    ] camxhaldevice.cpp:3999 PrintErrorSummary() + Num Unknown Frame Error                   : 0
06-14 14:28:23.060   956  1827 I CamX    : [ DUMP][HAL    ] camxhaldevice.cpp:4001 PrintErrorSummary() + Num Unexpected Shutter                    : 59
06-14 14:28:23.060   956  1827 I CamX    : [ DUMP][HAL    ] camxhaldevice.cpp:4003 PrintErrorSummary() + Num Unexpected Request Error Notification : 0
06-14 14:28:23.060   956  1827 I CamX    : [ DUMP][HAL    ] camxhaldevice.cpp:4005 PrintErrorSummary() + Num Unexpected Buffer Error Notification  : 0
06-14 14:28:23.060   956  1827 I CamX    : [ DUMP][HAL    ] camxhaldevice.cpp:4007 PrintErrorSummary() + Num Unexpected Metadata Error Notification: 0
06-14 14:28:23.060   956  1827 I CamX    : [ DUMP][HAL    ] camxhaldevice.cpp:4009 PrintErrorSummary() + Num Unexpected Output buffer result       : 0
06-14 14:28:23.060   956  1827 I CamX    : [ DUMP][HAL    ] camxhaldevice.cpp:4011 PrintErrorSummary() + Num Unexpected metadata result            : 0
06-14 14:28:23.060   956  1827 I CamX    : [ DUMP][HAL    ] camxhaldevice.cpp:4012 PrintErrorSummary() ==================================================================================
06-14 14:28:23.060   956  1827 I XrCameraHal: XrStreamManager.cpp:teardownStreams: Camera (logical) 6 Camera close() complete
06-14 14:28:23.060   956  1827 I CameraClientManager: [[IOT(925)][ocal]] stream stop completed
06-14 14:28:23.060   956  1827 D CameraStream: [ocal] Client [IOT(925)]: stop complete
06-14 14:28:23.104  4746  5239 I DynamicObjectClient: Query Dynamic Object Tracker anchors
06-14 14:28:23.104  4746  5239 I DynamicObjectClient: Object in query has empty predictions or tracking flags
06-14 14:28:23.122  3314  4908 W ShellHsr: Renderer: RenderableFilter has 11 tags, which is more than 10. This is expected to be rare. If this becomes common, consider changing RenderableFilter logic to use something other than linear searches for filtering renderable tags (like registered bitsets).
06-14 14:28:23.152  3314  3638 I OpenXR_Anchor: executeAnchorQueries: split anchor query enabled
06-14 14:28:23.194  1261  1377 D parfait:service: Received TRACE_START memory_heartbeat:com.oculus.socialplatform:PeopleTab request
06-14 14:28:23.195  1261  1377 D parfait:tracing: Trigger scenario name: memory_heartbeat:com.oculus.socialplatform:PeopleTab
06-14 14:28:23.195  1261  1377 I parfait:tracing: Trigger scenario memory_heartbeat:com.oculus.socialplatform:PeopleTab not found in config, ignoring.
06-14 14:28:23.195  1261  1377 D parfait:logger: Dropping event /data/oculus/parfait/telemetry_logs/9c92db0f-3b37-af7f-458c-e8f87186ae20.log
06-14 14:28:23.251  3314  3638 I OpenXR_Anchor: executeAnchorQueries: split anchor query enabled
06-14 14:28:23.255   956 21531 I libcamerahal: [INSIGHTS][2.00s] recv/ret/req heartbeat: cam0: 75/75/0, cam1: 75/75/0, cam2: 75/75/0, cam3: 75/75/0
06-14 14:28:23.323  2712  5474 I LayerRender: Explicit geometry layer count: 1, in slice 0
06-14 14:28:23.351  3314  3638 I OpenXR_Anchor: executeAnchorQueries: split anchor query enabled
06-14 14:28:23.352   925  1921 I Tracking: TRACKING: MrHandClient: Color camera calibration refreshed IMX471, IMX471, i: 4 5, timestamp: 1781472503
06-14 14:28:23.451  3314  3638 I OpenXR_Anchor: executeAnchorQueries: split anchor query enabled
06-14 14:28:23.461   952  5441 I VD628x  : Flicker results: freq 100.000000, max 99.992714, dcr 33.773487, pct 0.043997, idx 0.008788, conf 0.130895, snr -6.595571, svm 0.045897, sus 1
06-14 14:28:23.473  4255 22026 I AutoStationaryHelper: [AutoStationaryHelper::getGuardianDataFromNearbyRoomscale] Checking 1 existing guardian data
06-14 14:28:23.473  4255 22026 I GuardianMapDataMgr: [GuardianMapDataMgr::isValidTrackedRoomscale] [1217868778] Valid=yes, Roomscale=yes, Anchor [6008fb15-f60f-454e-d96c-6d583cc528a4] Tracked=yes
06-14 14:28:23.473  4255 22026 I AutoStationaryHelper: [AutoStationaryHelper::getGuardianDataFromNearbyRoomscale] [1217868778] Distance to HMD: 2.701817
06-14 14:28:23.484   956  1033 E libsensortelemetry: imu samples delayed: 6668813ns capture to arrival (ERS limit: 3500000ns)
06-14 14:28:23.562  3314  3638 I OpenXR_Anchor: executeAnchorQueries: split anchor query enabled
06-14 14:28:23.605   925  1901 I Tracking: AnchorCacheDiskIo: Wrote Anchor Cache To Disk: 70 anchors 187 anchor loc edges 5 l1 loc edges
06-14 14:28:23.618   956  5419 W SensorService: Unknown packet type (32) received
06-14 14:28:23.631  3314  3347 I Shell   : [InputLayerSystem] ToggleForcedMirrorDisabled: 0
06-14 14:28:23.663  3314  3638 I OpenXR_Anchor: executeAnchorQueries: split anchor query enabled
06-14 14:28:23.663  4746  5238 I [CT]    : SP:SM:SceneManager: queryAvailableAnchors: maxAnchors: 500, filter: 0, queryMultipleRoomsEnabledByOpenXrVersion: true, source: 1, appId: com.oculus.vrshell
06-14 14:28:22.976     0     0 I CAM_INFO: CAM-SENSOR: cam_sensor_driver_cmd: 1270 CAM_RELEASE_DEV Success for imx471 sensor_id:0x471, slave_addr:0x34
06-14 14:28:23.657     0     0 I logd    : logdr: UID=2000 GID=2000 PID=6747 n tail=0 logMask=10099 pid=0 start=0ns deadline=0ns
